Archive member included to satisfy reference by file (symbol)

C:/ST/STM32CubeIDE_1.18.0/STM32CubeIDE/plugins/com.st.stm32cube.ide.mcu.externaltools.gnu-tools-for-stm32.13.3.rel1.win32_1.0.0.202411081344/tools/bin/../lib/gcc/arm-none-eabi/13.3.1/../../../../arm-none-eabi/lib/thumb/v6-m/nofp\libc_nano.a(libc_a-exit.o)
                              C:/ST/STM32CubeIDE_1.18.0/STM32CubeIDE/plugins/com.st.stm32cube.ide.mcu.externaltools.gnu-tools-for-stm32.13.3.rel1.win32_1.0.0.202411081344/tools/bin/../lib/gcc/arm-none-eabi/13.3.1/../../../../arm-none-eabi/lib/thumb/v6-m/nofp/crt0.o (exit)
C:/ST/STM32CubeIDE_1.18.0/STM32CubeIDE/plugins/com.st.stm32cube.ide.mcu.externaltools.gnu-tools-for-stm32.13.3.rel1.win32_1.0.0.202411081344/tools/bin/../lib/gcc/arm-none-eabi/13.3.1/../../../../arm-none-eabi/lib/thumb/v6-m/nofp\libc_nano.a(libc_a-findfp.o)
                              C:/ST/STM32CubeIDE_1.18.0/STM32CubeIDE/plugins/com.st.stm32cube.ide.mcu.externaltools.gnu-tools-for-stm32.13.3.rel1.win32_1.0.0.202411081344/tools/bin/../lib/gcc/arm-none-eabi/13.3.1/../../../../arm-none-eabi/lib/thumb/v6-m/nofp\libc_nano.a(libc_a-exit.o) (__stdio_exit_handler)
C:/ST/STM32CubeIDE_1.18.0/STM32CubeIDE/plugins/com.st.stm32cube.ide.mcu.externaltools.gnu-tools-for-stm32.13.3.rel1.win32_1.0.0.202411081344/tools/bin/../lib/gcc/arm-none-eabi/13.3.1/../../../../arm-none-eabi/lib/thumb/v6-m/nofp\libc_nano.a(libc_a-fwalk.o)
                              C:/ST/STM32CubeIDE_1.18.0/STM32CubeIDE/plugins/com.st.stm32cube.ide.mcu.externaltools.gnu-tools-for-stm32.13.3.rel1.win32_1.0.0.202411081344/tools/bin/../lib/gcc/arm-none-eabi/13.3.1/../../../../arm-none-eabi/lib/thumb/v6-m/nofp\libc_nano.a(libc_a-findfp.o) (_fwalk_sglue)
C:/ST/STM32CubeIDE_1.18.0/STM32CubeIDE/plugins/com.st.stm32cube.ide.mcu.externaltools.gnu-tools-for-stm32.13.3.rel1.win32_1.0.0.202411081344/tools/bin/../lib/gcc/arm-none-eabi/13.3.1/../../../../arm-none-eabi/lib/thumb/v6-m/nofp\libc_nano.a(libc_a-stdio.o)
                              C:/ST/STM32CubeIDE_1.18.0/STM32CubeIDE/plugins/com.st.stm32cube.ide.mcu.externaltools.gnu-tools-for-stm32.13.3.rel1.win32_1.0.0.202411081344/tools/bin/../lib/gcc/arm-none-eabi/13.3.1/../../../../arm-none-eabi/lib/thumb/v6-m/nofp\libc_nano.a(libc_a-findfp.o) (__sread)
C:/ST/STM32CubeIDE_1.18.0/STM32CubeIDE/plugins/com.st.stm32cube.ide.mcu.externaltools.gnu-tools-for-stm32.13.3.rel1.win32_1.0.0.202411081344/tools/bin/../lib/gcc/arm-none-eabi/13.3.1/../../../../arm-none-eabi/lib/thumb/v6-m/nofp\libc_nano.a(libc_a-vsnprintf.o)
                              ./Application/User/main.o (vsnprintf)
C:/ST/STM32CubeIDE_1.18.0/STM32CubeIDE/plugins/com.st.stm32cube.ide.mcu.externaltools.gnu-tools-for-stm32.13.3.rel1.win32_1.0.0.202411081344/tools/bin/../lib/gcc/arm-none-eabi/13.3.1/../../../../arm-none-eabi/lib/thumb/v6-m/nofp\libc_nano.a(libc_a-memset.o)
                              C:/ST/STM32CubeIDE_1.18.0/STM32CubeIDE/plugins/com.st.stm32cube.ide.mcu.externaltools.gnu-tools-for-stm32.13.3.rel1.win32_1.0.0.202411081344/tools/bin/../lib/gcc/arm-none-eabi/13.3.1/../../../../arm-none-eabi/lib/thumb/v6-m/nofp/crt0.o (memset)
C:/ST/STM32CubeIDE_1.18.0/STM32CubeIDE/plugins/com.st.stm32cube.ide.mcu.externaltools.gnu-tools-for-stm32.13.3.rel1.win32_1.0.0.202411081344/tools/bin/../lib/gcc/arm-none-eabi/13.3.1/../../../../arm-none-eabi/lib/thumb/v6-m/nofp\libc_nano.a(libc_a-closer.o)
                              C:/ST/STM32CubeIDE_1.18.0/STM32CubeIDE/plugins/com.st.stm32cube.ide.mcu.externaltools.gnu-tools-for-stm32.13.3.rel1.win32_1.0.0.202411081344/tools/bin/../lib/gcc/arm-none-eabi/13.3.1/../../../../arm-none-eabi/lib/thumb/v6-m/nofp\libc_nano.a(libc_a-stdio.o) (_close_r)
C:/ST/STM32CubeIDE_1.18.0/STM32CubeIDE/plugins/com.st.stm32cube.ide.mcu.externaltools.gnu-tools-for-stm32.13.3.rel1.win32_1.0.0.202411081344/tools/bin/../lib/gcc/arm-none-eabi/13.3.1/../../../../arm-none-eabi/lib/thumb/v6-m/nofp\libc_nano.a(libc_a-reent.o)
                              C:/ST/STM32CubeIDE_1.18.0/STM32CubeIDE/plugins/com.st.stm32cube.ide.mcu.externaltools.gnu-tools-for-stm32.13.3.rel1.win32_1.0.0.202411081344/tools/bin/../lib/gcc/arm-none-eabi/13.3.1/../../../../arm-none-eabi/lib/thumb/v6-m/nofp\libc_nano.a(libc_a-closer.o) (errno)
C:/ST/STM32CubeIDE_1.18.0/STM32CubeIDE/plugins/com.st.stm32cube.ide.mcu.externaltools.gnu-tools-for-stm32.13.3.rel1.win32_1.0.0.202411081344/tools/bin/../lib/gcc/arm-none-eabi/13.3.1/../../../../arm-none-eabi/lib/thumb/v6-m/nofp\libc_nano.a(libc_a-impure.o)
                              C:/ST/STM32CubeIDE_1.18.0/STM32CubeIDE/plugins/com.st.stm32cube.ide.mcu.externaltools.gnu-tools-for-stm32.13.3.rel1.win32_1.0.0.202411081344/tools/bin/../lib/gcc/arm-none-eabi/13.3.1/../../../../arm-none-eabi/lib/thumb/v6-m/nofp\libc_nano.a(libc_a-vsnprintf.o) (_impure_ptr)
[...]
Memory Configuration

Name             Origin             Length             Attributes
RAM              0x20000000         0x00002000         xrw
FLASH            0x08000000         0x00010000         xr
*default*        0x00000000         0xffffffff

Linker script and memory map

LOAD C:/ST/STM32CubeIDE_1.18.0/STM32CubeIDE/plugins/com.st.stm32cube.ide.mcu.externaltools.gnu-tools-for-stm32.13.3.rel1.win32_1.0.0.202411081344/tools/bin/../lib/gcc/arm-none-eabi/13.3.1/thumb/v6-m/nofp/crti.o
LOAD C:/ST/STM32CubeIDE_1.18.0/STM32CubeIDE/plugins/com.st.stm32cube.ide.mcu.externaltools.gnu-tools-for-stm32.13.3.rel1.win32_1.0.0.202411081344/tools/bin/../lib/gcc/arm-none-eabi/13.3.1/thumb/v6-m/nofp/crtbegin.o
LOAD C:/ST/STM32CubeIDE_1.18.0/STM32CubeIDE/plugins/com.st.stm32cube.ide.mcu.externaltools.gnu-tools-for-stm32.13.3.rel1.win32_1.0.0.202411081344/tools/bin/../lib/gcc/arm-none-eabi/13.3.1/../../../../arm-none-eabi/lib/thumb/v6-m/nofp/crt0.o
LOAD ./Application/Startup/startup_stm32u031r8ix.o
LOAD ./Application/User/main.o
LOAD ./Application/User/stm32u0xx_hal_msp.o
LOAD ./Application/User/stm32u0xx_it.o
LOAD ./Application/User/syscalls.o
LOAD ./Application/User/sysmem.o
LOAD ./Application/User/tracsens.o
LOAD ./Application/User/tracsens_io.o
LOAD ./Drivers/BSP/STM32U0xx_Nucleo/stm32u0xx_nucleo.o
LOAD ./Drivers/CMSIS/system_stm32u0xx.o
LOAD ./Drivers/STM32U0xx_HAL_Driver/stm32u0xx_hal.o
LOAD ./Drivers/STM32U0xx_HAL_Driver/stm32u0xx_hal_cortex.o
LOAD ./Drivers/STM32U0xx_HAL_Driver/stm32u0xx_hal_dma.o
LOAD ./Drivers/STM32U0xx_HAL_Driver/stm32u0xx_hal_dma_ex.o
LOAD ./Drivers/STM32U0xx_HAL_Driver/stm32u0xx_hal_exti.o
LOAD ./Drivers/STM32U0xx_HAL_Driver/stm32u0xx_hal_flash.o
LOAD ./Drivers/STM32U0xx_HAL_Driver/stm32u0xx_hal_flash_ex.o
LOAD ./Drivers/STM32U0xx_HAL_Driver/stm32u0xx_hal_gpio.o
LOAD ./Drivers/STM32U0xx_HAL_Driver/stm32u0xx_hal_lptim.o
LOAD ./Drivers/STM32U0xx_HAL_Driver/stm32u0xx_hal_pwr.o
LOAD ./Drivers/STM32U0xx_HAL_Driver/stm32u0xx_hal_pwr_ex.o
LOAD ./Drivers/STM32U0xx_HAL_Driver/stm32u0xx_hal_rcc.o
LOAD ./Drivers/STM32U0xx_HAL_Driver/stm32u0xx_hal_rcc_ex.o
LOAD ./Drivers/STM32U0xx_HAL_Driver/stm32u0xx_hal_rtc.o
LOAD ./Drivers/STM32U0xx_HAL_Driver/stm32u0xx_hal_rtc_ex.o
LOAD ./Drivers/STM32U0xx_HAL_Driver/stm32u0xx_hal_tim.o
LOAD ./Drivers/STM32U0xx_HAL_Driver/stm32u0xx_hal_tim_ex.o
LOAD ./Drivers/STM32U0xx_HAL_Driver/stm32u0xx_hal_uart.o
LOAD ./Drivers/STM32U0xx_HAL_Driver/stm32u0xx_hal_uart_ex.o
START GROUP
LOAD C:/ST/STM32CubeIDE_1.18.0/STM32CubeIDE/plugins/com.st.stm32cube.ide.mcu.externaltools.gnu-tools-for-stm32.13.3.rel1.win32_1.0.0.202411081344/tools/bin/../lib/gcc/arm-none-eabi/13.3.1/../../../../arm-none-eabi/lib/thumb/v6-m/nofp\libc_nano.a
LOAD C:/ST/STM32CubeIDE_1.18.0/STM32CubeIDE/plugins/com.st.stm32cube.ide.mcu.externaltools.gnu-tools-for-stm32.13.3.rel1.win32_1.0.0.202411081344/tools/bin/../lib/gcc/arm-none-eabi/13.3.1/../../../../arm-none-eabi/lib/thumb/v6-m/nofp\libm.a
END GROUP
START GROUP
LOAD C:/ST/STM32CubeIDE_1.18.0/STM32CubeIDE/plugins/com.st.stm32cube.ide.mcu.externaltools.gnu-tools-for-stm32.13.3.rel1.win32_1.0.0.202411081344/tools/bin/../lib/gcc/arm-none-eabi/13.3.1/thumb/v6-m/nofp\libgcc.a
LOAD C:/ST/STM32CubeIDE_1.18.0/STM32CubeIDE/plugins/com.st.stm32cube.ide.mcu.externaltools.gnu-tools-for-stm32.13.3.rel1.win32_1.0.0.202411081344/tools/bin/../lib/gcc/arm-none-eabi/13.3.1/../../../../arm-none-eabi/lib/thumb/v6-m/nofp\libc_nano.a
END GROUP
START GROUP
LOAD C:/ST/STM32CubeIDE_1.18.0/STM32CubeIDE/plugins/com.st.stm32cube.ide.mcu.externaltools.gnu-tools-for-stm32.13.3.rel1.win32_1.0.0.202411081344/tools/bin/../lib/gcc/arm-none-eabi/13.3.1/thumb/v6-m/nofp\libgcc.a
LOAD C:/ST/STM32CubeIDE_1.18.0/STM32CubeIDE/plugins/com.st.stm32cube.ide.mcu.externaltools.gnu-tools-for-stm32.13.3.rel1.win32_1.0.0.202411081344/tools/bin/../lib/gcc/arm-none-eabi/13.3.1/../../../../arm-none-eabi/lib/thumb/v6-m/nofp\libc_nano.a
LOAD C:/ST/STM32CubeIDE_1.18.0/STM32CubeIDE/plugins/com.st.stm32cube.ide.mcu.externaltools.gnu-tools-for-stm32.13.3.rel1.win32_1.0.0.202411081344/tools/bin/../lib/gcc/arm-none-eabi/13.3.1/../../../../arm-none-eabi/lib/thumb/v6-m/nofp\libnosys.a
END GROUP
START GROUP
LOAD C:/ST/STM32CubeIDE_1.18.0/STM32CubeIDE/plugins/com.st.stm32cube.ide.mcu.externaltools.gnu-tools-for-stm32.13.3.rel1.win32_1.0.0.202411081344/tools/bin/../lib/gcc/arm-none-eabi/13.3.1/thumb/v6-m/nofp\libgcc.a
LOAD C:/ST/STM32CubeIDE_1.18.0/STM32CubeIDE/plugins/com.st.stm32cube.ide.mcu.externaltools.gnu-tools-for-stm32.13.3.rel1.win32_1.0.0.202411081344/tools/bin/../lib/gcc/arm-none-eabi/13.3.1/../../../../arm-none-eabi/lib/thumb/v6-m/nofp\libc_nano.a
LOAD C:/ST/STM32CubeIDE_1.18.0/STM32CubeIDE/plugins/com.st.stm32cube.ide.mcu.externaltools.gnu-tools-for-stm32.13.3.rel1.win32_1.0.0.202411081344/tools/bin/../lib/gcc/arm-none-eabi/13.3.1/../../../../arm-none-eabi/lib/thumb/v6-m/nofp\libnosys.a
END GROUP
LOAD C:/ST/STM32CubeIDE_1.18.0/STM32CubeIDE/plugins/com.st.stm32cube.ide.mcu.externaltools.gnu-tools-for-stm32.13.3.rel1.win32_1.0.0.202411081344/tools/bin/../lib/gcc/arm-none-eabi/13.3.1/thumb/v6-m/nofp/crtend.o
LOAD C:/ST/STM32CubeIDE_1.18.0/STM32CubeIDE/plugins/com.st.stm32cube.ide.mcu.externaltools.gnu-tools-for-stm32.13.3.rel1.win32_1.0.0.202411081344/tools/bin/../lib/gcc/arm-none-eabi/13.3.1/thumb/v6-m/nofp/crtn.o
                0x20002000                        _estack = (ORIGIN (RAM) + LENGTH (RAM))
                0x00000200                        _Min_Heap_Size = 0x200
                0x00000400                        _Min_Stack_Size = 0x400

.isr_vector     0x08000000       0xc0
                0x08000000                        . = ALIGN (0x4)
 *(.isr_vector)
 .isr_vector    0x08000000       0xc0 ./Application/Startup/startup_stm32u031r8ix.o
                0x08000000                g_pfnVectors
                0x080000c0                        . = ALIGN (0x4)

.text           0x080000c0     0x5bc8
                0x080000c0                        . = ALIGN (0x4)
 *(.text)
 .text          0x080000c0       0x48 C:/ST/STM32CubeIDE_1.18.0/STM32CubeIDE/plugins/com.st.stm32cube.ide.mcu.externaltools.gnu-tools-for-stm32.13.3.rel1.win32_1.0.0.202411081344/tools/bin/../lib/gcc/arm-none-eabi/13.3.1/thumb/v6-m/nofp/crtbegin.o
 .text          0x08000108        0xe C:/ST/STM32CubeIDE_1.18.0/STM32CubeIDE/plugins/com.st.stm32cube.ide.mcu.externaltools.gnu-tools-for-stm32.13.3.rel1.win32_1.0.0.202411081344/tools/bin/../lib/gcc/arm-none-eabi/13.3.1/../../../../arm-none-eabi/lib/thumb/v6-m/nofp\libc_nano.a(libc_a-strlen.o)
                0x08000108                strlen
 *fill*         0x08000116        0x2 
 .text          0x08000118       0x14 C:/ST/STM32CubeIDE_1.18.0/STM32CubeIDE/plugins/com.st.stm32cube.ide.mcu.externaltools.gnu-tools-for-stm32.13.3.rel1.win32_1.0.0.202411081344/tools/bin/../lib/gcc/arm-none-eabi/13.3.1/thumb/v6-m/nofp\libgcc.a(_thumb1_case_shi.o)
                0x08000118                __gnu_thumb1_case_shi
 .text          0x0800012c      0x114 C:/ST/STM32CubeIDE_1.18.0/STM32CubeIDE/plugins/com.st.stm32cube.ide.mcu.externaltools.gnu-tools-for-stm32.13.3.rel1.win32_1.0.0.202411081344/tools/bin/../lib/gcc/arm-none-eabi/13.3.1/thumb/v6-m/nofp\libgcc.a(_udivsi3.o)
                0x0800012c                __aeabi_uidiv
                0x0800012c                __udivsi3
                0x08000238                __aeabi_uidivmod
 .text          0x08000240      0x1d4 C:/ST/STM32CubeIDE_1.18.0/STM32CubeIDE/plugins/com.st.stm32cube.ide.mcu.externaltools.gnu-tools-for-stm32.13.3.rel1.win32_1.0.0.202411081344/tools/bin/../lib/gcc/arm-none-eabi/13.3.1/thumb/v6-m/nofp\libgcc.a(_divsi3.o)
                0x08000240                __divsi3
                0x08000240                __aeabi_idiv
                0x0800040c                __aeabi_idivmod
 .text          0x08000414        0x4 C:/ST/STM32CubeIDE_1.18.0/STM32CubeIDE/plugins/com.st.stm32cube.ide.mcu.externaltools.gnu-tools-for-stm32.13.3.rel1.win32_1.0.0.202411081344/tools/bin/../lib/gcc/arm-none-eabi/13.3.1/thumb/v6-m/nofp\libgcc.a(_dvmd_tls.o)
                0x08000414                __aeabi_idiv0
                0x08000414                __aeabi_ldiv0
 .text          0x08000418       0x40 C:/ST/STM32CubeIDE_1.18.0/STM32CubeIDE/plugins/com.st.stm32cube.ide.mcu.externaltools.gnu-tools-for-stm32.13.3.rel1.win32_1.0.0.202411081344/tools/bin/../lib/gcc/arm-none-eabi/13.3.1/thumb/v6-m/nofp\libgcc.a(_aeabi_uldivmod.o)
                0x08000418                __aeabi_uldivmod
 .text          0x08000458      0x198 C:/ST/STM32CubeIDE_1.18.0/STM32CubeIDE/plugins/com.st.stm32cube.ide.mcu.externaltools.gnu-tools-for-stm32.13.3.rel1.win32_1.0.0.202411081344/tools/bin/../lib/gcc/arm-none-eabi/13.3.1/thumb/v6-m/nofp\libgcc.a(_udivmoddi4.o)
                0x08000458                __udivmoddi4
 .text          0x080005f0       0x18 C:/ST/STM32CubeIDE_1.18.0/STM32CubeIDE/plugins/com.st.stm32cube.ide.mcu.externaltools.gnu-tools-for-stm32.13.3.rel1.win32_1.0.0.202411081344/tools/bin/../lib/gcc/arm-none-eabi/13.3.1/thumb/v6-m/nofp\libgcc.a(_clzdi2.o)
                0x080005f0                __clzdi2
 .text          0x08000608       0x3c C:/ST/STM32CubeIDE_1.18.0/STM32CubeIDE/plugins/com.st.stm32cube.ide.mcu.externaltools.gnu-tools-for-stm32.13.3.rel1.win32_1.0.0.202411081344/tools/bin/../lib/gcc/arm-none-eabi/13.3.1/thumb/v6-m/nofp\libgcc.a(_clzsi2.o)
                0x08000608                __clzsi2
 *(.text*)
 .text.Reset_Handler
                0x08000644       0x50 ./Application/Startup/startup_stm32u031r8ix.o
                0x08000644                Reset_Handler
 .text.Default_Handler
                0x08000694        0x2 ./Application/Startup/startup_stm32u031r8ix.o
                0x08000694                I2C2_3_IRQHandler
                0x08000694                WWDG_IWDG_IRQHandler
                0x08000694                TIM1_CC_IRQHandler
                0x08000694                TSC_IRQHandler
                0x08000694                HardFault_Handler
                0x08000694                ADC_COMP1_IRQHandler
                0x08000694                NMI_Handler
                0x08000694                I2C1_IRQHandler
                0x08000694                TIM7_LPTIM2_IRQHandler
                0x08000694                RCC_CRS_IRQHandler
                0x08000694                RTC_TAMP_IRQHandler
                0x08000694                DMA1_Ch4_7_DMAMUX_OVR_IRQHandler
                0x08000694                SPI1_IRQHandler
                0x08000694                EXTI2_3_IRQHandler
                0x08000694                USART2_LPUART2_IRQHandler
                0x08000694                USART4_IRQHandler
                0x08000694                TIM16_IRQHandler
                0x08000694                TIM3_IRQHandler
                0x08000694                DMA1_Channel1_IRQHandler
                0x08000694                Default_Handler
                0x08000694                TIM15_IRQHandler
                0x08000694                EXTI0_1_IRQHandler
                0x08000694                PVD_PVM_IRQHandler
                0x08000694                SPI2_IRQHandler
                0x08000694                RNG_IRQHandler
                0x08000694                TIM2_IRQHandler
                0x08000694                DMA1_Channel2_3_IRQHandler
                0x08000694                FLASH_ECC_IRQHandler
                0x08000694                USART3_LPUART1_IRQHandler
                0x08000694                USART1_IRQHandler
                0x08000694                TIM1_BRK_UP_TRG_COM_IRQHandler
 *fill*         0x08000696        0x2 
 .text.main     0x08000698       0xa0 ./Application/User/main.o
                0x08000698                main
 .text.SystemClock_Config
                0x08000738       0xc0 ./Application/User/main.o
                0x08000738                SystemClock_Config
 .text.MX_RTC_Init
                0x080007f8       0x60 ./Application/User/main.o
 .text.MX_USART2_UART_Init
                0x08000858       0x9c ./Application/User/main.o
 .text.MX_GPIO_Init
                0x080008f4       0xc0 ./Application/User/main.o
 .text.SYSCLKConfig_STOP
                0x080009b4       0xa8 ./Application/User/main.o
 .text.HAL_SYSTICK_Callback
                0x08000a5c       0x30 ./Application/User/main.o
                0x08000a5c                HAL_SYSTICK_Callback
 .text.HAL_GPIO_EXTI_Falling_Callback
                0x08000a8c       0x38 ./Application/User/main.o
                0x08000a8c                HAL_GPIO_EXTI_Falling_Callback
 .text.UART_Printf
                0x08000ac4       0x58 ./Application/User/main.o
                0x08000ac4                UART_Printf
 .text.Error_Handler
                0x08000b1c        0xe ./Application/User/main.o
                0x08000b1c                Error_Handler
 *fill*         0x08000b2a        0x2 
 .text.HAL_MspInit
                0x08000b2c       0x48 ./Application/User/stm32u0xx_hal_msp.o
                0x08000b2c                HAL_MspInit
 .text.HAL_LPTIM_MspInit
                0x08000b74       0xd4 ./Application/User/stm32u0xx_hal_msp.o
                0x08000b74                HAL_LPTIM_MspInit
 .text.HAL_RTC_MspInit
                0x08000c48       0x80 ./Application/User/stm32u0xx_hal_msp.o
                0x08000c48                HAL_RTC_MspInit
 .text.HAL_UART_MspInit
                0x08000cc8       0xc0 ./Application/User/stm32u0xx_hal_msp.o
                0x08000cc8                HAL_UART_MspInit
 .text.SVC_Handler
                0x08000d88        0xa ./Application/User/stm32u0xx_it.o
                0x08000d88                SVC_Handler
 .text.PendSV_Handler
                0x08000d92        0xa ./Application/User/stm32u0xx_it.o
                0x08000d92                PendSV_Handler
 .text.SysTick_Handler
                0x08000d9c       0x12 ./Application/User/stm32u0xx_it.o
                0x08000d9c                SysTick_Handler
 .text.EXTI4_15_IRQHandler
                0x08000dae       0x14 ./Application/User/stm32u0xx_it.o
                0x08000dae                EXTI4_15_IRQHandler
 .text.TIM6_DAC_LPTIM1_IRQHandler
                0x08000dc2       0x16 ./Application/User/stm32u0xx_it.o
                0x08000dc2                TIM6_DAC_LPTIM1_IRQHandler
 .text._sbrk    0x08000dd8       0x6c ./Application/User/sysmem.o
                0x08000dd8                _sbrk
 .text.TRACSENS_Init
                0x08000e44       0x34 ./Application/User/tracsens.o
                0x08000e44                TRACSENS_Init
 .text.TRACSENS_GetCounter
                0x08000e78       0x34 ./Application/User/tracsens.o
 .text.TRACSENS_StartCounting
                0x08000eac       0x1c ./Application/User/tracsens.o
                0x08000eac                TRACSENS_StartCounting
 .text.TRACSENS_DisplayInfo
                0x08000ec8       0x6c ./Application/User/tracsens.o
                0x08000ec8                TRACSENS_DisplayInfo
 .text.TRACSENS_CounterChangedToUpCallback
                0x08000f34       0x20 ./Application/User/tracsens.o
 .text.TRACSENS_CounterChangedToDownCallback
                0x08000f54       0x20 ./Application/User/tracsens.o
 .text.TRACSENS_AutoReloadMatchCallback
                0x08000f74       0x84 ./Application/User/tracsens.o
 .text.LL_LPTIM_Enable
                0x08000ff8       0x1c ./Application/User/tracsens_io.o
 .text.LL_LPTIM_StartCounter
                0x08001014       0x24 ./Application/User/tracsens_io.o
 .text.LL_LPTIM_SetAutoReload
                0x08001038       0x22 ./Application/User/tracsens_io.o
 .text.LL_LPTIM_GetCounter
                0x0800105a       0x18 ./Application/User/tracsens_io.o
 .text.LL_LPTIM_SetEncoderMode
                0x08001072       0x24 ./Application/User/tracsens_io.o
 .text.LL_LPTIM_EnableEncoderMode
                0x08001096       0x1e ./Application/User/tracsens_io.o
 .text.LL_LPTIM_EnableIT_ARRM
                0x080010b4       0x1c ./Application/User/tracsens_io.o
 .text.LL_LPTIM_EnableIT_UP
                0x080010d0       0x1c ./Application/User/tracsens_io.o
 .text.LL_LPTIM_EnableIT_DOWN
                0x080010ec       0x1c ./Application/User/tracsens_io.o
 .text.TRACSENS_IO_GetHandle
                0x08001108       0x10 ./Application/User/tracsens_io.o
                0x08001108                TRACSENS_IO_GetHandle
 .text.TRACSENS_IO_Init
                0x08001118       0x74 ./Application/User/tracsens_io.o
                0x08001118                TRACSENS_IO_Init
 .text.TRACSENS_IO_Start
                0x0800118c       0x70 ./Application/User/tracsens_io.o
                0x0800118c                TRACSENS_IO_Start
 .text.TRACSENS_IO_GetCounter
                0x080011fc       0x1c ./Application/User/tracsens_io.o
                0x080011fc                TRACSENS_IO_GetCounter
 .text.TRACSENS_IO_RegisterCallbacks
                0x08001218       0x68 ./Application/User/tracsens_io.o
                0x08001218                TRACSENS_IO_RegisterCallbacks
 .text.LPTIM1_AutoReloadMatchCallback
                0x08001280       0x24 ./Application/User/tracsens_io.o
 .text.LPTIM1_CounterChangedToUpCallback
                0x080012a4       0x24 ./Application/User/tracsens_io.o
 .text.LPTIM1_CounterChangedToDownCallback
                0x080012c8       0x24 ./Application/User/tracsens_io.o
 .text.BSP_LED_Init
                0x080012ec       0x7c ./Drivers/BSP/STM32U0xx_Nucleo/stm32u0xx_nucleo.o
                0x080012ec                BSP_LED_Init
 .text.BSP_LED_On
                0x08001368       0x44 ./Drivers/BSP/STM32U0xx_Nucleo/stm32u0xx_nucleo.o
                0x08001368                BSP_LED_On
 .text.BSP_LED_Off
                0x080013ac       0x44 ./Drivers/BSP/STM32U0xx_Nucleo/stm32u0xx_nucleo.o
                0x080013ac                BSP_LED_Off
 .text.BSP_LED_Toggle
                0x080013f0       0x44 ./Drivers/BSP/STM32U0xx_Nucleo/stm32u0xx_nucleo.o
                0x080013f0                BSP_LED_Toggle
 .text.BSP_PB_Init
                0x08001434      0x104 ./Drivers/BSP/STM32U0xx_Nucleo/stm32u0xx_nucleo.o
                0x08001434                BSP_PB_Init
 .text.BSP_PB_Callback
                0x08001538       0x14 ./Drivers/BSP/STM32U0xx_Nucleo/stm32u0xx_nucleo.o
                0x08001538                BSP_PB_Callback
 .text.BUTTON_USER_EXTI_Callback
                0x0800154c       0x10 ./Drivers/BSP/STM32U0xx_Nucleo/stm32u0xx_nucleo.o
 .text.SystemInit
                0x0800155c       0x58 ./Drivers/CMSIS/system_stm32u0xx.o
                0x0800155c                SystemInit
 .text.HAL_Init
                0x080015b4       0x2e ./Drivers/STM32U0xx_HAL_Driver/stm32u0xx_hal.o
                0x080015b4                HAL_Init
 *fill*         0x080015e2        0x2 
 .text.HAL_InitTick
                0x080015e4       0x94 ./Drivers/STM32U0xx_HAL_Driver/stm32u0xx_hal.o
                0x080015e4                HAL_InitTick
 .text.HAL_IncTick
                0x08001678       0x24 ./Drivers/STM32U0xx_HAL_Driver/stm32u0xx_hal.o
                0x08001678                HAL_IncTick
 .text.HAL_GetTick
                0x0800169c       0x14 ./Drivers/STM32U0xx_HAL_Driver/stm32u0xx_hal.o
                0x0800169c                HAL_GetTick
 .text.HAL_Delay
                0x080016b0       0x48 ./Drivers/STM32U0xx_HAL_Driver/stm32u0xx_hal.o
                0x080016b0                HAL_Delay
 .text.HAL_SuspendTick
                0x080016f8       0x1c ./Drivers/STM32U0xx_HAL_Driver/stm32u0xx_hal.o
                0x080016f8                HAL_SuspendTick
 .text.__NVIC_EnableIRQ
                0x08001714       0x34 ./Drivers/STM32U0xx_HAL_Driver/stm32u0xx_hal_cortex.o
 .text.__NVIC_SetPriority
                0x08001748       0xdc ./Drivers/STM32U0xx_HAL_Driver/stm32u0xx_hal_cortex.o
 .text.SysTick_Config
                0x08001824       0x48 ./Drivers/STM32U0xx_HAL_Driver/stm32u0xx_hal_cortex.o
 .text.HAL_NVIC_SetPriority
                0x0800186c       0x2a ./Drivers/STM32U0xx_HAL_Driver/stm32u0xx_hal_cortex.o
                0x0800186c                HAL_NVIC_SetPriority
 .text.HAL_NVIC_EnableIRQ
                0x08001896       0x20 ./Drivers/STM32U0xx_HAL_Driver/stm32u0xx_hal_cortex.o
                0x08001896                HAL_NVIC_EnableIRQ
 .text.HAL_SYSTICK_Config
                0x080018b6       0x1a ./Drivers/STM32U0xx_HAL_Driver/stm32u0xx_hal_cortex.o
                0x080018b6                HAL_SYSTICK_Config
 .text.HAL_SYSTICK_IRQHandler
                0x080018d0        0xe ./Drivers/STM32U0xx_HAL_Driver/stm32u0xx_hal_cortex.o
                0x080018d0                HAL_SYSTICK_IRQHandler
 .text.HAL_EXTI_RegisterCallback
                0x080018de       0x64 ./Drivers/STM32U0xx_HAL_Driver/stm32u0xx_hal_exti.o
                0x080018de                HAL_EXTI_RegisterCallback
 .text.HAL_EXTI_GetHandle
                0x08001942       0x24 ./Drivers/STM32U0xx_HAL_Driver/stm32u0xx_hal_exti.o
                0x08001942                HAL_EXTI_GetHandle
 *fill*         0x08001966        0x2 
 .text.HAL_GPIO_Init
                0x08001968      0x2d8 ./Drivers/STM32U0xx_HAL_Driver/stm32u0xx_hal_gpio.o
                0x08001968                HAL_GPIO_Init
 .text.HAL_GPIO_WritePin
                0x08001c40       0x3a ./Drivers/STM32U0xx_HAL_Driver/stm32u0xx_hal_gpio.o
                0x08001c40                HAL_GPIO_WritePin
 .text.HAL_GPIO_TogglePin
                0x08001c7a       0x36 ./Drivers/STM32U0xx_HAL_Driver/stm32u0xx_hal_gpio.o
                0x08001c7a                HAL_GPIO_TogglePin
 .text.HAL_GPIO_EXTI_IRQHandler
                0x08001cb0       0x54 ./Drivers/STM32U0xx_HAL_Driver/stm32u0xx_hal_gpio.o
                0x08001cb0                HAL_GPIO_EXTI_IRQHandler
 .text.HAL_GPIO_EXTI_Rising_Callback
                0x08001d04       0x14 ./Drivers/STM32U0xx_HAL_Driver/stm32u0xx_hal_gpio.o
                0x08001d04                HAL_GPIO_EXTI_Rising_Callback
 .text.HAL_LPTIM_Init
                0x08001d18      0x2a8 ./Drivers/STM32U0xx_HAL_Driver/stm32u0xx_hal_lptim.o
                0x08001d18                HAL_LPTIM_Init
 .text.HAL_LPTIM_Counter_Start_IT
                0x08001fc0       0xa0 ./Drivers/STM32U0xx_HAL_Driver/stm32u0xx_hal_lptim.o
                0x08001fc0                HAL_LPTIM_Counter_Start_IT
 .text.HAL_LPTIM_IRQHandler
                0x08002060      0x4a2 ./Drivers/STM32U0xx_HAL_Driver/stm32u0xx_hal_lptim.o
                0x08002060                HAL_LPTIM_IRQHandler
 .text.HAL_LPTIM_CompareMatchCallback
                0x08002502       0x10 ./Drivers/STM32U0xx_HAL_Driver/stm32u0xx_hal_lptim.o
                0x08002502                HAL_LPTIM_CompareMatchCallback
 .text.HAL_LPTIM_AutoReloadMatchCallback
                0x08002512       0x10 ./Drivers/STM32U0xx_HAL_Driver/stm32u0xx_hal_lptim.o
                0x08002512                HAL_LPTIM_AutoReloadMatchCallback
 .text.HAL_LPTIM_TriggerCallback
                0x08002522       0x10 ./Drivers/STM32U0xx_HAL_Driver/stm32u0xx_hal_lptim.o
                0x08002522                HAL_LPTIM_TriggerCallback
 .text.HAL_LPTIM_CompareWriteCallback
                0x08002532       0x10 ./Drivers/STM32U0xx_HAL_Driver/stm32u0xx_hal_lptim.o
                0x08002532                HAL_LPTIM_CompareWriteCallback
 .text.HAL_LPTIM_AutoReloadWriteCallback
                0x08002542       0x10 ./Drivers/STM32U0xx_HAL_Driver/stm32u0xx_hal_lptim.o
                0x08002542                HAL_LPTIM_AutoReloadWriteCallback
 .text.HAL_LPTIM_DirectionUpCallback
                0x08002552       0x10 ./Drivers/STM32U0xx_HAL_Driver/stm32u0xx_hal_lptim.o
                0x08002552                HAL_LPTIM_DirectionUpCallback
 .text.HAL_LPTIM_DirectionDownCallback
                0x08002562       0x10 ./Drivers/STM32U0xx_HAL_Driver/stm32u0xx_hal_lptim.o
                0x08002562                HAL_LPTIM_DirectionDownCallback
 .text.HAL_LPTIM_UpdateEventCallback
                0x08002572       0x10 ./Drivers/STM32U0xx_HAL_Driver/stm32u0xx_hal_lptim.o
                0x08002572                HAL_LPTIM_UpdateEventCallback
 .text.HAL_LPTIM_RepCounterWriteCallback
                0x08002582       0x10 ./Drivers/STM32U0xx_HAL_Driver/stm32u0xx_hal_lptim.o
                0x08002582                HAL_LPTIM_RepCounterWriteCallback
 .text.HAL_LPTIM_IC_CaptureCallback
                0x08002592       0x10 ./Drivers/STM32U0xx_HAL_Driver/stm32u0xx_hal_lptim.o
                0x08002592                HAL_LPTIM_IC_CaptureCallback
 .text.HAL_LPTIM_IC_OverCaptureCallback
                0x080025a2       0x10 ./Drivers/STM32U0xx_HAL_Driver/stm32u0xx_hal_lptim.o
                0x080025a2                HAL_LPTIM_IC_OverCaptureCallback
 .text.HAL_LPTIM_IC_CaptureHalfCpltCallback
                0x080025b2       0x10 ./Drivers/STM32U0xx_HAL_Driver/stm32u0xx_hal_lptim.o
                0x080025b2                HAL_LPTIM_IC_CaptureHalfCpltCallback
 .text.HAL_LPTIM_UpdateEventHalfCpltCallback
                0x080025c2       0x10 ./Drivers/STM32U0xx_HAL_Driver/stm32u0xx_hal_lptim.o
                0x080025c2                HAL_LPTIM_UpdateEventHalfCpltCallback
 .text.HAL_LPTIM_ErrorCallback
                0x080025d2       0x10 ./Drivers/STM32U0xx_HAL_Driver/stm32u0xx_hal_lptim.o
                0x080025d2                HAL_LPTIM_ErrorCallback
 *fill*         0x080025e2        0x2 
 .text.HAL_LPTIM_RegisterCallback
                0x080025e4      0x12c ./Drivers/STM32U0xx_HAL_Driver/stm32u0xx_hal_lptim.o
                0x080025e4                HAL_LPTIM_RegisterCallback
 .text.LPTIM_ResetCallback
                0x08002710       0xa8 ./Drivers/STM32U0xx_HAL_Driver/stm32u0xx_hal_lptim.o
 .text.LPTIM_WaitForFlag
                0x080027b8       0x70 ./Drivers/STM32U0xx_HAL_Driver/stm32u0xx_hal_lptim.o
 .text.HAL_PWREx_ControlVoltageScaling
                0x08002828       0xc0 ./Drivers/STM32U0xx_HAL_Driver/stm32u0xx_hal_pwr_ex.o
                0x08002828                HAL_PWREx_ControlVoltageScaling
 .text.HAL_PWREx_GetVoltageRange
                0x080028e8       0x18 ./Drivers/STM32U0xx_HAL_Driver/stm32u0xx_hal_pwr_ex.o
                0x080028e8                HAL_PWREx_GetVoltageRange
 .text.HAL_PWREx_EnterSTOP2Mode
                0x08002900       0x68 ./Drivers/STM32U0xx_HAL_Driver/stm32u0xx_hal_pwr_ex.o
                0x08002900                HAL_PWREx_EnterSTOP2Mode
 .text.HAL_RCC_OscConfig
                0x08002968      0x7cc ./Drivers/STM32U0xx_HAL_Driver/stm32u0xx_hal_rcc.o
                0x08002968                HAL_RCC_OscConfig
 .text.HAL_RCC_ClockConfig
                0x08003134      0x1d8 ./Drivers/STM32U0xx_HAL_Driver/stm32u0xx_hal_rcc.o
                0x08003134                HAL_RCC_ClockConfig
 .text.HAL_RCC_GetSysClockFreq
                0x0800330c      0x138 ./Drivers/STM32U0xx_HAL_Driver/stm32u0xx_hal_rcc.o
                0x0800330c                HAL_RCC_GetSysClockFreq
 .text.HAL_RCC_GetHCLKFreq
                0x08003444       0x14 ./Drivers/STM32U0xx_HAL_Driver/stm32u0xx_hal_rcc.o
                0x08003444                HAL_RCC_GetHCLKFreq
 .text.HAL_RCC_GetPCLK1Freq
                0x08003458       0x30 ./Drivers/STM32U0xx_HAL_Driver/stm32u0xx_hal_rcc.o
                0x08003458                HAL_RCC_GetPCLK1Freq
 .text.HAL_RCC_GetOscConfig
                0x08003488      0x1cc ./Drivers/STM32U0xx_HAL_Driver/stm32u0xx_hal_rcc.o
                0x08003488                HAL_RCC_GetOscConfig
 .text.HAL_RCC_GetClockConfig
                0x08003654       0x54 ./Drivers/STM32U0xx_HAL_Driver/stm32u0xx_hal_rcc.o
                0x08003654                HAL_RCC_GetClockConfig
 .text.RCC_SetFlashLatencyFromMSIRange
                0x080036a8       0xd8 ./Drivers/STM32U0xx_HAL_Driver/stm32u0xx_hal_rcc.o
 .text.HAL_RCCEx_PeriphCLKConfig
                0x08003780      0x3c8 ./Drivers/STM32U0xx_HAL_Driver/stm32u0xx_hal_rcc_ex.o
                0x08003780                HAL_RCCEx_PeriphCLKConfig
 .text.HAL_RCCEx_GetPeriphCLKFreq
                0x08003b48      0x850 ./Drivers/STM32U0xx_HAL_Driver/stm32u0xx_hal_rcc_ex.o
                0x08003b48                HAL_RCCEx_GetPeriphCLKFreq
 .text.HAL_RCCEx_GetPLLClockFreq
                0x08004398      0x17c ./Drivers/STM32U0xx_HAL_Driver/stm32u0xx_hal_rcc_ex.o
                0x08004398                HAL_RCCEx_GetPLLClockFreq
 .text.HAL_RTC_Init
                0x08004514      0x14c ./Drivers/STM32U0xx_HAL_Driver/stm32u0xx_hal_rtc.o
                0x08004514                HAL_RTC_Init
 .text.HAL_RTC_WaitForSynchro
                0x08004660       0x4c ./Drivers/STM32U0xx_HAL_Driver/stm32u0xx_hal_rtc.o
                0x08004660                HAL_RTC_WaitForSynchro
 .text.RTC_EnterInitMode
                0x080046ac       0x58 ./Drivers/STM32U0xx_HAL_Driver/stm32u0xx_hal_rtc.o
                0x080046ac                RTC_EnterInitMode
 .text.HAL_UART_Init
                0x08004704       0xac ./Drivers/STM32U0xx_HAL_Driver/stm32u0xx_hal_uart.o
                0x08004704                HAL_UART_Init
 .text.HAL_UART_Transmit
                0x080047b0      0x148 ./Drivers/STM32U0xx_HAL_Driver/stm32u0xx_hal_uart.o
                0x080047b0                HAL_UART_Transmit
 .text.UART_SetConfig
                0x080048f8      0x374 ./Drivers/STM32U0xx_HAL_Driver/stm32u0xx_hal_uart.o
                0x080048f8                UART_SetConfig
 .text.UART_AdvFeatureConfig
                0x08004c6c      0x168 ./Drivers/STM32U0xx_HAL_Driver/stm32u0xx_hal_uart.o
                0x08004c6c                UART_AdvFeatureConfig
 .text.UART_CheckIdleState
                0x08004dd4      0x154 ./Drivers/STM32U0xx_HAL_Driver/stm32u0xx_hal_uart.o
                0x08004dd4                UART_CheckIdleState
 .text.UART_WaitOnFlagUntilTimeout
                0x08004f28       0xde ./Drivers/STM32U0xx_HAL_Driver/stm32u0xx_hal_uart.o
                0x08004f28                UART_WaitOnFlagUntilTimeout
 *fill*         0x08005006        0x2 
 .text.UART_EndRxTransfer
                0x08005008       0xcc ./Drivers/STM32U0xx_HAL_Driver/stm32u0xx_hal_uart.o
 .text.HAL_UARTEx_DisableFifoMode
                0x080050d4       0x74 ./Drivers/STM32U0xx_HAL_Driver/stm32u0xx_hal_uart_ex.o
                0x080050d4                HAL_UARTEx_DisableFifoMode
 .text.HAL_UARTEx_SetTxFifoThreshold
                0x08005148       0x7e ./Drivers/STM32U0xx_HAL_Driver/stm32u0xx_hal_uart_ex.o
                0x08005148                HAL_UARTEx_SetTxFifoThreshold
 *fill*         0x080051c6        0x2 
 .text.HAL_UARTEx_SetRxFifoThreshold
                0x080051c8       0x84 ./Drivers/STM32U0xx_HAL_Driver/stm32u0xx_hal_uart_ex.o
                0x080051c8                HAL_UARTEx_SetRxFifoThreshold
 .text.UARTEx_SetNbDataToProcess
                0x0800524c       0xbc ./Drivers/STM32U0xx_HAL_Driver/stm32u0xx_hal_uart_ex.o
 .text._vsnprintf_r
                0x08005308       0x5a C:/ST/STM32CubeIDE_1.18.0/STM32CubeIDE/plugins/com.st.stm32cube.ide.mcu.externaltools.gnu-tools-for-stm32.13.3.rel1.win32_1.0.0.202411081344/tools/bin/../lib/gcc/arm-none-eabi/13.3.1/../../../../arm-none-eabi/lib/thumb/v6-m/nofp\libc_nano.a(libc_a-vsnprintf.o)
                0x08005308                _vsniprintf_r
                0x08005308                _vsnprintf_r
 *fill*         0x08005362        0x2 
 .text.vsnprintf
                0x08005364       0x18 C:/ST/STM32CubeIDE_1.18.0/STM32CubeIDE/plugins/com.st.stm32cube.ide.mcu.externaltools.gnu-tools-for-stm32.13.3.rel1.win32_1.0.0.202411081344/tools/bin/../lib/gcc/arm-none-eabi/13.3.1/../../../../arm-none-eabi/lib/thumb/v6-m/nofp\libc_nano.a(libc_a-vsnprintf.o)
                0x08005364                vsniprintf
                0x08005364                vsnprintf
 .text.memset   0x0800537c       0x10 C:/ST/STM32CubeIDE_1.18.0/STM32CubeIDE/plugins/com.st.stm32cube.ide.mcu.externaltools.gnu-tools-for-stm32.13.3.rel1.win32_1.0.0.202411081344/tools/bin/../lib/gcc/arm-none-eabi/13.3.1/../../../../arm-none-eabi/lib/thumb/v6-m/nofp\libc_nano.a(libc_a-memset.o)
                0x0800537c                memset
 .text.__errno  0x0800538c        0xc C:/ST/STM32CubeIDE_1.18.0/STM32CubeIDE/plugins/com.st.stm32cube.ide.mcu.externaltools.gnu-tools-for-stm32.13.3.rel1.win32_1.0.0.202411081344/tools/bin/../lib/gcc/arm-none-eabi/13.3.1/../../../../arm-none-eabi/lib/thumb/v6-m/nofp\libc_nano.a(libc_a-errno.o)
                0x0800538c                __errno
 .text.__libc_init_array
                0x08005398       0x48 C:/ST/STM32CubeIDE_1.18.0/STM32CubeIDE/plugins/com.st.stm32cube.ide.mcu.externaltools.gnu-tools-for-stm32.13.3.rel1.win32_1.0.0.202411081344/tools/bin/../lib/gcc/arm-none-eabi/13.3.1/../../../../arm-none-eabi/lib/thumb/v6-m/nofp\libc_nano.a(libc_a-init.o)
                0x08005398                __libc_init_array
 .text.__retarget_lock_acquire_recursive
                0x080053e0        0x2 C:/ST/STM32CubeIDE_1.18.0/STM32CubeIDE/plugins/com.st.stm32cube.ide.mcu.externaltools.gnu-tools-for-stm32.13.3.rel1.win32_1.0.0.202411081344/tools/bin/../lib/gcc/arm-none-eabi/13.3.1/../../../../arm-none-eabi/lib/thumb/v6-m/nofp\libc_nano.a(libc_a-lock.o)
                0x080053e0                __retarget_lock_acquire_recursive
 .text.__retarget_lock_release_recursive
                0x080053e2        0x2 C:/ST/STM32CubeIDE_1.18.0/STM32CubeIDE/plugins/com.st.stm32cube.ide.mcu.externaltools.gnu-tools-for-stm32.13.3.rel1.win32_1.0.0.202411081344/tools/bin/../lib/gcc/arm-none-eabi/13.3.1/../../../../arm-none-eabi/lib/thumb/v6-m/nofp\libc_nano.a(libc_a-lock.o)
                0x080053e2                __retarget_lock_release_recursive
 .text._free_r  0x080053e4       0x94 C:/ST/STM32CubeIDE_1.18.0/STM32CubeIDE/plugins/com.st.stm32cube.ide.mcu.externaltools.gnu-tools-for-stm32.13.3.rel1.win32_1.0.0.202411081344/tools/bin/../lib/gcc/arm-none-eabi/13.3.1/../../../../arm-none-eabi/lib/thumb/v6-m/nofp\libc_nano.a(libc_a-freer.o)
                0x080053e4                _free_r
 .text.sbrk_aligned
                0x08005478       0x44 C:/ST/STM32CubeIDE_1.18.0/STM32CubeIDE/plugins/com.st.stm32cube.ide.mcu.externaltools.gnu-tools-for-stm32.13.3.rel1.win32_1.0.0.202411081344/tools/bin/../lib/gcc/arm-none-eabi/13.3.1/../../../../arm-none-eabi/lib/thumb/v6-m/nofp\libc_nano.a(libc_a-mallocr.o)
 .text._malloc_r
                0x080054bc      0x100 C:/ST/STM32CubeIDE_1.18.0/STM32CubeIDE/plugins/com.st.stm32cube.ide.mcu.externaltools.gnu-tools-for-stm32.13.3.rel1.win32_1.0.0.202411081344/tools/bin/../lib/gcc/arm-none-eabi/13.3.1/../../../../arm-none-eabi/lib/thumb/v6-m/nofp\libc_nano.a(libc_a-mallocr.o)
                0x080054bc                _malloc_r
 .text.__malloc_lock
                0x080055bc       0x10 C:/ST/STM32CubeIDE_1.18.0/STM32CubeIDE/plugins/com.st.stm32cube.ide.mcu.externaltools.gnu-tools-for-stm32.13.3.rel1.win32_1.0.0.202411081344/tools/bin/../lib/gcc/arm-none-eabi/13.3.1/../../../../arm-none-eabi/lib/thumb/v6-m/nofp\libc_nano.a(libc_a-mlock.o)
                0x080055bc                __malloc_lock
 .text.__malloc_unlock
                0x080055cc       0x10 C:/ST/STM32CubeIDE_1.18.0/STM32CubeIDE/plugins/com.st.stm32cube.ide.mcu.externaltools.gnu-tools-for-stm32.13.3.rel1.win32_1.0.0.202411081344/tools/bin/../lib/gcc/arm-none-eabi/13.3.1/../../../../arm-none-eabi/lib/thumb/v6-m/nofp\libc_nano.a(libc_a-mlock.o)
                0x080055cc                __malloc_unlock
 .text.__ssputs_r
                0x080055dc       0xc0 C:/ST/STM32CubeIDE_1.18.0/STM32CubeIDE/plugins/com.st.stm32cube.ide.mcu.externaltools.gnu-tools-for-stm32.13.3.rel1.win32_1.0.0.202411081344/tools/bin/../lib/gcc/arm-none-eabi/13.3.1/../../../../arm-none-eabi/lib/thumb/v6-m/nofp\libc_nano.a(libc_a-nano-svfprintf.o)
                0x080055dc                __ssputs_r
 .text._svfprintf_r
                0x0800569c      0x1fc C:/ST/STM32CubeIDE_1.18.0/STM32CubeIDE/plugins/com.st.stm32cube.ide.mcu.externaltools.gnu-tools-for-stm32.13.3.rel1.win32_1.0.0.202411081344/tools/bin/../lib/gcc/arm-none-eabi/13.3.1/../../../../arm-none-eabi/lib/thumb/v6-m/nofp\libc_nano.a(libc_a-nano-svfprintf.o)
                0x0800569c                _svfiprintf_r
                0x0800569c                _svfprintf_r
 .text._printf_common
                0x08005898       0xde C:/ST/STM32CubeIDE_1.18.0/STM32CubeIDE/plugins/com.st.stm32cube.ide.mcu.externaltools.gnu-tools-for-stm32.13.3.rel1.win32_1.0.0.202411081344/tools/bin/../lib/gcc/arm-none-eabi/13.3.1/../../../../arm-none-eabi/lib/thumb/v6-m/nofp\libc_nano.a(libc_a-nano-vfprintf_i.o)
                0x08005898                _printf_common
 *fill*         0x08005976        0x2 
 .text._printf_i
                0x08005978      0x218 C:/ST/STM32CubeIDE_1.18.0/STM32CubeIDE/plugins/com.st.stm32cube.ide.mcu.externaltools.gnu-tools-for-stm32.13.3.rel1.win32_1.0.0.202411081344/tools/bin/../lib/gcc/arm-none-eabi/13.3.1/../../../../arm-none-eabi/lib/thumb/v6-m/nofp\libc_nano.a(libc_a-nano-vfprintf_i.o)
                0x08005978                _printf_i
 .text.memmove  0x08005b90       0x24 C:/ST/STM32CubeIDE_1.18.0/STM32CubeIDE/plugins/com.st.stm32cube.ide.mcu.externaltools.gnu-tools-for-stm32.13.3.rel1.win32_1.0.0.202411081344/tools/bin/../lib/gcc/arm-none-eabi/13.3.1/../../../../arm-none-eabi/lib/thumb/v6-m/nofp\libc_nano.a(libc_a-memmove.o)
                0x08005b90                memmove
 .text._sbrk_r  0x08005bb4       0x24 C:/ST/STM32CubeIDE_1.18.0/STM32CubeIDE/plugins/com.st.stm32cube.ide.mcu.externaltools.gnu-tools-for-stm32.13.3.rel1.win32_1.0.0.202411081344/tools/bin/../lib/gcc/arm-none-eabi/13.3.1/../../../../arm-none-eabi/lib/thumb/v6-m/nofp\libc_nano.a(libc_a-sbrkr.o)
                0x08005bb4                _sbrk_r
 .text.memchr   0x08005bd8       0x16 C:/ST/STM32CubeIDE_1.18.0/STM32CubeIDE/plugins/com.st.stm32cube.ide.mcu.externaltools.gnu-tools-for-stm32.13.3.rel1.win32_1.0.0.202411081344/tools/bin/../lib/gcc/arm-none-eabi/13.3.1/../../../../arm-none-eabi/lib/thumb/v6-m/nofp\libc_nano.a(libc_a-memchr-stub.o)
                0x08005bd8                memchr
 .text.memcpy   0x08005bee       0x12 C:/ST/STM32CubeIDE_1.18.0/STM32CubeIDE/plugins/com.st.stm32cube.ide.mcu.externaltools.gnu-tools-for-stm32.13.3.rel1.win32_1.0.0.202411081344/tools/bin/../lib/gcc/arm-none-eabi/13.3.1/../../../../arm-none-eabi/lib/thumb/v6-m/nofp\libc_nano.a(libc_a-memcpy-stub.o)
                0x08005bee                memcpy
 .text._realloc_r
                0x08005c00       0x60 C:/ST/STM32CubeIDE_1.18.0/STM32CubeIDE/plugins/com.st.stm32cube.ide.mcu.externaltools.gnu-tools-for-stm32.13.3.rel1.win32_1.0.0.202411081344/tools/bin/../lib/gcc/arm-none-eabi/13.3.1/../../../../arm-none-eabi/lib/thumb/v6-m/nofp\libc_nano.a(libc_a-reallocr.o)
                0x08005c00                _realloc_r
 .text._malloc_usable_size_r
                0x08005c60       0x10 C:/ST/STM32CubeIDE_1.18.0/STM32CubeIDE/plugins/com.st.stm32cube.ide.mcu.externaltools.gnu-tools-for-stm32.13.3.rel1.win32_1.0.0.202411081344/tools/bin/../lib/gcc/arm-none-eabi/13.3.1/../../../../arm-none-eabi/lib/thumb/v6-m/nofp\libc_nano.a(libc_a-msizer.o)
                0x08005c60                _malloc_usable_size_r
 *(.glue_7)
 .glue_7        0x08005c70        0x0 linker stubs
 *(.glue_7t)
 .glue_7t       0x08005c70        0x0 linker stubs
 *(.eh_frame)
 .eh_frame      0x08005c70        0x0 C:/ST/STM32CubeIDE_1.18.0/STM32CubeIDE/plugins/com.st.stm32cube.ide.mcu.externaltools.gnu-tools-for-stm32.13.3.rel1.win32_1.0.0.202411081344/tools/bin/../lib/gcc/arm-none-eabi/13.3.1/thumb/v6-m/nofp/crtbegin.o
 *(.init)
 .init          0x08005c70        0x4 C:/ST/STM32CubeIDE_1.18.0/STM32CubeIDE/plugins/com.st.stm32cube.ide.mcu.externaltools.gnu-tools-for-stm32.13.3.rel1.win32_1.0.0.202411081344/tools/bin/../lib/gcc/arm-none-eabi/13.3.1/thumb/v6-m/nofp/crti.o
                0x08005c70                _init
 .init          0x08005c74        0x8 C:/ST/STM32CubeIDE_1.18.0/STM32CubeIDE/plugins/com.st.stm32cube.ide.mcu.externaltools.gnu-tools-for-stm32.13.3.rel1.win32_1.0.0.202411081344/tools/bin/../lib/gcc/arm-none-eabi/13.3.1/thumb/v6-m/nofp/crtn.o
 *(.fini)
 .fini          0x08005c7c        0x4 C:/ST/STM32CubeIDE_1.18.0/STM32CubeIDE/plugins/com.st.stm32cube.ide.mcu.externaltools.gnu-tools-for-stm32.13.3.rel1.win32_1.0.0.202411081344/tools/bin/../lib/gcc/arm-none-eabi/13.3.1/thumb/v6-m/nofp/crti.o
                0x08005c7c                _fini
 .fini          0x08005c80        0x8 C:/ST/STM32CubeIDE_1.18.0/STM32CubeIDE/plugins/com.st.stm32cube.ide.mcu.externaltools.gnu-tools-for-stm32.13.3.rel1.win32_1.0.0.202411081344/tools/bin/../lib/gcc/arm-none-eabi/13.3.1/thumb/v6-m/nofp/crtn.o
                0x08005c88                        . = ALIGN (0x4)
                0x08005c88                        _etext = .

.vfp11_veneer   0x08005c88        0x0
 .vfp11_veneer  0x08005c88        0x0 linker stubs

.v4_bx          0x08005c88        0x0
 .v4_bx         0x08005c88        0x0 linker stubs

.iplt           0x08005c88        0x0
 .iplt          0x08005c88        0x0 C:/ST/STM32CubeIDE_1.18.0/STM32CubeIDE/plugins/com.st.stm32cube.ide.mcu.externaltools.gnu-tools-for-stm32.13.3.rel1.win32_1.0.0.202411081344/tools/bin/../lib/gcc/arm-none-eabi/13.3.1/thumb/v6-m/nofp/crtbegin.o

.rodata         0x08005c88      0x244
                0x08005c88                        . = ALIGN (0x4)
 *(.rodata)
 .rodata        0x08005c88       0x15 ./Application/User/main.o
 *fill*         0x08005c9d        0x3 
 .rodata        0x08005ca0       0xc0 ./Application/User/tracsens.o
 *(.rodata*)
 .rodata.BUTTON_EXTI_LINE.2
                0x08005d60        0x4 ./Drivers/BSP/STM32U0xx_Nucleo/stm32u0xx_nucleo.o
 .rodata.AHBPrescTable
                0x08005d64       0x10 ./Drivers/CMSIS/system_stm32u0xx.o
                0x08005d64                AHBPrescTable
 .rodata.APBPrescTable
                0x08005d74        0x8 ./Drivers/CMSIS/system_stm32u0xx.o
                0x08005d74                APBPrescTable
 .rodata.MSIRangeTable
                0x08005d7c       0x30 ./Drivers/CMSIS/system_stm32u0xx.o
                0x08005d7c                MSIRangeTable
 .rodata.HAL_LPTIM_RegisterCallback
                0x08005dac       0x40 ./Drivers/STM32U0xx_HAL_Driver/stm32u0xx_hal_lptim.o
 .rodata.HAL_RCCEx_GetPeriphCLKFreq
                0x08005dec       0x84 ./Drivers/STM32U0xx_HAL_Driver/stm32u0xx_hal_rcc_ex.o
 .rodata.UARTPrescTable
                0x08005e70       0x18 ./Drivers/STM32U0xx_HAL_Driver/stm32u0xx_hal_uart.o
                0x08005e70                UARTPrescTable
 .rodata.numerator.1
                0x08005e88        0x8 ./Drivers/STM32U0xx_HAL_Driver/stm32u0xx_hal_uart_ex.o
 .rodata.denominator.0
                0x08005e90        0x8 ./Drivers/STM32U0xx_HAL_Driver/stm32u0xx_hal_uart_ex.o
 .rodata._svfprintf_r.str1.1
                0x08005e98       0x33 C:/ST/STM32CubeIDE_1.18.0/STM32CubeIDE/plugins/com.st.stm32cube.ide.mcu.externaltools.gnu-tools-for-stm32.13.3.rel1.win32_1.0.0.202411081344/tools/bin/../lib/gcc/arm-none-eabi/13.3.1/../../../../arm-none-eabi/lib/thumb/v6-m/nofp\libc_nano.a(libc_a-nano-svfprintf.o)
                                 0x11 (size before relaxing)
 .rodata._printf_i.str1.1
                0x08005ecb       0x22 C:/ST/STM32CubeIDE_1.18.0/STM32CubeIDE/plugins/com.st.stm32cube.ide.mcu.externaltools.gnu-tools-for-stm32.13.3.rel1.win32_1.0.0.202411081344/tools/bin/../lib/gcc/arm-none-eabi/13.3.1/../../../../arm-none-eabi/lib/thumb/v6-m/nofp\libc_nano.a(libc_a-nano-vfprintf_i.o)
                0x08005ef0                        . = ALIGN (0x4)
 *fill*         0x08005ecb        0x1 

.ARM.extab      0x08005ecc        0x0
                0x08005ecc                        . = ALIGN (0x4)
 *(.ARM.extab* .gnu.linkonce.armextab.*)
                0x08005ecc                        . = ALIGN (0x4)

.ARM            0x08005ecc        0x8
                0x08005ecc                        . = ALIGN (0x4)
                0x08005ecc                        __exidx_start = .
 *(.ARM.exidx*)
 .ARM.exidx     0x08005ecc        0x8 C:/ST/STM32CubeIDE_1.18.0/STM32CubeIDE/plugins/com.st.stm32cube.ide.mcu.externaltools.gnu-tools-for-stm32.13.3.rel1.win32_1.0.0.202411081344/tools/bin/../lib/gcc/arm-none-eabi/13.3.1/thumb/v6-m/nofp\libgcc.a(_udivmoddi4.o)
                0x08005ed4                        __exidx_end = .
                0x08005ed4                        . = ALIGN (0x4)

.preinit_array  0x08005ed4        0x0
                0x08005ed4                        . = ALIGN (0x4)
                0x08005ed4                        PROVIDE (__preinit_array_start = .)
 *(.preinit_array*)
                0x08005ed4                        PROVIDE (__preinit_array_end = .)
                0x08005ed4                        . = ALIGN (0x4)

.init_array     0x08005ed4        0x4
                0x08005ed4                        . = ALIGN (0x4)
                0x08005ed4                        PROVIDE (__init_array_start = .)
 *(SORT_BY_NAME(.init_array.*))
 *(.init_array*)
 .init_array    0x08005ed4        0x4 C:/ST/STM32CubeIDE_1.18.0/STM32CubeIDE/plugins/com.st.stm32cube.ide.mcu.externaltools.gnu-tools-for-stm32.13.3.rel1.win32_1.0.0.202411081344/tools/bin/../lib/gcc/arm-none-eabi/13.3.1/thumb/v6-m/nofp/crtbegin.o
                0x08005ed8                        PROVIDE (__init_array_end = .)
                0x08005ed8                        . = ALIGN (0x4)

.fini_array     0x08005ed8        0x4
                0x08005ed8                        . = ALIGN (0x4)
                [!provide]                        PROVIDE (__fini_array_start = .)
 *(SORT_BY_NAME(.fini_array.*))
 *(.fini_array*)
 .fini_array    0x08005ed8        0x4 C:/ST/STM32CubeIDE_1.18.0/STM32CubeIDE/plugins/com.st.stm32cube.ide.mcu.externaltools.gnu-tools-for-stm32.13.3.rel1.win32_1.0.0.202411081344/tools/bin/../lib/gcc/arm-none-eabi/13.3.1/thumb/v6-m/nofp/crtbegin.o
                [!provide]                        PROVIDE (__fini_array_end = .)
                0x08005edc                        . = ALIGN (0x4)
                0x08005edc                        _sidata = LOADADDR (.data)

.rel.dyn        0x08005edc        0x0
 .rel.iplt      0x08005edc        0x0 C:/ST/STM32CubeIDE_1.18.0/STM32CubeIDE/plugins/com.st.stm32cube.ide.mcu.externaltools.gnu-tools-for-stm32.13.3.rel1.win32_1.0.0.202411081344/tools/bin/../lib/gcc/arm-none-eabi/13.3.1/thumb/v6-m/nofp/crtbegin.o

.data           0x20000000       0x6c load address 0x08005edc
                0x20000000                        . = ALIGN (0x4)
                0x20000000                        _sdata = .
 *(.data)
 *(.data*)
 .data.LED_PORT
                0x20000000        0x4 ./Drivers/BSP/STM32U0xx_Nucleo/stm32u0xx_nucleo.o
 .data.BUTTON_PORT
                0x20000004        0x4 ./Drivers/BSP/STM32U0xx_Nucleo/stm32u0xx_nucleo.o
 .data.ButtonCallback.1
                0x20000008        0x4 ./Drivers/BSP/STM32U0xx_Nucleo/stm32u0xx_nucleo.o
 .data.BSP_BUTTON_PRIO.0
                0x2000000c        0x4 ./Drivers/BSP/STM32U0xx_Nucleo/stm32u0xx_nucleo.o
 .data.SystemCoreClock
                0x20000010        0x4 ./Drivers/CMSIS/system_stm32u0xx.o
                0x20000010                SystemCoreClock
 .data.uwTickPrio
                0x20000014        0x4 ./Drivers/STM32U0xx_HAL_Driver/stm32u0xx_hal.o
                0x20000014                uwTickPrio
 .data.uwTickFreq
                0x20000018        0x1 ./Drivers/STM32U0xx_HAL_Driver/stm32u0xx_hal.o
                0x20000018                uwTickFreq
 *fill*         0x20000019        0x3 
 .data._impure_ptr
                0x2000001c        0x4 C:/ST/STM32CubeIDE_1.18.0/STM32CubeIDE/plugins/com.st.stm32cube.ide.mcu.externaltools.gnu-tools-for-stm32.13.3.rel1.win32_1.0.0.202411081344/tools/bin/../lib/gcc/arm-none-eabi/13.3.1/../../../../arm-none-eabi/lib/thumb/v6-m/nofp\libc_nano.a(libc_a-impure.o)
                0x2000001c                _impure_ptr
 .data._impure_data
                0x20000020       0x4c C:/ST/STM32CubeIDE_1.18.0/STM32CubeIDE/plugins/com.st.stm32cube.ide.mcu.externaltools.gnu-tools-for-stm32.13.3.rel1.win32_1.0.0.202411081344/tools/bin/../lib/gcc/arm-none-eabi/13.3.1/../../../../arm-none-eabi/lib/thumb/v6-m/nofp\libc_nano.a(libc_a-impure.o)
                0x20000020                _impure_data
 *(.RamFunc)
 *(.RamFunc*)
                0x2000006c                        . = ALIGN (0x4)
                0x2000006c                        _edata = .

.igot.plt       0x2000006c        0x0 load address 0x08005f48
 .igot.plt      0x2000006c        0x0 C:/ST/STM32CubeIDE_1.18.0/STM32CubeIDE/plugins/com.st.stm32cube.ide.mcu.externaltools.gnu-tools-for-stm32.13.3.rel1.win32_1.0.0.202411081344/tools/bin/../lib/gcc/arm-none-eabi/13.3.1/thumb/v6-m/nofp/crtbegin.o
                0x2000006c                        . = ALIGN (0x4)

.bss            0x2000006c      0x2f8 load address 0x08005f48
                0x2000006c                        _sbss = .
                0x2000006c                        __bss_start__ = _sbss
 *(.bss)
 .bss           0x2000006c       0x1c C:/ST/STM32CubeIDE_1.18.0/STM32CubeIDE/plugins/com.st.stm32cube.ide.mcu.externaltools.gnu-tools-for-stm32.13.3.rel1.win32_1.0.0.202411081344/tools/bin/../lib/gcc/arm-none-eabi/13.3.1/thumb/v6-m/nofp/crtbegin.o
 *(.bss*)
 .bss.hrtc      0x20000088       0x30 ./Application/User/main.o
                0x20000088                hrtc
 .bss.huart2    0x200000b8       0x94 ./Application/User/main.o
                0x200000b8                huart2
 .bss.TimingDelay
                0x2000014c        0x4 ./Application/User/main.o
 .bss.__sbrk_heap_end
                0x20000150        0x4 ./Application/User/sysmem.o
 .bss.lCntrMultiplier
                0x20000154        0x4 ./Application/User/tracsens.o
 .bss.eCounterDirection
                0x20000158        0x1 ./Application/User/tracsens.o
 *fill*         0x20000159        0x3 
 .bss.lForwardCount
                0x2000015c        0x4 ./Application/User/tracsens.o
 .bss.lBackwardCount
                0x20000160        0x4 ./Application/User/tracsens.o
 .bss.lLastCounterValue
                0x20000164        0x4 ./Application/User/tracsens.o
 .bss.hlptim1   0x20000168       0x98 ./Application/User/tracsens_io.o
 .bss.App_ReloadCallback
                0x20000200        0x4 ./Application/User/tracsens_io.o
 .bss.App_DirUpCallback
                0x20000204        0x4 ./Application/User/tracsens_io.o
 .bss.App_DirDownCallback
                0x20000208        0x4 ./Application/User/tracsens_io.o
 .bss.hpb_exti  0x2000020c        0xc ./Drivers/BSP/STM32U0xx_Nucleo/stm32u0xx_nucleo.o
                0x2000020c                hpb_exti
 .bss.uwTick    0x20000218        0x4 ./Drivers/STM32U0xx_HAL_Driver/stm32u0xx_hal.o
                0x20000218                uwTick
 .bss.__sf      0x2000021c      0x138 C:/ST/STM32CubeIDE_1.18.0/STM32CubeIDE/plugins/com.st.stm32cube.ide.mcu.externaltools.gnu-tools-for-stm32.13.3.rel1.win32_1.0.0.202411081344/tools/bin/../lib/gcc/arm-none-eabi/13.3.1/../../../../arm-none-eabi/lib/thumb/v6-m/nofp\libc_nano.a(libc_a-findfp.o)
                0x2000021c                __sf
 .bss.errno     0x20000354        0x4 C:/ST/STM32CubeIDE_1.18.0/STM32CubeIDE/plugins/com.st.stm32cube.ide.mcu.externaltools.gnu-tools-for-stm32.13.3.rel1.win32_1.0.0.202411081344/tools/bin/../lib/gcc/arm-none-eabi/13.3.1/../../../../arm-none-eabi/lib/thumb/v6-m/nofp\libc_nano.a(libc_a-reent.o)
                0x20000354                errno
 .bss.__lock___malloc_recursive_mutex
                0x20000358        0x1 C:/ST/STM32CubeIDE_1.18.0/STM32CubeIDE/plugins/com.st.stm32cube.ide.mcu.externaltools.gnu-tools-for-stm32.13.3.rel1.win32_1.0.0.202411081344/tools/bin/../lib/gcc/arm-none-eabi/13.3.1/../../../../arm-none-eabi/lib/thumb/v6-m/nofp\libc_nano.a(libc_a-lock.o)
                0x20000358                __lock___malloc_recursive_mutex
 *fill*         0x20000359        0x3 
 .bss.__malloc_sbrk_start
                0x2000035c        0x4 C:/ST/STM32CubeIDE_1.18.0/STM32CubeIDE/plugins/com.st.stm32cube.ide.mcu.externaltools.gnu-tools-for-stm32.13.3.rel1.win32_1.0.0.202411081344/tools/bin/../lib/gcc/arm-none-eabi/13.3.1/../../../../arm-none-eabi/lib/thumb/v6-m/nofp\libc_nano.a(libc_a-mallocr.o)
                0x2000035c                __malloc_sbrk_start
 .bss.__malloc_free_list
                0x20000360        0x4 C:/ST/STM32CubeIDE_1.18.0/STM32CubeIDE/plugins/com.st.stm32cube.ide.mcu.externaltools.gnu-tools-for-stm32.13.3.rel1.win32_1.0.0.202411081344/tools/bin/../lib/gcc/arm-none-eabi/13.3.1/../../../../arm-none-eabi/lib/thumb/v6-m/nofp\libc_nano.a(libc_a-mallocr.o)
                0x20000360                __malloc_free_list
 *(COMMON)
                0x20000364                        . = ALIGN (0x4)
                0x20000364                        _ebss = .
                0x20000364                        __bss_end__ = _ebss

._user_heap_stack
                0x20000364      0x604 load address 0x08005f48
                0x20000368                        . = ALIGN (0x8)
 *fill*         0x20000364        0x4 
                [!provide]                        PROVIDE (end = .)
                0x20000368                        PROVIDE (_end = .)
                0x20000568                        . = (. + _Min_Heap_Size)
 *fill*         0x20000368      0x200 
                0x20000968                        . = (. + _Min_Stack_Size)
 *fill*         0x20000568      0x400 
                0x20000968                        . = ALIGN (0x8)

/DISCARD/
 libc.a(*)
 libm.a(*)
 libgcc.a(*)

.ARM.attributes
                0x00000000       0x28
 *(.ARM.attributes)
 .ARM.attributes
                0x00000000       0x1e C:/ST/STM32CubeIDE_1.18.0/STM32CubeIDE/plugins/com.st.stm32cube.ide.mcu.externaltools.gnu-tools-for-stm32.13.3.rel1.win32_1.0.0.202411081344/tools/bin/../lib/gcc/arm-none-eabi/13.3.1/thumb/v6-m/nofp/crti.o
 .ARM.attributes
                0x0000001e       0x2c C:/ST/STM32CubeIDE_1.18.0/STM32CubeIDE/plugins/com.st.stm32cube.ide.mcu.externaltools.gnu-tools-for-stm32.13.3.rel1.win32_1.0.0.202411081344/tools/bin/../lib/gcc/arm-none-eabi/13.3.1/thumb/v6-m/nofp/crtbegin.o
 .ARM.attributes
                0x0000004a       0x22 ./Application/Startup/startup_stm32u031r8ix.o
 .ARM.attributes
                0x0000006c       0x2c ./Application/User/main.o
 .ARM.attributes
                0x00000098       0x2c ./Application/User/stm32u0xx_hal_msp.o
 .ARM.attributes
                0x000000c4       0x2c ./Application/User/stm32u0xx_it.o
 .ARM.attributes
                0x000000f0       0x2c ./Application/User/sysmem.o
 .ARM.attributes
                0x0000011c       0x2c ./Application/User/tracsens.o
 .ARM.attributes
                0x00000148       0x2c ./Application/User/tracsens_io.o
 .ARM.attributes
                0x00000174       0x2c ./Drivers/BSP/STM32U0xx_Nucleo/stm32u0xx_nucleo.o
 .ARM.attributes
                0x000001a0       0x2c ./Drivers/CMSIS/system_stm32u0xx.o
 .ARM.attributes
                0x000001cc       0x2c ./Drivers/STM32U0xx_HAL_Driver/stm32u0xx_hal.o
 .ARM.attributes
                0x000001f8       0x2c ./Drivers/STM32U0xx_HAL_Driver/stm32u0xx_hal_cortex.o
 .ARM.attributes
                0x00000224       0x2c ./Drivers/STM32U0xx_HAL_Driver/stm32u0xx_hal_exti.o
 .ARM.attributes
                0x00000250       0x2c ./Drivers/STM32U0xx_HAL_Driver/stm32u0xx_hal_gpio.o
 .ARM.attributes
                0x0000027c       0x2c ./Drivers/STM32U0xx_HAL_Driver/stm32u0xx_hal_lptim.o
 .ARM.attributes
                0x000002a8       0x2c ./Drivers/STM32U0xx_HAL_Driver/stm32u0xx_hal_pwr_ex.o
 .ARM.attributes
                0x000002d4       0x2c ./Drivers/STM32U0xx_HAL_Driver/stm32u0xx_hal_rcc.o
 .ARM.attributes
                0x00000300       0x2c ./Drivers/STM32U0xx_HAL_Driver/stm32u0xx_hal_rcc_ex.o
 .ARM.attributes
                0x0000032c       0x2c ./Drivers/STM32U0xx_HAL_Driver/stm32u0xx_hal_rtc.o
 .ARM.attributes
                0x00000358       0x2c ./Drivers/STM32U0xx_HAL_Driver/stm32u0xx_hal_uart.o
 .ARM.attributes
                0x00000384       0x2c ./Drivers/STM32U0xx_HAL_Driver/stm32u0xx_hal_uart_ex.o
 .ARM.attributes
                0x000003b0       0x2c C:/ST/STM32CubeIDE_1.18.0/STM32CubeIDE/plugins/com.st.stm32cube.ide.mcu.externaltools.gnu-tools-for-stm32.13.3.rel1.win32_1.0.0.202411081344/tools/bin/../lib/gcc/arm-none-eabi/13.3.1/../../../../arm-none-eabi/lib/thumb/v6-m/nofp\libc_nano.a(libc_a-findfp.o)
 .ARM.attributes
                0x000003dc       0x2c C:/ST/STM32CubeIDE_1.18.0/STM32CubeIDE/plugins/com.st.stm32cube.ide.mcu.externaltools.gnu-tools-for-stm32.13.3.rel1.win32_1.0.0.202411081344/tools/bin/../lib/gcc/arm-none-eabi/13.3.1/../../../../arm-none-eabi/lib/thumb/v6-m/nofp\libc_nano.a(libc_a-vsnprintf.o)
 .ARM.attributes
                0x00000408       0x2c C:/ST/STM32CubeIDE_1.18.0/STM32CubeIDE/plugins/com.st.stm32cube.ide.mcu.externaltools.gnu-tools-for-stm32.13.3.rel1.win32_1.0.0.202411081344/tools/bin/../lib/gcc/arm-none-eabi/13.3.1/../../../../arm-none-eabi/lib/thumb/v6-m/nofp\libc_nano.a(libc_a-memset.o)
 .ARM.attributes
                0x00000434       0x2c C:/ST/STM32CubeIDE_1.18.0/STM32CubeIDE/plugins/com.st.stm32cube.ide.mcu.externaltools.gnu-tools-for-stm32.13.3.rel1.win32_1.0.0.202411081344/tools/bin/../lib/gcc/arm-none-eabi/13.3.1/../../../../arm-none-eabi/lib/thumb/v6-m/nofp\libc_nano.a(libc_a-reent.o)
 .ARM.attributes
                0x00000460       0x2c C:/ST/STM32CubeIDE_1.18.0/STM32CubeIDE/plugins/com.st.stm32cube.ide.mcu.externaltools.gnu-tools-for-stm32.13.3.rel1.win32_1.0.0.202411081344/tools/bin/../lib/gcc/arm-none-eabi/13.3.1/../../../../arm-none-eabi/lib/thumb/v6-m/nofp\libc_nano.a(libc_a-impure.o)
 .ARM.attributes
                0x0000048c       0x2c C:/ST/STM32CubeIDE_1.18.0/STM32CubeIDE/plugins/com.st.stm32cube.ide.mcu.externaltools.gnu-tools-for-stm32.13.3.rel1.win32_1.0.0.202411081344/tools/bin/../lib/gcc/arm-none-eabi/13.3.1/../../../../arm-none-eabi/lib/thumb/v6-m/nofp\libc_nano.a(libc_a-errno.o)
 .ARM.attributes
                0x000004b8       0x2c C:/ST/STM32CubeIDE_1.18.0/STM32CubeIDE/plugins/com.st.stm32cube.ide.mcu.externaltools.gnu-tools-for-stm32.13.3.rel1.win32_1.0.0.202411081344/tools/bin/../lib/gcc/arm-none-eabi/13.3.1/../../../../arm-none-eabi/lib/thumb/v6-m/nofp\libc_nano.a(libc_a-init.o)
 .ARM.attributes
                0x000004e4       0x2c C:/ST/STM32CubeIDE_1.18.0/STM32CubeIDE/plugins/com.st.stm32cube.ide.mcu.externaltools.gnu-tools-for-stm32.13.3.rel1.win32_1.0.0.202411081344/tools/bin/../lib/gcc/arm-none-eabi/13.3.1/../../../../arm-none-eabi/lib/thumb/v6-m/nofp\libc_nano.a(libc_a-lock.o)
 .ARM.attributes
                0x00000510       0x1c C:/ST/STM32CubeIDE_1.18.0/STM32CubeIDE/plugins/com.st.stm32cube.ide.mcu.externaltools.gnu-tools-for-stm32.13.3.rel1.win32_1.0.0.202411081344/tools/bin/../lib/gcc/arm-none-eabi/13.3.1/../../../../arm-none-eabi/lib/thumb/v6-m/nofp\libc_nano.a(libc_a-strlen.o)
 .ARM.attributes
                0x0000052c       0x2c C:/ST/STM32CubeIDE_1.18.0/STM32CubeIDE/plugins/com.st.stm32cube.ide.mcu.externaltools.gnu-tools-for-stm32.13.3.rel1.win32_1.0.0.202411081344/tools/bin/../lib/gcc/arm-none-eabi/13.3.1/../../../../arm-none-eabi/lib/thumb/v6-m/nofp\libc_nano.a(libc_a-freer.o)
 .ARM.attributes
                0x00000558       0x2c C:/ST/STM32CubeIDE_1.18.0/STM32CubeIDE/plugins/com.st.stm32cube.ide.mcu.externaltools.gnu-tools-for-stm32.13.3.rel1.win32_1.0.0.202411081344/tools/bin/../lib/gcc/arm-none-eabi/13.3.1/../../../../arm-none-eabi/lib/thumb/v6-m/nofp\libc_nano.a(libc_a-mallocr.o)
 .ARM.attributes
                0x00000584       0x2c C:/ST/STM32CubeIDE_1.18.0/STM32CubeIDE/plugins/com.st.stm32cube.ide.mcu.externaltools.gnu-tools-for-stm32.13.3.rel1.win32_1.0.0.202411081344/tools/bin/../lib/gcc/arm-none-eabi/13.3.1/../../../../arm-none-eabi/lib/thumb/v6-m/nofp\libc_nano.a(libc_a-mlock.o)
 .ARM.attributes
                0x000005b0       0x2c C:/ST/STM32CubeIDE_1.18.0/STM32CubeIDE/plugins/com.st.stm32cube.ide.mcu.externaltools.gnu-tools-for-stm32.13.3.rel1.win32_1.0.0.202411081344/tools/bin/../lib/gcc/arm-none-eabi/13.3.1/../../../../arm-none-eabi/lib/thumb/v6-m/nofp\libc_nano.a(libc_a-nano-svfprintf.o)
 .ARM.attributes
                0x000005dc       0x2c C:/ST/STM32CubeIDE_1.18.0/STM32CubeIDE/plugins/com.st.stm32cube.ide.mcu.externaltools.gnu-tools-for-stm32.13.3.rel1.win32_1.0.0.202411081344/tools/bin/../lib/gcc/arm-none-eabi/13.3.1/../../../../arm-none-eabi/lib/thumb/v6-m/nofp\libc_nano.a(libc_a-nano-vfprintf_i.o)
 .ARM.attributes
                0x00000608       0x2c C:/ST/STM32CubeIDE_1.18.0/STM32CubeIDE/plugins/com.st.stm32cube.ide.mcu.externaltools.gnu-tools-for-stm32.13.3.rel1.win32_1.0.0.202411081344/tools/bin/../lib/gcc/arm-none-eabi/13.3.1/../../../../arm-none-eabi/lib/thumb/v6-m/nofp\libc_nano.a(libc_a-memmove.o)
 .ARM.attributes
                0x00000634       0x2c C:/ST/STM32CubeIDE_1.18.0/STM32CubeIDE/plugins/com.st.stm32cube.ide.mcu.externaltools.gnu-tools-for-stm32.13.3.rel1.win32_1.0.0.202411081344/tools/bin/../lib/gcc/arm-none-eabi/13.3.1/../../../../arm-none-eabi/lib/thumb/v6-m/nofp\libc_nano.a(libc_a-sbrkr.o)
 .ARM.attributes
                0x00000660       0x2c C:/ST/STM32CubeIDE_1.18.0/STM32CubeIDE/plugins/com.st.stm32cube.ide.mcu.externaltools.gnu-tools-for-stm32.13.3.rel1.win32_1.0.0.202411081344/tools/bin/../lib/gcc/arm-none-eabi/13.3.1/../../../../arm-none-eabi/lib/thumb/v6-m/nofp\libc_nano.a(libc_a-memchr-stub.o)
 .ARM.attributes
                0x0000068c       0x2c C:/ST/STM32CubeIDE_1.18.0/STM32CubeIDE/plugins/com.st.stm32cube.ide.mcu.externaltools.gnu-tools-for-stm32.13.3.rel1.win32_1.0.0.202411081344/tools/bin/../lib/gcc/arm-none-eabi/13.3.1/../../../../arm-none-eabi/lib/thumb/v6-m/nofp\libc_nano.a(libc_a-memcpy-stub.o)
 .ARM.attributes
                0x000006b8       0x2c C:/ST/STM32CubeIDE_1.18.0/STM32CubeIDE/plugins/com.st.stm32cube.ide.mcu.externaltools.gnu-tools-for-stm32.13.3.rel1.win32_1.0.0.202411081344/tools/bin/../lib/gcc/arm-none-eabi/13.3.1/../../../../arm-none-eabi/lib/thumb/v6-m/nofp\libc_nano.a(libc_a-reallocr.o)
 .ARM.attributes
                0x000006e4       0x2c C:/ST/STM32CubeIDE_1.18.0/STM32CubeIDE/plugins/com.st.stm32cube.ide.mcu.externaltools.gnu-tools-for-stm32.13.3.rel1.win32_1.0.0.202411081344/tools/bin/../lib/gcc/arm-none-eabi/13.3.1/../../../../arm-none-eabi/lib/thumb/v6-m/nofp\libc_nano.a(libc_a-msizer.o)
 .ARM.attributes
                0x00000710       0x1e C:/ST/STM32CubeIDE_1.18.0/STM32CubeIDE/plugins/com.st.stm32cube.ide.mcu.externaltools.gnu-tools-for-stm32.13.3.rel1.win32_1.0.0.202411081344/tools/bin/../lib/gcc/arm-none-eabi/13.3.1/thumb/v6-m/nofp\libgcc.a(_thumb1_case_shi.o)
 .ARM.attributes
                0x0000072e       0x1e C:/ST/STM32CubeIDE_1.18.0/STM32CubeIDE/plugins/com.st.stm32cube.ide.mcu.externaltools.gnu-tools-for-stm32.13.3.rel1.win32_1.0.0.202411081344/tools/bin/../lib/gcc/arm-none-eabi/13.3.1/thumb/v6-m/nofp\libgcc.a(_udivsi3.o)
 .ARM.attributes
                0x0000074c       0x1e C:/ST/STM32CubeIDE_1.18.0/STM32CubeIDE/plugins/com.st.stm32cube.ide.mcu.externaltools.gnu-tools-for-stm32.13.3.rel1.win32_1.0.0.202411081344/tools/bin/../lib/gcc/arm-none-eabi/13.3.1/thumb/v6-m/nofp\libgcc.a(_divsi3.o)
 .ARM.attributes
                0x0000076a       0x1e C:/ST/STM32CubeIDE_1.18.0/STM32CubeIDE/plugins/com.st.stm32cube.ide.mcu.externaltools.gnu-tools-for-stm32.13.3.rel1.win32_1.0.0.202411081344/tools/bin/../lib/gcc/arm-none-eabi/13.3.1/thumb/v6-m/nofp\libgcc.a(_dvmd_tls.o)
 .ARM.attributes
                0x00000788       0x1e C:/ST/STM32CubeIDE_1.18.0/STM32CubeIDE/plugins/com.st.stm32cube.ide.mcu.externaltools.gnu-tools-for-stm32.13.3.rel1.win32_1.0.0.202411081344/tools/bin/../lib/gcc/arm-none-eabi/13.3.1/thumb/v6-m/nofp\libgcc.a(_aeabi_uldivmod.o)
 .ARM.attributes
                0x000007a6       0x2c C:/ST/STM32CubeIDE_1.18.0/STM32CubeIDE/plugins/com.st.stm32cube.ide.mcu.externaltools.gnu-tools-for-stm32.13.3.rel1.win32_1.0.0.202411081344/tools/bin/../lib/gcc/arm-none-eabi/13.3.1/thumb/v6-m/nofp\libgcc.a(_udivmoddi4.o)
 .ARM.attributes
                0x000007d2       0x1e C:/ST/STM32CubeIDE_1.18.0/STM32CubeIDE/plugins/com.st.stm32cube.ide.mcu.externaltools.gnu-tools-for-stm32.13.3.rel1.win32_1.0.0.202411081344/tools/bin/../lib/gcc/arm-none-eabi/13.3.1/thumb/v6-m/nofp\libgcc.a(_clzdi2.o)
 .ARM.attributes
                0x000007f0       0x1e C:/ST/STM32CubeIDE_1.18.0/STM32CubeIDE/plugins/com.st.stm32cube.ide.mcu.externaltools.gnu-tools-for-stm32.13.3.rel1.win32_1.0.0.202411081344/tools/bin/../lib/gcc/arm-none-eabi/13.3.1/thumb/v6-m/nofp\libgcc.a(_clzsi2.o)
 .ARM.attributes
                0x0000080e       0x1e C:/ST/STM32CubeIDE_1.18.0/STM32CubeIDE/plugins/com.st.stm32cube.ide.mcu.externaltools.gnu-tools-for-stm32.13.3.rel1.win32_1.0.0.202411081344/tools/bin/../lib/gcc/arm-none-eabi/13.3.1/thumb/v6-m/nofp/crtn.o
OUTPUT(PWR_SHUTDOWN.elf elf32-littlearm)
LOAD linker stubs
LOAD C:/ST/STM32CubeIDE_1.18.0/STM32CubeIDE/plugins/com.st.stm32cube.ide.mcu.externaltools.gnu-tools-for-stm32.13.3.rel1.win32_1.0.0.202411081344/tools/bin/../lib/gcc/arm-none-eabi/13.3.1/../../../../arm-none-eabi/lib/thumb/v6-m/nofp\libc.a
LOAD C:/ST/STM32CubeIDE_1.18.0/STM32CubeIDE/plugins/com.st.stm32cube.ide.mcu.externaltools.gnu-tools-for-stm32.13.3.rel1.win32_1.0.0.202411081344/tools/bin/../lib/gcc/arm-none-eabi/13.3.1/../../../../arm-none-eabi/lib/thumb/v6-m/nofp\libm.a
LOAD C:/ST/STM32CubeIDE_1.18.0/STM32CubeIDE/plugins/com.st.stm32cube.ide.mcu.externaltools.gnu-tools-for-stm32.13.3.rel1.win32_1.0.0.202411081344/tools/bin/../lib/gcc/arm-none-eabi/13.3.1/thumb/v6-m/nofp\libgcc.a

.debug_line     0x00000000    0x13059
 .debug_line    0x00000000       0x7b ./Application/Startup/startup_stm32u031r8ix.o
 .debug_line    0x0000007b      0xc8f ./Application/User/main.o
 .debug_line    0x00000d0a      0x908 ./Application/User/stm32u0xx_hal_msp.o
 .debug_line    0x00001612      0x94b ./Application/User/stm32u0xx_it.o
 .debug_line    0x00001f5d      0x590 ./Application/User/sysmem.o
 .debug_line    0x000024ed      0xa70 ./Application/User/tracsens.o
 .debug_line    0x00002f5d      0x9cf ./Application/User/tracsens_io.o
 .debug_line    0x0000392c      0xa66 ./Drivers/BSP/STM32U0xx_Nucleo/stm32u0xx_nucleo.o
 .debug_line    0x00004392      0x8c8 ./Drivers/CMSIS/system_stm32u0xx.o
 .debug_line    0x00004c5a      0xbc6 ./Drivers/STM32U0xx_HAL_Driver/stm32u0xx_hal.o
 .debug_line    0x00005820      0xc44 ./Drivers/STM32U0xx_HAL_Driver/stm32u0xx_hal_cortex.o
 .debug_line    0x00006464      0xbb8 ./Drivers/STM32U0xx_HAL_Driver/stm32u0xx_hal_exti.o
 .debug_line    0x0000701c      0xc10 ./Drivers/STM32U0xx_HAL_Driver/stm32u0xx_hal_gpio.o
 .debug_line    0x00007c2c     0x2f5a ./Drivers/STM32U0xx_HAL_Driver/stm32u0xx_hal_lptim.o
 .debug_line    0x0000ab86      0xc80 ./Drivers/STM32U0xx_HAL_Driver/stm32u0xx_hal_pwr_ex.o
 .debug_line    0x0000b806     0x10fc ./Drivers/STM32U0xx_HAL_Driver/stm32u0xx_hal_rcc.o
 .debug_line    0x0000c902     0x1115 ./Drivers/STM32U0xx_HAL_Driver/stm32u0xx_hal_rcc_ex.o
 .debug_line    0x0000da17     0x10ce ./Drivers/STM32U0xx_HAL_Driver/stm32u0xx_hal_rtc.o
 .debug_line    0x0000eae5     0x37a2 ./Drivers/STM32U0xx_HAL_Driver/stm32u0xx_hal_uart.o
 .debug_line    0x00012287      0xdd2 ./Drivers/STM32U0xx_HAL_Driver/stm32u0xx_hal_uart_ex.o

.debug_line_str
                0x00000000       0x89
 .debug_line_str
                0x00000000       0x89 ./Application/Startup/startup_stm32u031r8ix.o

.debug_info     0x00000000    0x11fac
 .debug_info    0x00000000       0x30 ./Application/Startup/startup_stm32u031r8ix.o
 .debug_info    0x00000030     0x161d ./Application/User/main.o
 .debug_info    0x0000164d     0x16a5 ./Application/User/stm32u0xx_hal_msp.o
 .debug_info    0x00002cf2      0x978 ./Application/User/stm32u0xx_it.o
 .debug_info    0x0000366a      0x168 ./Application/User/sysmem.o
 .debug_info    0x000037d2      0x389 ./Application/User/tracsens.o
 .debug_info    0x00003b5b      0xca2 ./Application/User/tracsens_io.o
 .debug_info    0x000047fd      0xbed ./Drivers/BSP/STM32U0xx_Nucleo/stm32u0xx_nucleo.o
 .debug_info    0x000053ea      0x71a ./Drivers/CMSIS/system_stm32u0xx.o
 .debug_info    0x00005b04      0xa5c ./Drivers/STM32U0xx_HAL_Driver/stm32u0xx_hal.o
 .debug_info    0x00006560      0x989 ./Drivers/STM32U0xx_HAL_Driver/stm32u0xx_hal_cortex.o
 .debug_info    0x00006ee9      0x70c ./Drivers/STM32U0xx_HAL_Driver/stm32u0xx_hal_exti.o
 .debug_info    0x000075f5      0x63e ./Drivers/STM32U0xx_HAL_Driver/stm32u0xx_hal_gpio.o
 .debug_info    0x00007c33     0x1bec ./Drivers/STM32U0xx_HAL_Driver/stm32u0xx_hal_lptim.o
 .debug_info    0x0000981f      0x89b ./Drivers/STM32U0xx_HAL_Driver/stm32u0xx_hal_pwr_ex.o
 .debug_info    0x0000a0ba      0xd0b ./Drivers/STM32U0xx_HAL_Driver/stm32u0xx_hal_rcc.o
 .debug_info    0x0000adc5      0xccb ./Drivers/STM32U0xx_HAL_Driver/stm32u0xx_hal_rcc_ex.o
 .debug_info    0x0000ba90      0xd51 ./Drivers/STM32U0xx_HAL_Driver/stm32u0xx_hal_rtc.o
 .debug_info    0x0000c7e1     0x4787 ./Drivers/STM32U0xx_HAL_Driver/stm32u0xx_hal_uart.o
 .debug_info    0x00010f68     0x1044 ./Drivers/STM32U0xx_HAL_Driver/stm32u0xx_hal_uart_ex.o

.debug_abbrev   0x00000000     0x2ab7
 .debug_abbrev  0x00000000       0x24 ./Application/Startup/startup_stm32u031r8ix.o
 .debug_abbrev  0x00000024      0x31c ./Application/User/main.o
 .debug_abbrev  0x00000340      0x236 ./Application/User/stm32u0xx_hal_msp.o
 .debug_abbrev  0x00000576      0x1ac ./Application/User/stm32u0xx_it.o
 .debug_abbrev  0x00000722       0xbc ./Application/User/sysmem.o
 .debug_abbrev  0x000007de      0x1a7 ./Application/User/tracsens.o
 .debug_abbrev  0x00000985      0x24d ./Application/User/tracsens_io.o
 .debug_abbrev  0x00000bd2      0x2b1 ./Drivers/BSP/STM32U0xx_Nucleo/stm32u0xx_nucleo.o
 .debug_abbrev  0x00000e83      0x117 ./Drivers/CMSIS/system_stm32u0xx.o
 .debug_abbrev  0x00000f9a      0x2ce ./Drivers/STM32U0xx_HAL_Driver/stm32u0xx_hal.o
 .debug_abbrev  0x00001268      0x2ac ./Drivers/STM32U0xx_HAL_Driver/stm32u0xx_hal_cortex.o
 .debug_abbrev  0x00001514      0x197 ./Drivers/STM32U0xx_HAL_Driver/stm32u0xx_hal_exti.o
 .debug_abbrev  0x000016ab      0x1c8 ./Drivers/STM32U0xx_HAL_Driver/stm32u0xx_hal_gpio.o
 .debug_abbrev  0x00001873      0x29d ./Drivers/STM32U0xx_HAL_Driver/stm32u0xx_hal_lptim.o
 .debug_abbrev  0x00001b10      0x212 ./Drivers/STM32U0xx_HAL_Driver/stm32u0xx_hal_pwr_ex.o
 .debug_abbrev  0x00001d22      0x2d7 ./Drivers/STM32U0xx_HAL_Driver/stm32u0xx_hal_rcc.o
 .debug_abbrev  0x00001ff9      0x28e ./Drivers/STM32U0xx_HAL_Driver/stm32u0xx_hal_rcc_ex.o
 .debug_abbrev  0x00002287      0x226 ./Drivers/STM32U0xx_HAL_Driver/stm32u0xx_hal_rtc.o
 .debug_abbrev  0x000024ad      0x324 ./Drivers/STM32U0xx_HAL_Driver/stm32u0xx_hal_uart.o
 .debug_abbrev  0x000027d1      0x2e6 ./Drivers/STM32U0xx_HAL_Driver/stm32u0xx_hal_uart_ex.o

.debug_aranges  0x00000000      0xe50
 .debug_aranges
                0x00000000       0x28 ./Application/Startup/startup_stm32u031r8ix.o
 .debug_aranges
                0x00000028       0x68 ./Application/User/main.o
 .debug_aranges
                0x00000090       0x50 ./Application/User/stm32u0xx_hal_msp.o
 .debug_aranges
                0x000000e0       0x40 ./Application/User/stm32u0xx_it.o
 .debug_aranges
                0x00000120       0x20 ./Application/User/sysmem.o
 .debug_aranges
                0x00000140       0x50 ./Application/User/tracsens.o
 .debug_aranges
                0x00000190       0xa0 ./Application/User/tracsens_io.o
 .debug_aranges
                0x00000230       0x90 ./Drivers/BSP/STM32U0xx_Nucleo/stm32u0xx_nucleo.o
 .debug_aranges
                0x000002c0       0x28 ./Drivers/CMSIS/system_stm32u0xx.o
 .debug_aranges
                0x000002e8      0x130 ./Drivers/STM32U0xx_HAL_Driver/stm32u0xx_hal.o
 .debug_aranges
                0x00000418       0xe8 ./Drivers/STM32U0xx_HAL_Driver/stm32u0xx_hal_cortex.o
 .debug_aranges
                0x00000500       0x60 ./Drivers/STM32U0xx_HAL_Driver/stm32u0xx_hal_exti.o
 .debug_aranges
                0x00000560       0x60 ./Drivers/STM32U0xx_HAL_Driver/stm32u0xx_hal_gpio.o
 .debug_aranges
                0x000005c0      0x280 ./Drivers/STM32U0xx_HAL_Driver/stm32u0xx_hal_lptim.o
 .debug_aranges
                0x00000840      0x108 ./Drivers/STM32U0xx_HAL_Driver/stm32u0xx_hal_pwr_ex.o
 .debug_aranges
                0x00000948       0x88 ./Drivers/STM32U0xx_HAL_Driver/stm32u0xx_hal_rcc.o
 .debug_aranges
                0x000009d0       0xa8 ./Drivers/STM32U0xx_HAL_Driver/stm32u0xx_hal_rcc_ex.o
 .debug_aranges
                0x00000a78       0xe8 ./Drivers/STM32U0xx_HAL_Driver/stm32u0xx_hal_rtc.o
 .debug_aranges
                0x00000b60      0x248 ./Drivers/STM32U0xx_HAL_Driver/stm32u0xx_hal_uart.o
 .debug_aranges
                0x00000da8       0xa8 ./Drivers/STM32U0xx_HAL_Driver/stm32u0xx_hal_uart_ex.o

.debug_str      0x00000000    0xab123
 .debug_str     0x00000000    0xab123 ./Application/Startup/startup_stm32u031r8ix.o
                                 0xa5 (size before relaxing)
 .debug_str     0x000ab123    0xa72c2 ./Application/User/main.o
 .debug_str     0x000ab123    0xa35fd ./Application/User/stm32u0xx_hal_msp.o
 .debug_str     0x000ab123    0xa328a ./Application/User/stm32u0xx_it.o
 .debug_str     0x000ab123     0x76a0 ./Application/User/sysmem.o
 .debug_str     0x000ab123    0xa6005 ./Application/User/tracsens.o
 .debug_str     0x000ab123    0xa30ce ./Application/User/tracsens_io.o
 .debug_str     0x000ab123    0xa310e ./Drivers/BSP/STM32U0xx_Nucleo/stm32u0xx_nucleo.o
 .debug_str     0x000ab123    0xa269a ./Drivers/CMSIS/system_stm32u0xx.o
 .debug_str     0x000ab123    0xa2d22 ./Drivers/STM32U0xx_HAL_Driver/stm32u0xx_hal.o
 .debug_str     0x000ab123    0xa2a02 ./Drivers/STM32U0xx_HAL_Driver/stm32u0xx_hal_cortex.o
 .debug_str     0x000ab123    0xa26c5 ./Drivers/STM32U0xx_HAL_Driver/stm32u0xx_hal_exti.o
 .debug_str     0x000ab123    0xa265b ./Drivers/STM32U0xx_HAL_Driver/stm32u0xx_hal_gpio.o
 .debug_str     0x000ab123    0xa3656 ./Drivers/STM32U0xx_HAL_Driver/stm32u0xx_hal_lptim.o
 .debug_str     0x000ab123    0xa2a1d ./Drivers/STM32U0xx_HAL_Driver/stm32u0xx_hal_pwr_ex.o
 .debug_str     0x000ab123    0xa2d36 ./Drivers/STM32U0xx_HAL_Driver/stm32u0xx_hal_rcc.o
 .debug_str     0x000ab123    0xa2bca ./Drivers/STM32U0xx_HAL_Driver/stm32u0xx_hal_rcc_ex.o
 .debug_str     0x000ab123    0xa2a41 ./Drivers/STM32U0xx_HAL_Driver/stm32u0xx_hal_rtc.o
 .debug_str     0x000ab123    0xa3396 ./Drivers/STM32U0xx_HAL_Driver/stm32u0xx_hal_uart.o
 .debug_str     0x000ab123    0xa2db0 ./Drivers/STM32U0xx_HAL_Driver/stm32u0xx_hal_uart_ex.o

.debug_rnglists
                0x00000000      0xb0b
 .debug_rnglists
                0x00000000       0x19 ./Application/Startup/startup_stm32u031r8ix.o
 .debug_rnglists
                0x00000019       0x4e ./Application/User/main.o
 .debug_rnglists
                0x00000067       0x3a ./Application/User/stm32u0xx_hal_msp.o
 .debug_rnglists
                0x000000a1       0x2b ./Application/User/stm32u0xx_it.o
 .debug_rnglists
                0x000000cc       0x13 ./Application/User/sysmem.o
 .debug_rnglists
                0x000000df       0x38 ./Application/User/tracsens.o
 .debug_rnglists
                0x00000117       0x73 ./Application/User/tracsens_io.o
 .debug_rnglists
                0x0000018a       0x68 ./Drivers/BSP/STM32U0xx_Nucleo/stm32u0xx_nucleo.o
 .debug_rnglists
                0x000001f2       0x1a ./Drivers/CMSIS/system_stm32u0xx.o
 .debug_rnglists
                0x0000020c       0xe0 ./Drivers/STM32U0xx_HAL_Driver/stm32u0xx_hal.o
 .debug_rnglists
                0x000002ec       0xaa ./Drivers/STM32U0xx_HAL_Driver/stm32u0xx_hal_cortex.o
 .debug_rnglists
                0x00000396       0x47 ./Drivers/STM32U0xx_HAL_Driver/stm32u0xx_hal_exti.o
 .debug_rnglists
                0x000003dd       0x45 ./Drivers/STM32U0xx_HAL_Driver/stm32u0xx_hal_gpio.o
 .debug_rnglists
                0x00000422      0x207 ./Drivers/STM32U0xx_HAL_Driver/stm32u0xx_hal_lptim.o
 .debug_rnglists
                0x00000629       0xc8 ./Drivers/STM32U0xx_HAL_Driver/stm32u0xx_hal_pwr_ex.o
 .debug_rnglists
                0x000006f1       0x68 ./Drivers/STM32U0xx_HAL_Driver/stm32u0xx_hal_rcc.o
 .debug_rnglists
                0x00000759       0x81 ./Drivers/STM32U0xx_HAL_Driver/stm32u0xx_hal_rcc_ex.o
 .debug_rnglists
                0x000007da       0xb4 ./Drivers/STM32U0xx_HAL_Driver/stm32u0xx_hal_rtc.o
 .debug_rnglists
                0x0000088e      0x1fd ./Drivers/STM32U0xx_HAL_Driver/stm32u0xx_hal_uart.o
 .debug_rnglists
                0x00000a8b       0x80 ./Drivers/STM32U0xx_HAL_Driver/stm32u0xx_hal_uart_ex.o

.debug_macro    0x00000000    0x1af97
 .debug_macro   0x00000000      0x34e ./Application/User/main.o
 .debug_macro   0x0000034e      0xaae ./Application/User/main.o
 .debug_macro   0x00000dfc      0x11e ./Application/User/main.o
 .debug_macro   0x00000f1a       0x2e ./Application/User/main.o
 .debug_macro   0x00000f48       0x28 ./Application/User/main.o
 .debug_macro   0x00000f70       0x22 ./Application/User/main.o
 .debug_macro   0x00000f92       0x8e ./Application/User/main.o
 .debug_macro   0x00001020       0x51 ./Application/User/main.o
 .debug_macro   0x00001071      0x103 ./Application/User/main.o
 .debug_macro   0x00001174       0x6a ./Application/User/main.o
 .debug_macro   0x000011de      0x1df ./Application/User/main.o
 .debug_macro   0x000013bd       0x1c ./Application/User/main.o
 .debug_macro   0x000013d9       0x22 ./Application/User/main.o
 .debug_macro   0x000013fb       0xd1 ./Application/User/main.o
 .debug_macro   0x000014cc      0x4da ./Application/User/main.o
 .debug_macro   0x000019a6      0x11f ./Application/User/main.o
 .debug_macro   0x00001ac5     0xdbe3 ./Application/User/main.o
 .debug_macro   0x0000f6a8       0x6c ./Application/User/main.o
 .debug_macro   0x0000f714     0x3463 ./Application/User/main.o
 .debug_macro   0x00012b77      0x190 ./Application/User/main.o
 .debug_macro   0x00012d07       0x5a ./Application/User/main.o
 .debug_macro   0x00012d61     0x11c3 ./Application/User/main.o
 .debug_macro   0x00013f24      0x31a ./Application/User/main.o
 .debug_macro   0x0001423e      0x1cf ./Application/User/main.o
 .debug_macro   0x0001440d      0x11c ./Application/User/main.o
 .debug_macro   0x00014529      0x432 ./Application/User/main.o
 .debug_macro   0x0001495b      0x280 ./Application/User/main.o
 .debug_macro   0x00014bdb      0x3c3 ./Application/User/main.o
 .debug_macro   0x00014f9e      0x1a5 ./Application/User/main.o
 .debug_macro   0x00015143       0x43 ./Application/User/main.o
 .debug_macro   0x00015186      0x1f1 ./Application/User/main.o
 .debug_macro   0x00015377      0x1b6 ./Application/User/main.o
 .debug_macro   0x0001552d      0x359 ./Application/User/main.o
 .debug_macro   0x00015886       0x2e ./Application/User/main.o
 .debug_macro   0x000158b4       0xe4 ./Application/User/main.o
 .debug_macro   0x00015998      0x37c ./Application/User/main.o
 .debug_macro   0x00015d14      0x479 ./Application/User/main.o
 .debug_macro   0x0001618d      0x128 ./Application/User/main.o
 .debug_macro   0x000162b5      0x34b ./Application/User/main.o
 .debug_macro   0x00016600      0x336 ./Application/User/main.o
 .debug_macro   0x00016936      0x65f ./Application/User/main.o
 .debug_macro   0x00016f95       0xe4 ./Application/User/main.o
 .debug_macro   0x00017079      0x693 ./Application/User/main.o
 .debug_macro   0x0001770c       0xa6 ./Application/User/main.o
 .debug_macro   0x000177b2      0x53d ./Application/User/main.o
 .debug_macro   0x00017cef       0x2e ./Application/User/main.o
 .debug_macro   0x00017d1d       0x22 ./Application/User/main.o
 .debug_macro   0x00017d3f       0x52 ./Application/User/main.o
 .debug_macro   0x00017d91       0x89 ./Application/User/main.o
 .debug_macro   0x00017e1a       0x61 ./Application/User/main.o
 .debug_macro   0x00017e7b       0x24 ./Application/User/main.o
 .debug_macro   0x00017e9f       0x43 ./Application/User/main.o
 .debug_macro   0x00017ee2       0x34 ./Application/User/main.o
 .debug_macro   0x00017f16       0x16 ./Application/User/main.o
 .debug_macro   0x00017f2c       0x3c ./Application/User/main.o
 .debug_macro   0x00017f68      0x370 ./Application/User/main.o
 .debug_macro   0x000182d8       0x10 ./Application/User/main.o
 .debug_macro   0x000182e8       0x16 ./Application/User/main.o
 .debug_macro   0x000182fe       0x4a ./Application/User/main.o
 .debug_macro   0x00018348       0x34 ./Application/User/main.o
 .debug_macro   0x0001837c       0x10 ./Application/User/main.o
 .debug_macro   0x0001838c       0x58 ./Application/User/main.o
 .debug_macro   0x000183e4       0x8e ./Application/User/main.o
 .debug_macro   0x00018472       0x1c ./Application/User/main.o
 .debug_macro   0x0001848e      0x185 ./Application/User/main.o
 .debug_macro   0x00018613       0x16 ./Application/User/main.o
 .debug_macro   0x00018629       0x16 ./Application/User/main.o
 .debug_macro   0x0001863f      0x146 ./Application/User/main.o
 .debug_macro   0x00018785       0x16 ./Application/User/main.o
 .debug_macro   0x0001879b       0x20 ./Application/User/main.o
 .debug_macro   0x000187bb       0x4c ./Application/User/main.o
 .debug_macro   0x00018807       0x22 ./Application/User/main.o
 .debug_macro   0x00018829      0x203 ./Application/User/stm32u0xx_hal_msp.o
 .debug_macro   0x00018a2c      0x241 ./Application/User/stm32u0xx_it.o
 .debug_macro   0x00018c6d      0x112 ./Application/User/sysmem.o
 .debug_macro   0x00018d7f      0x23c ./Application/User/sysmem.o
 .debug_macro   0x00018fbb      0x331 ./Application/User/tracsens.o
 .debug_macro   0x000192ec      0x216 ./Application/User/tracsens_io.o
 .debug_macro   0x00019502      0x221 ./Drivers/BSP/STM32U0xx_Nucleo/stm32u0xx_nucleo.o
 .debug_macro   0x00019723       0x1c ./Drivers/BSP/STM32U0xx_Nucleo/stm32u0xx_nucleo.o
 .debug_macro   0x0001973f      0x200 ./Drivers/CMSIS/system_stm32u0xx.o
 .debug_macro   0x0001993f      0x212 ./Drivers/STM32U0xx_HAL_Driver/stm32u0xx_hal.o
 .debug_macro   0x00019b51      0x1f4 ./Drivers/STM32U0xx_HAL_Driver/stm32u0xx_hal_cortex.o
 .debug_macro   0x00019d45      0x200 ./Drivers/STM32U0xx_HAL_Driver/stm32u0xx_hal_exti.o
 .debug_macro   0x00019f45      0x1fa ./Drivers/STM32U0xx_HAL_Driver/stm32u0xx_hal_gpio.o
 .debug_macro   0x0001a13f      0x1fc ./Drivers/STM32U0xx_HAL_Driver/stm32u0xx_hal_lptim.o
 .debug_macro   0x0001a33b      0x21e ./Drivers/STM32U0xx_HAL_Driver/stm32u0xx_hal_pwr_ex.o
 .debug_macro   0x0001a559      0x224 ./Drivers/STM32U0xx_HAL_Driver/stm32u0xx_hal_rcc.o
 .debug_macro   0x0001a77d      0x206 ./Drivers/STM32U0xx_HAL_Driver/stm32u0xx_hal_rcc_ex.o
 .debug_macro   0x0001a983      0x1f5 ./Drivers/STM32U0xx_HAL_Driver/stm32u0xx_hal_rtc.o
 .debug_macro   0x0001ab78      0x21f ./Drivers/STM32U0xx_HAL_Driver/stm32u0xx_hal_uart.o
 .debug_macro   0x0001ad97      0x200 ./Drivers/STM32U0xx_HAL_Driver/stm32u0xx_hal_uart_ex.o

.comment        0x00000000       0x43
 .comment       0x00000000       0x43 ./Application/User/main.o
                                 0x44 (size before relaxing)
 .comment       0x00000043       0x44 ./Application/User/stm32u0xx_hal_msp.o
 .comment       0x00000043       0x44 ./Application/User/stm32u0xx_it.o
 .comment       0x00000043       0x44 ./Application/User/sysmem.o
 .comment       0x00000043       0x44 ./Application/User/tracsens.o
 .comment       0x00000043       0x44 ./Application/User/tracsens_io.o
 .comment       0x00000043       0x44 ./Drivers/BSP/STM32U0xx_Nucleo/stm32u0xx_nucleo.o
 .comment       0x00000043       0x44 ./Drivers/CMSIS/system_stm32u0xx.o
 .comment       0x00000043       0x44 ./Drivers/STM32U0xx_HAL_Driver/stm32u0xx_hal.o
 .comment       0x00000043       0x44 ./Drivers/STM32U0xx_HAL_Driver/stm32u0xx_hal_cortex.o
 .comment       0x00000043       0x44 ./Drivers/STM32U0xx_HAL_Driver/stm32u0xx_hal_exti.o
 .comment       0x00000043       0x44 ./Drivers/STM32U0xx_HAL_Driver/stm32u0xx_hal_gpio.o
 .comment       0x00000043       0x44 ./Drivers/STM32U0xx_HAL_Driver/stm32u0xx_hal_lptim.o
 .comment       0x00000043       0x44 ./Drivers/STM32U0xx_HAL_Driver/stm32u0xx_hal_pwr_ex.o
 .comment       0x00000043       0x44 ./Drivers/STM32U0xx_HAL_Driver/stm32u0xx_hal_rcc.o
 .comment       0x00000043       0x44 ./Drivers/STM32U0xx_HAL_Driver/stm32u0xx_hal_rcc_ex.o
 .comment       0x00000043       0x44 ./Drivers/STM32U0xx_HAL_Driver/stm32u0xx_hal_rtc.o
 .comment       0x00000043       0x44 ./Drivers/STM32U0xx_HAL_Driver/stm32u0xx_hal_uart.o
 .comment       0x00000043       0x44 ./Drivers/STM32U0xx_HAL_Driver/stm32u0xx_hal_uart_ex.o

.debug_frame    0x00000000     0x3750
 .debug_frame   0x00000000      0x144 ./Application/User/main.o
 .debug_frame   0x00000144       0xf0 ./Application/User/stm32u0xx_hal_msp.o
 .debug_frame   0x00000234       0x9c ./Application/User/stm32u0xx_it.o
 .debug_frame   0x000002d0       0x30 ./Application/User/sysmem.o
 .debug_frame   0x00000300       0xe0 ./Application/User/tracsens.o
 .debug_frame   0x000003e0      0x220 ./Application/User/tracsens_io.o
 .debug_frame   0x00000600      0x1e0 ./Drivers/BSP/STM32U0xx_Nucleo/stm32u0xx_nucleo.o
 .debug_frame   0x000007e0       0x50 ./Drivers/CMSIS/system_stm32u0xx.o
 .debug_frame   0x00000830      0x40c ./Drivers/STM32U0xx_HAL_Driver/stm32u0xx_hal.o
 .debug_frame   0x00000c3c      0x33c ./Drivers/STM32U0xx_HAL_Driver/stm32u0xx_hal_cortex.o
 .debug_frame   0x00000f78      0x130 ./Drivers/STM32U0xx_HAL_Driver/stm32u0xx_hal_exti.o
 .debug_frame   0x000010a8      0x130 ./Drivers/STM32U0xx_HAL_Driver/stm32u0xx_hal_gpio.o
 .debug_frame   0x000011d8      0x9b4 ./Drivers/STM32U0xx_HAL_Driver/stm32u0xx_hal_lptim.o
 .debug_frame   0x00001b8c      0x388 ./Drivers/STM32U0xx_HAL_Driver/stm32u0xx_hal_pwr_ex.o
 .debug_frame   0x00001f14      0x1c4 ./Drivers/STM32U0xx_HAL_Driver/stm32u0xx_hal_rcc.o
 .debug_frame   0x000020d8      0x23c ./Drivers/STM32U0xx_HAL_Driver/stm32u0xx_hal_rcc_ex.o
 .debug_frame   0x00002314      0x354 ./Drivers/STM32U0xx_HAL_Driver/stm32u0xx_hal_rtc.o
 .debug_frame   0x00002668      0x8d8 ./Drivers/STM32U0xx_HAL_Driver/stm32u0xx_hal_uart.o
 .debug_frame   0x00002f40      0x258 ./Drivers/STM32U0xx_HAL_Driver/stm32u0xx_hal_uart_ex.o
 .debug_frame   0x00003198      0x138 C:/ST/STM32CubeIDE_1.18.0/STM32CubeIDE/plugins/com.st.stm32cube.ide.mcu.externaltools.gnu-tools-for-stm32.13.3.rel1.win32_1.0.0.202411081344/tools/bin/../lib/gcc/arm-none-eabi/13.3.1/../../../../arm-none-eabi/lib/thumb/v6-m/nofp\libc_nano.a(libc_a-findfp.o)
 .debug_frame   0x000032d0       0x48 C:/ST/STM32CubeIDE_1.18.0/STM32CubeIDE/plugins/com.st.stm32cube.ide.mcu.externaltools.gnu-tools-for-stm32.13.3.rel1.win32_1.0.0.202411081344/tools/bin/../lib/gcc/arm-none-eabi/13.3.1/../../../../arm-none-eabi/lib/thumb/v6-m/nofp\libc_nano.a(libc_a-vsnprintf.o)
 .debug_frame   0x00003318       0x20 C:/ST/STM32CubeIDE_1.18.0/STM32CubeIDE/plugins/com.st.stm32cube.ide.mcu.externaltools.gnu-tools-for-stm32.13.3.rel1.win32_1.0.0.202411081344/tools/bin/../lib/gcc/arm-none-eabi/13.3.1/../../../../arm-none-eabi/lib/thumb/v6-m/nofp\libc_nano.a(libc_a-memset.o)
 .debug_frame   0x00003338       0x2c C:/ST/STM32CubeIDE_1.18.0/STM32CubeIDE/plugins/com.st.stm32cube.ide.mcu.externaltools.gnu-tools-for-stm32.13.3.rel1.win32_1.0.0.202411081344/tools/bin/../lib/gcc/arm-none-eabi/13.3.1/../../../../arm-none-eabi/lib/thumb/v6-m/nofp\libc_nano.a(libc_a-reent.o)
 .debug_frame   0x00003364       0x20 C:/ST/STM32CubeIDE_1.18.0/STM32CubeIDE/plugins/com.st.stm32cube.ide.mcu.externaltools.gnu-tools-for-stm32.13.3.rel1.win32_1.0.0.202411081344/tools/bin/../lib/gcc/arm-none-eabi/13.3.1/../../../../arm-none-eabi/lib/thumb/v6-m/nofp\libc_nano.a(libc_a-errno.o)
 .debug_frame   0x00003384       0x2c C:/ST/STM32CubeIDE_1.18.0/STM32CubeIDE/plugins/com.st.stm32cube.ide.mcu.externaltools.gnu-tools-for-stm32.13.3.rel1.win32_1.0.0.202411081344/tools/bin/../lib/gcc/arm-none-eabi/13.3.1/../../../../arm-none-eabi/lib/thumb/v6-m/nofp\libc_nano.a(libc_a-init.o)
 .debug_frame   0x000033b0       0xb0 C:/ST/STM32CubeIDE_1.18.0/STM32CubeIDE/plugins/com.st.stm32cube.ide.mcu.externaltools.gnu-tools-for-stm32.13.3.rel1.win32_1.0.0.202411081344/tools/bin/../lib/gcc/arm-none-eabi/13.3.1/../../../../arm-none-eabi/lib/thumb/v6-m/nofp\libc_nano.a(libc_a-lock.o)
 .debug_frame   0x00003460       0x2c C:/ST/STM32CubeIDE_1.18.0/STM32CubeIDE/plugins/com.st.stm32cube.ide.mcu.externaltools.gnu-tools-for-stm32.13.3.rel1.win32_1.0.0.202411081344/tools/bin/../lib/gcc/arm-none-eabi/13.3.1/../../../../arm-none-eabi/lib/thumb/v6-m/nofp\libc_nano.a(libc_a-freer.o)
 .debug_frame   0x0000348c       0x50 C:/ST/STM32CubeIDE_1.18.0/STM32CubeIDE/plugins/com.st.stm32cube.ide.mcu.externaltools.gnu-tools-for-stm32.13.3.rel1.win32_1.0.0.202411081344/tools/bin/../lib/gcc/arm-none-eabi/13.3.1/../../../../arm-none-eabi/lib/thumb/v6-m/nofp\libc_nano.a(libc_a-mallocr.o)
 .debug_frame   0x000034dc       0x40 C:/ST/STM32CubeIDE_1.18.0/STM32CubeIDE/plugins/com.st.stm32cube.ide.mcu.externaltools.gnu-tools-for-stm32.13.3.rel1.win32_1.0.0.202411081344/tools/bin/../lib/gcc/arm-none-eabi/13.3.1/../../../../arm-none-eabi/lib/thumb/v6-m/nofp\libc_nano.a(libc_a-mlock.o)
 .debug_frame   0x0000351c       0x74 C:/ST/STM32CubeIDE_1.18.0/STM32CubeIDE/plugins/com.st.stm32cube.ide.mcu.externaltools.gnu-tools-for-stm32.13.3.rel1.win32_1.0.0.202411081344/tools/bin/../lib/gcc/arm-none-eabi/13.3.1/../../../../arm-none-eabi/lib/thumb/v6-m/nofp\libc_nano.a(libc_a-nano-svfprintf.o)
 .debug_frame   0x00003590       0x54 C:/ST/STM32CubeIDE_1.18.0/STM32CubeIDE/plugins/com.st.stm32cube.ide.mcu.externaltools.gnu-tools-for-stm32.13.3.rel1.win32_1.0.0.202411081344/tools/bin/../lib/gcc/arm-none-eabi/13.3.1/../../../../arm-none-eabi/lib/thumb/v6-m/nofp\libc_nano.a(libc_a-nano-vfprintf_i.o)
 .debug_frame   0x000035e4       0x28 C:/ST/STM32CubeIDE_1.18.0/STM32CubeIDE/plugins/com.st.stm32cube.ide.mcu.externaltools.gnu-tools-for-stm32.13.3.rel1.win32_1.0.0.202411081344/tools/bin/../lib/gcc/arm-none-eabi/13.3.1/../../../../arm-none-eabi/lib/thumb/v6-m/nofp\libc_nano.a(libc_a-memmove.o)
 .debug_frame   0x0000360c       0x2c C:/ST/STM32CubeIDE_1.18.0/STM32CubeIDE/plugins/com.st.stm32cube.ide.mcu.externaltools.gnu-tools-for-stm32.13.3.rel1.win32_1.0.0.202411081344/tools/bin/../lib/gcc/arm-none-eabi/13.3.1/../../../../arm-none-eabi/lib/thumb/v6-m/nofp\libc_nano.a(libc_a-sbrkr.o)
 .debug_frame   0x00003638       0x20 C:/ST/STM32CubeIDE_1.18.0/STM32CubeIDE/plugins/com.st.stm32cube.ide.mcu.externaltools.gnu-tools-for-stm32.13.3.rel1.win32_1.0.0.202411081344/tools/bin/../lib/gcc/arm-none-eabi/13.3.1/../../../../arm-none-eabi/lib/thumb/v6-m/nofp\libc_nano.a(libc_a-memchr-stub.o)
 .debug_frame   0x00003658       0x28 C:/ST/STM32CubeIDE_1.18.0/STM32CubeIDE/plugins/com.st.stm32cube.ide.mcu.externaltools.gnu-tools-for-stm32.13.3.rel1.win32_1.0.0.202411081344/tools/bin/../lib/gcc/arm-none-eabi/13.3.1/../../../../arm-none-eabi/lib/thumb/v6-m/nofp\libc_nano.a(libc_a-memcpy-stub.o)
 .debug_frame   0x00003680       0x34 C:/ST/STM32CubeIDE_1.18.0/STM32CubeIDE/plugins/com.st.stm32cube.ide.mcu.externaltools.gnu-tools-for-stm32.13.3.rel1.win32_1.0.0.202411081344/tools/bin/../lib/gcc/arm-none-eabi/13.3.1/../../../../arm-none-eabi/lib/thumb/v6-m/nofp\libc_nano.a(libc_a-reallocr.o)
 .debug_frame   0x000036b4       0x20 C:/ST/STM32CubeIDE_1.18.0/STM32CubeIDE/plugins/com.st.stm32cube.ide.mcu.externaltools.gnu-tools-for-stm32.13.3.rel1.win32_1.0.0.202411081344/tools/bin/../lib/gcc/arm-none-eabi/13.3.1/../../../../arm-none-eabi/lib/thumb/v6-m/nofp\libc_nano.a(libc_a-msizer.o)
 .debug_frame   0x000036d4       0x20 C:/ST/STM32CubeIDE_1.18.0/STM32CubeIDE/plugins/com.st.stm32cube.ide.mcu.externaltools.gnu-tools-for-stm32.13.3.rel1.win32_1.0.0.202411081344/tools/bin/../lib/gcc/arm-none-eabi/13.3.1/thumb/v6-m/nofp\libgcc.a(_udivsi3.o)
 .debug_frame   0x000036f4       0x20 C:/ST/STM32CubeIDE_1.18.0/STM32CubeIDE/plugins/com.st.stm32cube.ide.mcu.externaltools.gnu-tools-for-stm32.13.3.rel1.win32_1.0.0.202411081344/tools/bin/../lib/gcc/arm-none-eabi/13.3.1/thumb/v6-m/nofp\libgcc.a(_divsi3.o)
 .debug_frame   0x00003714       0x3c C:/ST/STM32CubeIDE_1.18.0/STM32CubeIDE/plugins/com.st.stm32cube.ide.mcu.externaltools.gnu-tools-for-stm32.13.3.rel1.win32_1.0.0.202411081344/tools/bin/../lib/gcc/arm-none-eabi/13.3.1/thumb/v6-m/nofp\libgcc.a(_udivmoddi4.o)
