Archive member included to satisfy reference by file (symbol)

C:/ST/STM32CubeIDE_1.18.0/STM32CubeIDE/plugins/com.st.stm32cube.ide.mcu.externaltools.gnu-tools-for-stm32.13.3.rel1.win32_1.0.0.202411081344/tools/bin/../lib/gcc/arm-none-eabi/13.3.1/../../../../arm-none-eabi/lib/thumb/v6-m/nofp\libc_nano.a(libc_a-exit.o)
                              C:/ST/STM32CubeIDE_1.18.0/STM32CubeIDE/plugins/com.st.stm32cube.ide.mcu.externaltools.gnu-tools-for-stm32.13.3.rel1.win32_1.0.0.202411081344/tools/bin/../lib/gcc/arm-none-eabi/13.3.1/../../../../arm-none-eabi/lib/thumb/v6-m/nofp/crt0.o (exit)
C:/ST/STM32CubeIDE_1.18.0/STM32CubeIDE/plugins/com.st.stm32cube.ide.mcu.externaltools.gnu-tools-for-stm32.13.3.rel1.win32_1.0.0.202411081344/tools/bin/../lib/gcc/arm-none-eabi/13.3.1/../../../../arm-none-eabi/lib/thumb/v6-m/nofp\libc_nano.a(libc_a-findfp.o)
                              C:/ST/STM32CubeIDE_1.18.0/STM32CubeIDE/plugins/com.st.stm32cube.ide.mcu.externaltools.gnu-tools-for-stm32.13.3.rel1.win32_1.0.0.202411081344/tools/bin/../lib/gcc/arm-none-eabi/13.3.1/../../../../arm-none-eabi/lib/thumb/v6-m/nofp\libc_nano.a(libc_a-exit.o) (__stdio_exit_handler)
C:/ST/STM32CubeIDE_1.18.0/STM32CubeIDE/plugins/com.st.stm32cube.ide.mcu.externaltools.gnu-tools-for-stm32.13.3.rel1.win32_1.0.0.202411081344/tools/bin/../lib/gcc/arm-none-eabi/13.3.1/../../../../arm-none-eabi/lib/thumb/v6-m/nofp\libc_nano.a(libc_a-fwalk.o)
                              C:/ST/STM32CubeIDE_1.18.0/STM32CubeIDE/plugins/com.st.stm32cube.ide.mcu.externaltools.gnu-tools-for-stm32.13.3.rel1.win32_1.0.0.202411081344/tools/bin/../lib/gcc/arm-none-eabi/13.3.1/../../../../arm-none-eabi/lib/thumb/v6-m/nofp\libc_nano.a(libc_a-findfp.o) (_fwalk_sglue)
C:/ST/STM32CubeIDE_1.18.0/STM32CubeIDE/plugins/com.st.stm32cube.ide.mcu.externaltools.gnu-tools-for-stm32.13.3.rel1.win32_1.0.0.202411081344/tools/bin/../lib/gcc/arm-none-eabi/13.3.1/../../../../arm-none-eabi/lib/thumb/v6-m/nofp\libc_nano.a(libc_a-stdio.o)
                              C:/ST/STM32CubeIDE_1.18.0/STM32CubeIDE/plugins/com.st.stm32cube.ide.mcu.externaltools.gnu-tools-for-stm32.13.3.rel1.win32_1.0.0.202411081344/tools/bin/../lib/gcc/arm-none-eabi/13.3.1/../../../../arm-none-eabi/lib/thumb/v6-m/nofp\libc_nano.a(libc_a-findfp.o) (__sread)
C:/ST/STM32CubeIDE_1.18.0/STM32CubeIDE/plugins/com.st.stm32cube.ide.mcu.externaltools.gnu-tools-for-stm32.13.3.rel1.win32_1.0.0.202411081344/tools/bin/../lib/gcc/arm-none-eabi/13.3.1/../../../../arm-none-eabi/lib/thumb/v6-m/nofp\libc_nano.a(libc_a-vsnprintf.o)
                              ./Application/User/main.o (vsnprintf)
C:/ST/STM32CubeIDE_1.18.0/STM32CubeIDE/plugins/com.st.stm32cube.ide.mcu.externaltools.gnu-tools-for-stm32.13.3.rel1.win32_1.0.0.202411081344/tools/bin/../lib/gcc/arm-none-eabi/13.3.1/../../../../arm-none-eabi/lib/thumb/v6-m/nofp\libc_nano.a(libc_a-memset.o)
                              C:/ST/STM32CubeIDE_1.18.0/STM32CubeIDE/plugins/com.st.stm32cube.ide.mcu.externaltools.gnu-tools-for-stm32.13.3.rel1.win32_1.0.0.202411081344/tools/bin/../lib/gcc/arm-none-eabi/13.3.1/../../../../arm-none-eabi/lib/thumb/v6-m/nofp/crt0.o (memset)
C:/ST/STM32CubeIDE_1.18.0/STM32CubeIDE/plugins/com.st.stm32cube.ide.mcu.externaltools.gnu-tools-for-stm32.13.3.rel1.win32_1.0.0.202411081344/tools/bin/../lib/gcc/arm-none-eabi/13.3.1/../../../../arm-none-eabi/lib/thumb/v6-m/nofp\libc_nano.a(libc_a-closer.o)
                              C:/ST/STM32CubeIDE_1.18.0/STM32CubeIDE/plugins/com.st.stm32cube.ide.mcu.externaltools.gnu-tools-for-stm32.13.3.rel1.win32_1.0.0.202411081344/tools/bin/../lib/gcc/arm-none-eabi/13.3.1/../../../../arm-none-eabi/lib/thumb/v6-m/nofp\libc_nano.a(libc_a-stdio.o) (_close_r)
C:/ST/STM32CubeIDE_1.18.0/STM32CubeIDE/plugins/com.st.stm32cube.ide.mcu.externaltools.gnu-tools-for-stm32.13.3.rel1.win32_1.0.0.202411081344/tools/bin/../lib/gcc/arm-none-eabi/13.3.1/../../../../arm-none-eabi/lib/thumb/v6-m/nofp\libc_nano.a(libc_a-reent.o)
                              C:/ST/STM32CubeIDE_1.18.0/STM32CubeIDE/plugins/com.st.stm32cube.ide.mcu.externaltools.gnu-tools-for-stm32.13.3.rel1.win32_1.0.0.202411081344/tools/bin/../lib/gcc/arm-none-eabi/13.3.1/../../../../arm-none-eabi/lib/thumb/v6-m/nofp\libc_nano.a(libc_a-closer.o) (errno)
C:/ST/STM32CubeIDE_1.18.0/STM32CubeIDE/plugins/com.st.stm32cube.ide.mcu.externaltools.gnu-tools-for-stm32.13.3.rel1.win32_1.0.0.202411081344/tools/bin/../lib/gcc/arm-none-eabi/13.3.1/../../../../arm-none-eabi/lib/thumb/v6-m/nofp\libc_nano.a(libc_a-impure.o)
                              C:/ST/STM32CubeIDE_1.18.0/STM32CubeIDE/plugins/com.st.stm32cube.ide.mcu.externaltools.gnu-tools-for-stm32.13.3.rel1.win32_1.0.0.202411081344/tools/bin/../lib/gcc/arm-none-eabi/13.3.1/../../../../arm-none-eabi/lib/thumb/v6-m/nofp\libc_nano.a(libc_a-vsnprintf.o) (_impure_ptr)
[...]
Memory Configuration

Name             Origin             Length             Attributes
RAM              0x20000000         0x00002000         xrw
FLASH            0x08000000         0x00010000         xr
*default*        0x00000000         0xffffffff

Linker script and memory map

LOAD C:/ST/STM32CubeIDE_1.18.0/STM32CubeIDE/plugins/com.st.stm32cube.ide.mcu.externaltools.gnu-tools-for-stm32.13.3.rel1.win32_1.0.0.202411081344/tools/bin/../lib/gcc/arm-none-eabi/13.3.1/thumb/v6-m/nofp/crti.o
LOAD C:/ST/STM32CubeIDE_1.18.0/STM32CubeIDE/plugins/com.st.stm32cube.ide.mcu.externaltools.gnu-tools-for-stm32.13.3.rel1.win32_1.0.0.202411081344/tools/bin/../lib/gcc/arm-none-eabi/13.3.1/thumb/v6-m/nofp/crtbegin.o
LOAD C:/ST/STM32CubeIDE_1.18.0/STM32CubeIDE/plugins/com.st.stm32cube.ide.mcu.externaltools.gnu-tools-for-stm32.13.3.rel1.win32_1.0.0.202411081344/tools/bin/../lib/gcc/arm-none-eabi/13.3.1/../../../../arm-none-eabi/lib/thumb/v6-m/nofp/crt0.o
LOAD ./Application/Startup/startup_stm32u031r8ix.o
LOAD ./Application/User/main.o
LOAD ./Application/User/stm32u0xx_hal_msp.o
LOAD ./Application/User/stm32u0xx_it.o
LOAD ./Application/User/syscalls.o
LOAD ./Application/User/sysmem.o
LOAD ./Drivers/BSP/STM32U0xx_Nucleo/stm32u0xx_nucleo.o
LOAD ./Drivers/CMSIS/system_stm32u0xx.o
LOAD ./Drivers/STM32U0xx_HAL_Driver/stm32u0xx_hal.o
LOAD ./Drivers/STM32U0xx_HAL_Driver/stm32u0xx_hal_cortex.o
LOAD ./Drivers/STM32U0xx_HAL_Driver/stm32u0xx_hal_dma.o
LOAD ./Drivers/STM32U0xx_HAL_Driver/stm32u0xx_hal_dma_ex.o
LOAD ./Drivers/STM32U0xx_HAL_Driver/stm32u0xx_hal_exti.o
LOAD ./Drivers/STM32U0xx_HAL_Driver/stm32u0xx_hal_flash.o
LOAD ./Drivers/STM32U0xx_HAL_Driver/stm32u0xx_hal_flash_ex.o
LOAD ./Drivers/STM32U0xx_HAL_Driver/stm32u0xx_hal_gpio.o
LOAD ./Drivers/STM32U0xx_HAL_Driver/stm32u0xx_hal_lptim.o
LOAD ./Drivers/STM32U0xx_HAL_Driver/stm32u0xx_hal_pwr.o
LOAD ./Drivers/STM32U0xx_HAL_Driver/stm32u0xx_hal_pwr_ex.o
LOAD ./Drivers/STM32U0xx_HAL_Driver/stm32u0xx_hal_rcc.o
LOAD ./Drivers/STM32U0xx_HAL_Driver/stm32u0xx_hal_rcc_ex.o
LOAD ./Drivers/STM32U0xx_HAL_Driver/stm32u0xx_hal_rtc.o
LOAD ./Drivers/STM32U0xx_HAL_Driver/stm32u0xx_hal_rtc_ex.o
LOAD ./Drivers/STM32U0xx_HAL_Driver/stm32u0xx_hal_tim.o
LOAD ./Drivers/STM32U0xx_HAL_Driver/stm32u0xx_hal_tim_ex.o
LOAD ./Drivers/STM32U0xx_HAL_Driver/stm32u0xx_hal_uart.o
LOAD ./Drivers/STM32U0xx_HAL_Driver/stm32u0xx_hal_uart_ex.o
START GROUP
LOAD C:/ST/STM32CubeIDE_1.18.0/STM32CubeIDE/plugins/com.st.stm32cube.ide.mcu.externaltools.gnu-tools-for-stm32.13.3.rel1.win32_1.0.0.202411081344/tools/bin/../lib/gcc/arm-none-eabi/13.3.1/../../../../arm-none-eabi/lib/thumb/v6-m/nofp\libc_nano.a
LOAD C:/ST/STM32CubeIDE_1.18.0/STM32CubeIDE/plugins/com.st.stm32cube.ide.mcu.externaltools.gnu-tools-for-stm32.13.3.rel1.win32_1.0.0.202411081344/tools/bin/../lib/gcc/arm-none-eabi/13.3.1/../../../../arm-none-eabi/lib/thumb/v6-m/nofp\libm.a
END GROUP
START GROUP
LOAD C:/ST/STM32CubeIDE_1.18.0/STM32CubeIDE/plugins/com.st.stm32cube.ide.mcu.externaltools.gnu-tools-for-stm32.13.3.rel1.win32_1.0.0.202411081344/tools/bin/../lib/gcc/arm-none-eabi/13.3.1/thumb/v6-m/nofp\libgcc.a
LOAD C:/ST/STM32CubeIDE_1.18.0/STM32CubeIDE/plugins/com.st.stm32cube.ide.mcu.externaltools.gnu-tools-for-stm32.13.3.rel1.win32_1.0.0.202411081344/tools/bin/../lib/gcc/arm-none-eabi/13.3.1/../../../../arm-none-eabi/lib/thumb/v6-m/nofp\libc_nano.a
END GROUP
START GROUP
LOAD C:/ST/STM32CubeIDE_1.18.0/STM32CubeIDE/plugins/com.st.stm32cube.ide.mcu.externaltools.gnu-tools-for-stm32.13.3.rel1.win32_1.0.0.202411081344/tools/bin/../lib/gcc/arm-none-eabi/13.3.1/thumb/v6-m/nofp\libgcc.a
LOAD C:/ST/STM32CubeIDE_1.18.0/STM32CubeIDE/plugins/com.st.stm32cube.ide.mcu.externaltools.gnu-tools-for-stm32.13.3.rel1.win32_1.0.0.202411081344/tools/bin/../lib/gcc/arm-none-eabi/13.3.1/../../../../arm-none-eabi/lib/thumb/v6-m/nofp\libc_nano.a
LOAD C:/ST/STM32CubeIDE_1.18.0/STM32CubeIDE/plugins/com.st.stm32cube.ide.mcu.externaltools.gnu-tools-for-stm32.13.3.rel1.win32_1.0.0.202411081344/tools/bin/../lib/gcc/arm-none-eabi/13.3.1/../../../../arm-none-eabi/lib/thumb/v6-m/nofp\libnosys.a
END GROUP
START GROUP
LOAD C:/ST/STM32CubeIDE_1.18.0/STM32CubeIDE/plugins/com.st.stm32cube.ide.mcu.externaltools.gnu-tools-for-stm32.13.3.rel1.win32_1.0.0.202411081344/tools/bin/../lib/gcc/arm-none-eabi/13.3.1/thumb/v6-m/nofp\libgcc.a
LOAD C:/ST/STM32CubeIDE_1.18.0/STM32CubeIDE/plugins/com.st.stm32cube.ide.mcu.externaltools.gnu-tools-for-stm32.13.3.rel1.win32_1.0.0.202411081344/tools/bin/../lib/gcc/arm-none-eabi/13.3.1/../../../../arm-none-eabi/lib/thumb/v6-m/nofp\libc_nano.a
LOAD C:/ST/STM32CubeIDE_1.18.0/STM32CubeIDE/plugins/com.st.stm32cube.ide.mcu.externaltools.gnu-tools-for-stm32.13.3.rel1.win32_1.0.0.202411081344/tools/bin/../lib/gcc/arm-none-eabi/13.3.1/../../../../arm-none-eabi/lib/thumb/v6-m/nofp\libnosys.a
END GROUP
LOAD C:/ST/STM32CubeIDE_1.18.0/STM32CubeIDE/plugins/com.st.stm32cube.ide.mcu.externaltools.gnu-tools-for-stm32.13.3.rel1.win32_1.0.0.202411081344/tools/bin/../lib/gcc/arm-none-eabi/13.3.1/thumb/v6-m/nofp/crtend.o
LOAD C:/ST/STM32CubeIDE_1.18.0/STM32CubeIDE/plugins/com.st.stm32cube.ide.mcu.externaltools.gnu-tools-for-stm32.13.3.rel1.win32_1.0.0.202411081344/tools/bin/../lib/gcc/arm-none-eabi/13.3.1/thumb/v6-m/nofp/crtn.o
                0x20002000                        _estack = (ORIGIN (RAM) + LENGTH (RAM))
                0x00000200                        _Min_Heap_Size = 0x200
                0x00000400                        _Min_Stack_Size = 0x400

.isr_vector     0x08000000       0xc0
                0x08000000                        . = ALIGN (0x4)
 *(.isr_vector)
 .isr_vector    0x08000000       0xc0 ./Application/Startup/startup_stm32u031r8ix.o
                0x08000000                g_pfnVectors
                0x080000c0                        . = ALIGN (0x4)

.text           0x080000c0     0x5d0c
                0x080000c0                        . = ALIGN (0x4)
 *(.text)
 .text          0x080000c0       0x48 C:/ST/STM32CubeIDE_1.18.0/STM32CubeIDE/plugins/com.st.stm32cube.ide.mcu.externaltools.gnu-tools-for-stm32.13.3.rel1.win32_1.0.0.202411081344/tools/bin/../lib/gcc/arm-none-eabi/13.3.1/thumb/v6-m/nofp/crtbegin.o
 .text          0x08000108        0xe C:/ST/STM32CubeIDE_1.18.0/STM32CubeIDE/plugins/com.st.stm32cube.ide.mcu.externaltools.gnu-tools-for-stm32.13.3.rel1.win32_1.0.0.202411081344/tools/bin/../lib/gcc/arm-none-eabi/13.3.1/../../../../arm-none-eabi/lib/thumb/v6-m/nofp\libc_nano.a(libc_a-strlen.o)
                0x08000108                strlen
 *fill*         0x08000116        0x2 
 .text          0x08000118       0x14 C:/ST/STM32CubeIDE_1.18.0/STM32CubeIDE/plugins/com.st.stm32cube.ide.mcu.externaltools.gnu-tools-for-stm32.13.3.rel1.win32_1.0.0.202411081344/tools/bin/../lib/gcc/arm-none-eabi/13.3.1/thumb/v6-m/nofp\libgcc.a(_thumb1_case_shi.o)
                0x08000118                __gnu_thumb1_case_shi
 .text          0x0800012c      0x114 C:/ST/STM32CubeIDE_1.18.0/STM32CubeIDE/plugins/com.st.stm32cube.ide.mcu.externaltools.gnu-tools-for-stm32.13.3.rel1.win32_1.0.0.202411081344/tools/bin/../lib/gcc/arm-none-eabi/13.3.1/thumb/v6-m/nofp\libgcc.a(_udivsi3.o)
                0x0800012c                __aeabi_uidiv
                0x0800012c                __udivsi3
                0x08000238                __aeabi_uidivmod
 .text          0x08000240      0x1d4 C:/ST/STM32CubeIDE_1.18.0/STM32CubeIDE/plugins/com.st.stm32cube.ide.mcu.externaltools.gnu-tools-for-stm32.13.3.rel1.win32_1.0.0.202411081344/tools/bin/../lib/gcc/arm-none-eabi/13.3.1/thumb/v6-m/nofp\libgcc.a(_divsi3.o)
                0x08000240                __divsi3
                0x08000240                __aeabi_idiv
                0x0800040c                __aeabi_idivmod
 .text          0x08000414        0x4 C:/ST/STM32CubeIDE_1.18.0/STM32CubeIDE/plugins/com.st.stm32cube.ide.mcu.externaltools.gnu-tools-for-stm32.13.3.rel1.win32_1.0.0.202411081344/tools/bin/../lib/gcc/arm-none-eabi/13.3.1/thumb/v6-m/nofp\libgcc.a(_dvmd_tls.o)
                0x08000414                __aeabi_idiv0
                0x08000414                __aeabi_ldiv0
 .text          0x08000418       0x40 C:/ST/STM32CubeIDE_1.18.0/STM32CubeIDE/plugins/com.st.stm32cube.ide.mcu.externaltools.gnu-tools-for-stm32.13.3.rel1.win32_1.0.0.202411081344/tools/bin/../lib/gcc/arm-none-eabi/13.3.1/thumb/v6-m/nofp\libgcc.a(_aeabi_uldivmod.o)
                0x08000418                __aeabi_uldivmod
 .text          0x08000458      0x198 C:/ST/STM32CubeIDE_1.18.0/STM32CubeIDE/plugins/com.st.stm32cube.ide.mcu.externaltools.gnu-tools-for-stm32.13.3.rel1.win32_1.0.0.202411081344/tools/bin/../lib/gcc/arm-none-eabi/13.3.1/thumb/v6-m/nofp\libgcc.a(_udivmoddi4.o)
                0x08000458                __udivmoddi4
 .text          0x080005f0       0x18 C:/ST/STM32CubeIDE_1.18.0/STM32CubeIDE/plugins/com.st.stm32cube.ide.mcu.externaltools.gnu-tools-for-stm32.13.3.rel1.win32_1.0.0.202411081344/tools/bin/../lib/gcc/arm-none-eabi/13.3.1/thumb/v6-m/nofp\libgcc.a(_clzdi2.o)
                0x080005f0                __clzdi2
 .text          0x08000608       0x3c C:/ST/STM32CubeIDE_1.18.0/STM32CubeIDE/plugins/com.st.stm32cube.ide.mcu.externaltools.gnu-tools-for-stm32.13.3.rel1.win32_1.0.0.202411081344/tools/bin/../lib/gcc/arm-none-eabi/13.3.1/thumb/v6-m/nofp\libgcc.a(_clzsi2.o)
                0x08000608                __clzsi2
 *(.text*)
 .text.Reset_Handler
                0x08000644       0x50 ./Application/Startup/startup_stm32u031r8ix.o
                0x08000644                Reset_Handler
 .text.Default_Handler
                0x08000694        0x2 ./Application/Startup/startup_stm32u031r8ix.o
                0x08000694                I2C2_3_IRQHandler
                0x08000694                WWDG_IWDG_IRQHandler
                0x08000694                TIM1_CC_IRQHandler
                0x08000694                TSC_IRQHandler
                0x08000694                HardFault_Handler
                0x08000694                ADC_COMP1_IRQHandler
                0x08000694                NMI_Handler
                0x08000694                I2C1_IRQHandler
                0x08000694                TIM7_LPTIM2_IRQHandler
                0x08000694                RCC_CRS_IRQHandler
                0x08000694                RTC_TAMP_IRQHandler
                0x08000694                DMA1_Ch4_7_DMAMUX_OVR_IRQHandler
                0x08000694                SPI1_IRQHandler
                0x08000694                EXTI2_3_IRQHandler
                0x08000694                USART2_LPUART2_IRQHandler
                0x08000694                USART4_IRQHandler
                0x08000694                TIM16_IRQHandler
                0x08000694                TIM3_IRQHandler
                0x08000694                DMA1_Channel1_IRQHandler
                0x08000694                Default_Handler
                0x08000694                TIM15_IRQHandler
                0x08000694                EXTI0_1_IRQHandler
                0x08000694                PVD_PVM_IRQHandler
                0x08000694                SPI2_IRQHandler
                0x08000694                RNG_IRQHandler
                0x08000694                TIM2_IRQHandler
                0x08000694                DMA1_Channel2_3_IRQHandler
                0x08000694                FLASH_ECC_IRQHandler
                0x08000694                USART3_LPUART1_IRQHandler
                0x08000694                USART1_IRQHandler
                0x08000694                TIM1_BRK_UP_TRG_COM_IRQHandler
 .text.LL_LPTIM_Enable
                0x08000696       0x1c ./Application/User/main.o
 .text.LL_LPTIM_StartCounter
                0x080006b2       0x24 ./Application/User/main.o
 .text.LL_LPTIM_SetAutoReload
                0x080006d6       0x22 ./Application/User/main.o
 .text.LL_LPTIM_OC_SetCompareCH1
                0x080006f8       0x22 ./Application/User/main.o
 .text.LL_LPTIM_GetCounter
                0x0800071a       0x18 ./Application/User/main.o
 .text.LL_LPTIM_SetEncoderMode
                0x08000732       0x24 ./Application/User/main.o
 .text.LL_LPTIM_EnableEncoderMode
                0x08000756       0x1e ./Application/User/main.o
 .text.LL_LPTIM_EnableIT_ARRM
                0x08000774       0x1c ./Application/User/main.o
 .text.LL_LPTIM_EnableIT_UP
                0x08000790       0x1c ./Application/User/main.o
 .text.LL_LPTIM_EnableIT_DOWN
                0x080007ac       0x1c ./Application/User/main.o
 .text.main     0x080007c8       0xc4 ./Application/User/main.o
                0x080007c8                main
 .text.SystemClock_Config
                0x0800088c       0xc0 ./Application/User/main.o
                0x0800088c                SystemClock_Config
 .text.MX_LPTIM1_Init
                0x0800094c       0x70 ./Application/User/main.o
 .text.MX_RTC_Init
                0x080009bc       0x60 ./Application/User/main.o
 .text.MX_USART2_UART_Init
                0x08000a1c       0x9c ./Application/User/main.o
 .text.MX_GPIO_Init
                0x08000ab8       0xc0 ./Application/User/main.o
 .text.TRACSENS_DisplayInfo
                0x08000b78       0x6c ./Application/User/main.o
                0x08000b78                TRACSENS_DisplayInfo
 .text.TRACSENS_GetCounter
                0x08000be4       0x44 ./Application/User/main.o
 .text.TRACSENS_CompareCallback
                0x08000c28       0x30 ./Application/User/main.o
                0x08000c28                TRACSENS_CompareCallback
 .text.TRACSENS_CounterChangedToUpCallback
                0x08000c58       0x38 ./Application/User/main.o
                0x08000c58                TRACSENS_CounterChangedToUpCallback
 .text.TRACSENS_CounterChangedToDownCallback
                0x08000c90       0x38 ./Application/User/main.o
                0x08000c90                TRACSENS_CounterChangedToDownCallback
 .text.TRACSENS_AutoReloadMatchCallback
                0x08000cc8       0x88 ./Application/User/main.o
                0x08000cc8                TRACSENS_AutoReloadMatchCallback
 .text.TRACSENS_StartCounting
                0x08000d50      0x12c ./Application/User/main.o
                0x08000d50                TRACSENS_StartCounting
 .text.TRACSENS_ChangedToUpErrorHandling
                0x08000e7c       0x20 ./Application/User/main.o
                0x08000e7c                TRACSENS_ChangedToUpErrorHandling
 .text.TRACSENS_ChangedToDownErrorHandling
                0x08000e9c       0xe8 ./Application/User/main.o
                0x08000e9c                TRACSENS_ChangedToDownErrorHandling
 .text.TRACSENS_Power
                0x08000f84       0x14 ./Application/User/main.o
 .text.SYSCLKConfig_STOP
                0x08000f98       0xa8 ./Application/User/main.o
 .text.HAL_SYSTICK_Callback
                0x08001040       0x30 ./Application/User/main.o
                0x08001040                HAL_SYSTICK_Callback
 .text.HAL_GPIO_EXTI_Falling_Callback
                0x08001070       0x38 ./Application/User/main.o
                0x08001070                HAL_GPIO_EXTI_Falling_Callback
 .text.UART_Printf
                0x080010a8       0x58 ./Application/User/main.o
                0x080010a8                UART_Printf
 .text.Error_Handler
                0x08001100       0x12 ./Application/User/main.o
                0x08001100                Error_Handler
 *fill*         0x08001112        0x2 
 .text.HAL_MspInit
                0x08001114       0x48 ./Application/User/stm32u0xx_hal_msp.o
                0x08001114                HAL_MspInit
 .text.HAL_LPTIM_MspInit
                0x0800115c       0xd4 ./Application/User/stm32u0xx_hal_msp.o
                0x0800115c                HAL_LPTIM_MspInit
 .text.HAL_RTC_MspInit
                0x08001230       0x80 ./Application/User/stm32u0xx_hal_msp.o
                0x08001230                HAL_RTC_MspInit
 .text.HAL_UART_MspInit
                0x080012b0       0xc0 ./Application/User/stm32u0xx_hal_msp.o
                0x080012b0                HAL_UART_MspInit
 .text.SVC_Handler
                0x08001370        0xa ./Application/User/stm32u0xx_it.o
                0x08001370                SVC_Handler
 .text.PendSV_Handler
                0x0800137a        0xa ./Application/User/stm32u0xx_it.o
                0x0800137a                PendSV_Handler
 .text.SysTick_Handler
                0x08001384       0x12 ./Application/User/stm32u0xx_it.o
                0x08001384                SysTick_Handler
 .text.EXTI4_15_IRQHandler
                0x08001396       0x14 ./Application/User/stm32u0xx_it.o
                0x08001396                EXTI4_15_IRQHandler
 *fill*         0x080013aa        0x2 
 .text.TIM6_DAC_LPTIM1_IRQHandler
                0x080013ac       0x18 ./Application/User/stm32u0xx_it.o
                0x080013ac                TIM6_DAC_LPTIM1_IRQHandler
 .text._sbrk    0x080013c4       0x6c ./Application/User/sysmem.o
                0x080013c4                _sbrk
 .text.BSP_LED_Init
                0x08001430       0x7c ./Drivers/BSP/STM32U0xx_Nucleo/stm32u0xx_nucleo.o
                0x08001430                BSP_LED_Init
 .text.BSP_LED_On
                0x080014ac       0x44 ./Drivers/BSP/STM32U0xx_Nucleo/stm32u0xx_nucleo.o
                0x080014ac                BSP_LED_On
 .text.BSP_LED_Off
                0x080014f0       0x44 ./Drivers/BSP/STM32U0xx_Nucleo/stm32u0xx_nucleo.o
                0x080014f0                BSP_LED_Off
 .text.BSP_LED_Toggle
                0x08001534       0x44 ./Drivers/BSP/STM32U0xx_Nucleo/stm32u0xx_nucleo.o
                0x08001534                BSP_LED_Toggle
 .text.BSP_PB_Init
                0x08001578      0x104 ./Drivers/BSP/STM32U0xx_Nucleo/stm32u0xx_nucleo.o
                0x08001578                BSP_PB_Init
 .text.BSP_PB_Callback
                0x0800167c       0x14 ./Drivers/BSP/STM32U0xx_Nucleo/stm32u0xx_nucleo.o
                0x0800167c                BSP_PB_Callback
 .text.BUTTON_USER_EXTI_Callback
                0x08001690       0x10 ./Drivers/BSP/STM32U0xx_Nucleo/stm32u0xx_nucleo.o
 .text.SystemInit
                0x080016a0       0x58 ./Drivers/CMSIS/system_stm32u0xx.o
                0x080016a0                SystemInit
 .text.HAL_Init
                0x080016f8       0x2e ./Drivers/STM32U0xx_HAL_Driver/stm32u0xx_hal.o
                0x080016f8                HAL_Init
 *fill*         0x08001726        0x2 
 .text.HAL_InitTick
                0x08001728       0x94 ./Drivers/STM32U0xx_HAL_Driver/stm32u0xx_hal.o
                0x08001728                HAL_InitTick
 .text.HAL_IncTick
                0x080017bc       0x24 ./Drivers/STM32U0xx_HAL_Driver/stm32u0xx_hal.o
                0x080017bc                HAL_IncTick
 .text.HAL_GetTick
                0x080017e0       0x14 ./Drivers/STM32U0xx_HAL_Driver/stm32u0xx_hal.o
                0x080017e0                HAL_GetTick
 .text.HAL_Delay
                0x080017f4       0x48 ./Drivers/STM32U0xx_HAL_Driver/stm32u0xx_hal.o
                0x080017f4                HAL_Delay
 .text.HAL_SuspendTick
                0x0800183c       0x1c ./Drivers/STM32U0xx_HAL_Driver/stm32u0xx_hal.o
                0x0800183c                HAL_SuspendTick
 .text.__NVIC_EnableIRQ
                0x08001858       0x34 ./Drivers/STM32U0xx_HAL_Driver/stm32u0xx_hal_cortex.o
 .text.__NVIC_SetPriority
                0x0800188c       0xdc ./Drivers/STM32U0xx_HAL_Driver/stm32u0xx_hal_cortex.o
 .text.SysTick_Config
                0x08001968       0x48 ./Drivers/STM32U0xx_HAL_Driver/stm32u0xx_hal_cortex.o
 .text.HAL_NVIC_SetPriority
                0x080019b0       0x2a ./Drivers/STM32U0xx_HAL_Driver/stm32u0xx_hal_cortex.o
                0x080019b0                HAL_NVIC_SetPriority
 .text.HAL_NVIC_EnableIRQ
                0x080019da       0x20 ./Drivers/STM32U0xx_HAL_Driver/stm32u0xx_hal_cortex.o
                0x080019da                HAL_NVIC_EnableIRQ
 .text.HAL_SYSTICK_Config
                0x080019fa       0x1a ./Drivers/STM32U0xx_HAL_Driver/stm32u0xx_hal_cortex.o
                0x080019fa                HAL_SYSTICK_Config
 .text.HAL_SYSTICK_IRQHandler
                0x08001a14        0xe ./Drivers/STM32U0xx_HAL_Driver/stm32u0xx_hal_cortex.o
                0x08001a14                HAL_SYSTICK_IRQHandler
 .text.HAL_EXTI_RegisterCallback
                0x08001a22       0x64 ./Drivers/STM32U0xx_HAL_Driver/stm32u0xx_hal_exti.o
                0x08001a22                HAL_EXTI_RegisterCallback
 .text.HAL_EXTI_GetHandle
                0x08001a86       0x24 ./Drivers/STM32U0xx_HAL_Driver/stm32u0xx_hal_exti.o
                0x08001a86                HAL_EXTI_GetHandle
 *fill*         0x08001aaa        0x2 
 .text.HAL_GPIO_Init
                0x08001aac      0x2d8 ./Drivers/STM32U0xx_HAL_Driver/stm32u0xx_hal_gpio.o
                0x08001aac                HAL_GPIO_Init
 .text.HAL_GPIO_WritePin
                0x08001d84       0x3a ./Drivers/STM32U0xx_HAL_Driver/stm32u0xx_hal_gpio.o
                0x08001d84                HAL_GPIO_WritePin
 .text.HAL_GPIO_TogglePin
                0x08001dbe       0x36 ./Drivers/STM32U0xx_HAL_Driver/stm32u0xx_hal_gpio.o
                0x08001dbe                HAL_GPIO_TogglePin
 .text.HAL_GPIO_EXTI_IRQHandler
                0x08001df4       0x54 ./Drivers/STM32U0xx_HAL_Driver/stm32u0xx_hal_gpio.o
                0x08001df4                HAL_GPIO_EXTI_IRQHandler
 .text.HAL_GPIO_EXTI_Rising_Callback
                0x08001e48       0x14 ./Drivers/STM32U0xx_HAL_Driver/stm32u0xx_hal_gpio.o
                0x08001e48                HAL_GPIO_EXTI_Rising_Callback
 .text.HAL_LPTIM_Init
                0x08001e5c      0x2a8 ./Drivers/STM32U0xx_HAL_Driver/stm32u0xx_hal_lptim.o
                0x08001e5c                HAL_LPTIM_Init
 .text.HAL_LPTIM_Counter_Start_IT
                0x08002104       0xa0 ./Drivers/STM32U0xx_HAL_Driver/stm32u0xx_hal_lptim.o
                0x08002104                HAL_LPTIM_Counter_Start_IT
 .text.HAL_LPTIM_IRQHandler
                0x080021a4      0x4a2 ./Drivers/STM32U0xx_HAL_Driver/stm32u0xx_hal_lptim.o
                0x080021a4                HAL_LPTIM_IRQHandler
 .text.HAL_LPTIM_CompareMatchCallback
                0x08002646       0x10 ./Drivers/STM32U0xx_HAL_Driver/stm32u0xx_hal_lptim.o
                0x08002646                HAL_LPTIM_CompareMatchCallback
 .text.HAL_LPTIM_AutoReloadMatchCallback
                0x08002656       0x10 ./Drivers/STM32U0xx_HAL_Driver/stm32u0xx_hal_lptim.o
                0x08002656                HAL_LPTIM_AutoReloadMatchCallback
 .text.HAL_LPTIM_TriggerCallback
                0x08002666       0x10 ./Drivers/STM32U0xx_HAL_Driver/stm32u0xx_hal_lptim.o
                0x08002666                HAL_LPTIM_TriggerCallback
 .text.HAL_LPTIM_CompareWriteCallback
                0x08002676       0x10 ./Drivers/STM32U0xx_HAL_Driver/stm32u0xx_hal_lptim.o
                0x08002676                HAL_LPTIM_CompareWriteCallback
 .text.HAL_LPTIM_AutoReloadWriteCallback
                0x08002686       0x10 ./Drivers/STM32U0xx_HAL_Driver/stm32u0xx_hal_lptim.o
                0x08002686                HAL_LPTIM_AutoReloadWriteCallback
 .text.HAL_LPTIM_DirectionUpCallback
                0x08002696       0x10 ./Drivers/STM32U0xx_HAL_Driver/stm32u0xx_hal_lptim.o
                0x08002696                HAL_LPTIM_DirectionUpCallback
 .text.HAL_LPTIM_DirectionDownCallback
                0x080026a6       0x10 ./Drivers/STM32U0xx_HAL_Driver/stm32u0xx_hal_lptim.o
                0x080026a6                HAL_LPTIM_DirectionDownCallback
 .text.HAL_LPTIM_UpdateEventCallback
                0x080026b6       0x10 ./Drivers/STM32U0xx_HAL_Driver/stm32u0xx_hal_lptim.o
                0x080026b6                HAL_LPTIM_UpdateEventCallback
 .text.HAL_LPTIM_RepCounterWriteCallback
                0x080026c6       0x10 ./Drivers/STM32U0xx_HAL_Driver/stm32u0xx_hal_lptim.o
                0x080026c6                HAL_LPTIM_RepCounterWriteCallback
 .text.HAL_LPTIM_IC_CaptureCallback
                0x080026d6       0x10 ./Drivers/STM32U0xx_HAL_Driver/stm32u0xx_hal_lptim.o
                0x080026d6                HAL_LPTIM_IC_CaptureCallback
 .text.HAL_LPTIM_IC_OverCaptureCallback
                0x080026e6       0x10 ./Drivers/STM32U0xx_HAL_Driver/stm32u0xx_hal_lptim.o
                0x080026e6                HAL_LPTIM_IC_OverCaptureCallback
 .text.HAL_LPTIM_IC_CaptureHalfCpltCallback
                0x080026f6       0x10 ./Drivers/STM32U0xx_HAL_Driver/stm32u0xx_hal_lptim.o
                0x080026f6                HAL_LPTIM_IC_CaptureHalfCpltCallback
 .text.HAL_LPTIM_UpdateEventHalfCpltCallback
                0x08002706       0x10 ./Drivers/STM32U0xx_HAL_Driver/stm32u0xx_hal_lptim.o
                0x08002706                HAL_LPTIM_UpdateEventHalfCpltCallback
 .text.HAL_LPTIM_ErrorCallback
                0x08002716       0x10 ./Drivers/STM32U0xx_HAL_Driver/stm32u0xx_hal_lptim.o
                0x08002716                HAL_LPTIM_ErrorCallback
 *fill*         0x08002726        0x2 
 .text.HAL_LPTIM_RegisterCallback
                0x08002728      0x12c ./Drivers/STM32U0xx_HAL_Driver/stm32u0xx_hal_lptim.o
                0x08002728                HAL_LPTIM_RegisterCallback
 .text.LPTIM_ResetCallback
                0x08002854       0xa8 ./Drivers/STM32U0xx_HAL_Driver/stm32u0xx_hal_lptim.o
 .text.LPTIM_WaitForFlag
                0x080028fc       0x70 ./Drivers/STM32U0xx_HAL_Driver/stm32u0xx_hal_lptim.o
 .text.HAL_PWREx_ControlVoltageScaling
                0x0800296c       0xc0 ./Drivers/STM32U0xx_HAL_Driver/stm32u0xx_hal_pwr_ex.o
                0x0800296c                HAL_PWREx_ControlVoltageScaling
 .text.HAL_PWREx_GetVoltageRange
                0x08002a2c       0x18 ./Drivers/STM32U0xx_HAL_Driver/stm32u0xx_hal_pwr_ex.o
                0x08002a2c                HAL_PWREx_GetVoltageRange
 .text.HAL_PWREx_EnterSTOP2Mode
                0x08002a44       0x68 ./Drivers/STM32U0xx_HAL_Driver/stm32u0xx_hal_pwr_ex.o
                0x08002a44                HAL_PWREx_EnterSTOP2Mode
 .text.HAL_RCC_OscConfig
                0x08002aac      0x7cc ./Drivers/STM32U0xx_HAL_Driver/stm32u0xx_hal_rcc.o
                0x08002aac                HAL_RCC_OscConfig
 .text.HAL_RCC_ClockConfig
                0x08003278      0x1d8 ./Drivers/STM32U0xx_HAL_Driver/stm32u0xx_hal_rcc.o
                0x08003278                HAL_RCC_ClockConfig
 .text.HAL_RCC_GetSysClockFreq
                0x08003450      0x138 ./Drivers/STM32U0xx_HAL_Driver/stm32u0xx_hal_rcc.o
                0x08003450                HAL_RCC_GetSysClockFreq
 .text.HAL_RCC_GetHCLKFreq
                0x08003588       0x14 ./Drivers/STM32U0xx_HAL_Driver/stm32u0xx_hal_rcc.o
                0x08003588                HAL_RCC_GetHCLKFreq
 .text.HAL_RCC_GetPCLK1Freq
                0x0800359c       0x30 ./Drivers/STM32U0xx_HAL_Driver/stm32u0xx_hal_rcc.o
                0x0800359c                HAL_RCC_GetPCLK1Freq
 .text.HAL_RCC_GetOscConfig
                0x080035cc      0x1cc ./Drivers/STM32U0xx_HAL_Driver/stm32u0xx_hal_rcc.o
                0x080035cc                HAL_RCC_GetOscConfig
 .text.HAL_RCC_GetClockConfig
                0x08003798       0x54 ./Drivers/STM32U0xx_HAL_Driver/stm32u0xx_hal_rcc.o
                0x08003798                HAL_RCC_GetClockConfig
 .text.RCC_SetFlashLatencyFromMSIRange
                0x080037ec       0xd8 ./Drivers/STM32U0xx_HAL_Driver/stm32u0xx_hal_rcc.o
 .text.HAL_RCCEx_PeriphCLKConfig
                0x080038c4      0x3c8 ./Drivers/STM32U0xx_HAL_Driver/stm32u0xx_hal_rcc_ex.o
                0x080038c4                HAL_RCCEx_PeriphCLKConfig
 .text.HAL_RCCEx_GetPeriphCLKFreq
                0x08003c8c      0x850 ./Drivers/STM32U0xx_HAL_Driver/stm32u0xx_hal_rcc_ex.o
                0x08003c8c                HAL_RCCEx_GetPeriphCLKFreq
 .text.HAL_RCCEx_GetPLLClockFreq
                0x080044dc      0x17c ./Drivers/STM32U0xx_HAL_Driver/stm32u0xx_hal_rcc_ex.o
                0x080044dc                HAL_RCCEx_GetPLLClockFreq
 .text.HAL_RTC_Init
                0x08004658      0x14c ./Drivers/STM32U0xx_HAL_Driver/stm32u0xx_hal_rtc.o
                0x08004658                HAL_RTC_Init
 .text.HAL_RTC_WaitForSynchro
                0x080047a4       0x4c ./Drivers/STM32U0xx_HAL_Driver/stm32u0xx_hal_rtc.o
                0x080047a4                HAL_RTC_WaitForSynchro
 .text.RTC_EnterInitMode
                0x080047f0       0x58 ./Drivers/STM32U0xx_HAL_Driver/stm32u0xx_hal_rtc.o
                0x080047f0                RTC_EnterInitMode
 .text.HAL_UART_Init
                0x08004848       0xac ./Drivers/STM32U0xx_HAL_Driver/stm32u0xx_hal_uart.o
                0x08004848                HAL_UART_Init
 .text.HAL_UART_Transmit
                0x080048f4      0x148 ./Drivers/STM32U0xx_HAL_Driver/stm32u0xx_hal_uart.o
                0x080048f4                HAL_UART_Transmit
 .text.UART_SetConfig
                0x08004a3c      0x374 ./Drivers/STM32U0xx_HAL_Driver/stm32u0xx_hal_uart.o
                0x08004a3c                UART_SetConfig
 .text.UART_AdvFeatureConfig
                0x08004db0      0x168 ./Drivers/STM32U0xx_HAL_Driver/stm32u0xx_hal_uart.o
                0x08004db0                UART_AdvFeatureConfig
 .text.UART_CheckIdleState
                0x08004f18      0x154 ./Drivers/STM32U0xx_HAL_Driver/stm32u0xx_hal_uart.o
                0x08004f18                UART_CheckIdleState
 .text.UART_WaitOnFlagUntilTimeout
                0x0800506c       0xde ./Drivers/STM32U0xx_HAL_Driver/stm32u0xx_hal_uart.o
                0x0800506c                UART_WaitOnFlagUntilTimeout
 *fill*         0x0800514a        0x2 
 .text.UART_EndRxTransfer
                0x0800514c       0xcc ./Drivers/STM32U0xx_HAL_Driver/stm32u0xx_hal_uart.o
 .text.HAL_UARTEx_DisableFifoMode
                0x08005218       0x74 ./Drivers/STM32U0xx_HAL_Driver/stm32u0xx_hal_uart_ex.o
                0x08005218                HAL_UARTEx_DisableFifoMode
 .text.HAL_UARTEx_SetTxFifoThreshold
                0x0800528c       0x7e ./Drivers/STM32U0xx_HAL_Driver/stm32u0xx_hal_uart_ex.o
                0x0800528c                HAL_UARTEx_SetTxFifoThreshold
 *fill*         0x0800530a        0x2 
 .text.HAL_UARTEx_SetRxFifoThreshold
                0x0800530c       0x84 ./Drivers/STM32U0xx_HAL_Driver/stm32u0xx_hal_uart_ex.o
                0x0800530c                HAL_UARTEx_SetRxFifoThreshold
 .text.UARTEx_SetNbDataToProcess
                0x08005390       0xbc ./Drivers/STM32U0xx_HAL_Driver/stm32u0xx_hal_uart_ex.o
 .text._vsnprintf_r
                0x0800544c       0x5a C:/ST/STM32CubeIDE_1.18.0/STM32CubeIDE/plugins/com.st.stm32cube.ide.mcu.externaltools.gnu-tools-for-stm32.13.3.rel1.win32_1.0.0.202411081344/tools/bin/../lib/gcc/arm-none-eabi/13.3.1/../../../../arm-none-eabi/lib/thumb/v6-m/nofp\libc_nano.a(libc_a-vsnprintf.o)
                0x0800544c                _vsniprintf_r
                0x0800544c                _vsnprintf_r
 *fill*         0x080054a6        0x2 
 .text.vsnprintf
                0x080054a8       0x18 C:/ST/STM32CubeIDE_1.18.0/STM32CubeIDE/plugins/com.st.stm32cube.ide.mcu.externaltools.gnu-tools-for-stm32.13.3.rel1.win32_1.0.0.202411081344/tools/bin/../lib/gcc/arm-none-eabi/13.3.1/../../../../arm-none-eabi/lib/thumb/v6-m/nofp\libc_nano.a(libc_a-vsnprintf.o)
                0x080054a8                vsniprintf
                0x080054a8                vsnprintf
 .text.memset   0x080054c0       0x10 C:/ST/STM32CubeIDE_1.18.0/STM32CubeIDE/plugins/com.st.stm32cube.ide.mcu.externaltools.gnu-tools-for-stm32.13.3.rel1.win32_1.0.0.202411081344/tools/bin/../lib/gcc/arm-none-eabi/13.3.1/../../../../arm-none-eabi/lib/thumb/v6-m/nofp\libc_nano.a(libc_a-memset.o)
                0x080054c0                memset
 .text.__errno  0x080054d0        0xc C:/ST/STM32CubeIDE_1.18.0/STM32CubeIDE/plugins/com.st.stm32cube.ide.mcu.externaltools.gnu-tools-for-stm32.13.3.rel1.win32_1.0.0.202411081344/tools/bin/../lib/gcc/arm-none-eabi/13.3.1/../../../../arm-none-eabi/lib/thumb/v6-m/nofp\libc_nano.a(libc_a-errno.o)
                0x080054d0                __errno
 .text.__libc_init_array
                0x080054dc       0x48 C:/ST/STM32CubeIDE_1.18.0/STM32CubeIDE/plugins/com.st.stm32cube.ide.mcu.externaltools.gnu-tools-for-stm32.13.3.rel1.win32_1.0.0.202411081344/tools/bin/../lib/gcc/arm-none-eabi/13.3.1/../../../../arm-none-eabi/lib/thumb/v6-m/nofp\libc_nano.a(libc_a-init.o)
                0x080054dc                __libc_init_array
 .text.__retarget_lock_acquire_recursive
                0x08005524        0x2 C:/ST/STM32CubeIDE_1.18.0/STM32CubeIDE/plugins/com.st.stm32cube.ide.mcu.externaltools.gnu-tools-for-stm32.13.3.rel1.win32_1.0.0.202411081344/tools/bin/../lib/gcc/arm-none-eabi/13.3.1/../../../../arm-none-eabi/lib/thumb/v6-m/nofp\libc_nano.a(libc_a-lock.o)
                0x08005524                __retarget_lock_acquire_recursive
 .text.__retarget_lock_release_recursive
                0x08005526        0x2 C:/ST/STM32CubeIDE_1.18.0/STM32CubeIDE/plugins/com.st.stm32cube.ide.mcu.externaltools.gnu-tools-for-stm32.13.3.rel1.win32_1.0.0.202411081344/tools/bin/../lib/gcc/arm-none-eabi/13.3.1/../../../../arm-none-eabi/lib/thumb/v6-m/nofp\libc_nano.a(libc_a-lock.o)
                0x08005526                __retarget_lock_release_recursive
 .text._free_r  0x08005528       0x94 C:/ST/STM32CubeIDE_1.18.0/STM32CubeIDE/plugins/com.st.stm32cube.ide.mcu.externaltools.gnu-tools-for-stm32.13.3.rel1.win32_1.0.0.202411081344/tools/bin/../lib/gcc/arm-none-eabi/13.3.1/../../../../arm-none-eabi/lib/thumb/v6-m/nofp\libc_nano.a(libc_a-freer.o)
                0x08005528                _free_r
 .text.sbrk_aligned
                0x080055bc       0x44 C:/ST/STM32CubeIDE_1.18.0/STM32CubeIDE/plugins/com.st.stm32cube.ide.mcu.externaltools.gnu-tools-for-stm32.13.3.rel1.win32_1.0.0.202411081344/tools/bin/../lib/gcc/arm-none-eabi/13.3.1/../../../../arm-none-eabi/lib/thumb/v6-m/nofp\libc_nano.a(libc_a-mallocr.o)
 .text._malloc_r
                0x08005600      0x100 C:/ST/STM32CubeIDE_1.18.0/STM32CubeIDE/plugins/com.st.stm32cube.ide.mcu.externaltools.gnu-tools-for-stm32.13.3.rel1.win32_1.0.0.202411081344/tools/bin/../lib/gcc/arm-none-eabi/13.3.1/../../../../arm-none-eabi/lib/thumb/v6-m/nofp\libc_nano.a(libc_a-mallocr.o)
                0x08005600                _malloc_r
 .text.__malloc_lock
                0x08005700       0x10 C:/ST/STM32CubeIDE_1.18.0/STM32CubeIDE/plugins/com.st.stm32cube.ide.mcu.externaltools.gnu-tools-for-stm32.13.3.rel1.win32_1.0.0.202411081344/tools/bin/../lib/gcc/arm-none-eabi/13.3.1/../../../../arm-none-eabi/lib/thumb/v6-m/nofp\libc_nano.a(libc_a-mlock.o)
                0x08005700                __malloc_lock
 .text.__malloc_unlock
                0x08005710       0x10 C:/ST/STM32CubeIDE_1.18.0/STM32CubeIDE/plugins/com.st.stm32cube.ide.mcu.externaltools.gnu-tools-for-stm32.13.3.rel1.win32_1.0.0.202411081344/tools/bin/../lib/gcc/arm-none-eabi/13.3.1/../../../../arm-none-eabi/lib/thumb/v6-m/nofp\libc_nano.a(libc_a-mlock.o)
                0x08005710                __malloc_unlock
 .text.__ssputs_r
                0x08005720       0xc0 C:/ST/STM32CubeIDE_1.18.0/STM32CubeIDE/plugins/com.st.stm32cube.ide.mcu.externaltools.gnu-tools-for-stm32.13.3.rel1.win32_1.0.0.202411081344/tools/bin/../lib/gcc/arm-none-eabi/13.3.1/../../../../arm-none-eabi/lib/thumb/v6-m/nofp\libc_nano.a(libc_a-nano-svfprintf.o)
                0x08005720                __ssputs_r
 .text._svfprintf_r
                0x080057e0      0x1fc C:/ST/STM32CubeIDE_1.18.0/STM32CubeIDE/plugins/com.st.stm32cube.ide.mcu.externaltools.gnu-tools-for-stm32.13.3.rel1.win32_1.0.0.202411081344/tools/bin/../lib/gcc/arm-none-eabi/13.3.1/../../../../arm-none-eabi/lib/thumb/v6-m/nofp\libc_nano.a(libc_a-nano-svfprintf.o)
                0x080057e0                _svfiprintf_r
                0x080057e0                _svfprintf_r
 .text._printf_common
                0x080059dc       0xde C:/ST/STM32CubeIDE_1.18.0/STM32CubeIDE/plugins/com.st.stm32cube.ide.mcu.externaltools.gnu-tools-for-stm32.13.3.rel1.win32_1.0.0.202411081344/tools/bin/../lib/gcc/arm-none-eabi/13.3.1/../../../../arm-none-eabi/lib/thumb/v6-m/nofp\libc_nano.a(libc_a-nano-vfprintf_i.o)
                0x080059dc                _printf_common
 *fill*         0x08005aba        0x2 
 .text._printf_i
                0x08005abc      0x218 C:/ST/STM32CubeIDE_1.18.0/STM32CubeIDE/plugins/com.st.stm32cube.ide.mcu.externaltools.gnu-tools-for-stm32.13.3.rel1.win32_1.0.0.202411081344/tools/bin/../lib/gcc/arm-none-eabi/13.3.1/../../../../arm-none-eabi/lib/thumb/v6-m/nofp\libc_nano.a(libc_a-nano-vfprintf_i.o)
                0x08005abc                _printf_i
 .text.memmove  0x08005cd4       0x24 C:/ST/STM32CubeIDE_1.18.0/STM32CubeIDE/plugins/com.st.stm32cube.ide.mcu.externaltools.gnu-tools-for-stm32.13.3.rel1.win32_1.0.0.202411081344/tools/bin/../lib/gcc/arm-none-eabi/13.3.1/../../../../arm-none-eabi/lib/thumb/v6-m/nofp\libc_nano.a(libc_a-memmove.o)
                0x08005cd4                memmove
 .text._sbrk_r  0x08005cf8       0x24 C:/ST/STM32CubeIDE_1.18.0/STM32CubeIDE/plugins/com.st.stm32cube.ide.mcu.externaltools.gnu-tools-for-stm32.13.3.rel1.win32_1.0.0.202411081344/tools/bin/../lib/gcc/arm-none-eabi/13.3.1/../../../../arm-none-eabi/lib/thumb/v6-m/nofp\libc_nano.a(libc_a-sbrkr.o)
                0x08005cf8                _sbrk_r
 .text.memchr   0x08005d1c       0x16 C:/ST/STM32CubeIDE_1.18.0/STM32CubeIDE/plugins/com.st.stm32cube.ide.mcu.externaltools.gnu-tools-for-stm32.13.3.rel1.win32_1.0.0.202411081344/tools/bin/../lib/gcc/arm-none-eabi/13.3.1/../../../../arm-none-eabi/lib/thumb/v6-m/nofp\libc_nano.a(libc_a-memchr-stub.o)
                0x08005d1c                memchr
 .text.memcpy   0x08005d32       0x12 C:/ST/STM32CubeIDE_1.18.0/STM32CubeIDE/plugins/com.st.stm32cube.ide.mcu.externaltools.gnu-tools-for-stm32.13.3.rel1.win32_1.0.0.202411081344/tools/bin/../lib/gcc/arm-none-eabi/13.3.1/../../../../arm-none-eabi/lib/thumb/v6-m/nofp\libc_nano.a(libc_a-memcpy-stub.o)
                0x08005d32                memcpy
 .text._realloc_r
                0x08005d44       0x60 C:/ST/STM32CubeIDE_1.18.0/STM32CubeIDE/plugins/com.st.stm32cube.ide.mcu.externaltools.gnu-tools-for-stm32.13.3.rel1.win32_1.0.0.202411081344/tools/bin/../lib/gcc/arm-none-eabi/13.3.1/../../../../arm-none-eabi/lib/thumb/v6-m/nofp\libc_nano.a(libc_a-reallocr.o)
                0x08005d44                _realloc_r
 .text._malloc_usable_size_r
                0x08005da4       0x10 C:/ST/STM32CubeIDE_1.18.0/STM32CubeIDE/plugins/com.st.stm32cube.ide.mcu.externaltools.gnu-tools-for-stm32.13.3.rel1.win32_1.0.0.202411081344/tools/bin/../lib/gcc/arm-none-eabi/13.3.1/../../../../arm-none-eabi/lib/thumb/v6-m/nofp\libc_nano.a(libc_a-msizer.o)
                0x08005da4                _malloc_usable_size_r
 *(.glue_7)
 .glue_7        0x08005db4        0x0 linker stubs
 *(.glue_7t)
 .glue_7t       0x08005db4        0x0 linker stubs
 *(.eh_frame)
 .eh_frame      0x08005db4        0x0 C:/ST/STM32CubeIDE_1.18.0/STM32CubeIDE/plugins/com.st.stm32cube.ide.mcu.externaltools.gnu-tools-for-stm32.13.3.rel1.win32_1.0.0.202411081344/tools/bin/../lib/gcc/arm-none-eabi/13.3.1/thumb/v6-m/nofp/crtbegin.o
 *(.init)
 .init          0x08005db4        0x4 C:/ST/STM32CubeIDE_1.18.0/STM32CubeIDE/plugins/com.st.stm32cube.ide.mcu.externaltools.gnu-tools-for-stm32.13.3.rel1.win32_1.0.0.202411081344/tools/bin/../lib/gcc/arm-none-eabi/13.3.1/thumb/v6-m/nofp/crti.o
                0x08005db4                _init
 .init          0x08005db8        0x8 C:/ST/STM32CubeIDE_1.18.0/STM32CubeIDE/plugins/com.st.stm32cube.ide.mcu.externaltools.gnu-tools-for-stm32.13.3.rel1.win32_1.0.0.202411081344/tools/bin/../lib/gcc/arm-none-eabi/13.3.1/thumb/v6-m/nofp/crtn.o
 *(.fini)
 .fini          0x08005dc0        0x4 C:/ST/STM32CubeIDE_1.18.0/STM32CubeIDE/plugins/com.st.stm32cube.ide.mcu.externaltools.gnu-tools-for-stm32.13.3.rel1.win32_1.0.0.202411081344/tools/bin/../lib/gcc/arm-none-eabi/13.3.1/thumb/v6-m/nofp/crti.o
                0x08005dc0                _fini
 .fini          0x08005dc4        0x8 C:/ST/STM32CubeIDE_1.18.0/STM32CubeIDE/plugins/com.st.stm32cube.ide.mcu.externaltools.gnu-tools-for-stm32.13.3.rel1.win32_1.0.0.202411081344/tools/bin/../lib/gcc/arm-none-eabi/13.3.1/thumb/v6-m/nofp/crtn.o
                0x08005dcc                        . = ALIGN (0x4)
                0x08005dcc                        _etext = .

.vfp11_veneer   0x08005dcc        0x0
 .vfp11_veneer  0x08005dcc        0x0 linker stubs

.v4_bx          0x08005dcc        0x0
 .v4_bx         0x08005dcc        0x0 linker stubs

.iplt           0x08005dcc        0x0
 .iplt          0x08005dcc        0x0 C:/ST/STM32CubeIDE_1.18.0/STM32CubeIDE/plugins/com.st.stm32cube.ide.mcu.externaltools.gnu-tools-for-stm32.13.3.rel1.win32_1.0.0.202411081344/tools/bin/../lib/gcc/arm-none-eabi/13.3.1/thumb/v6-m/nofp/crtbegin.o

.rodata         0x08005dcc      0x24c
                0x08005dcc                        . = ALIGN (0x4)
 *(.rodata)
 .rodata        0x08005dcc       0xe0 ./Application/User/main.o
 *(.rodata*)
 .rodata.BUTTON_EXTI_LINE.2
                0x08005eac        0x4 ./Drivers/BSP/STM32U0xx_Nucleo/stm32u0xx_nucleo.o
 .rodata.AHBPrescTable
                0x08005eb0       0x10 ./Drivers/CMSIS/system_stm32u0xx.o
                0x08005eb0                AHBPrescTable
 .rodata.APBPrescTable
                0x08005ec0        0x8 ./Drivers/CMSIS/system_stm32u0xx.o
                0x08005ec0                APBPrescTable
 .rodata.MSIRangeTable
                0x08005ec8       0x30 ./Drivers/CMSIS/system_stm32u0xx.o
                0x08005ec8                MSIRangeTable
 .rodata.HAL_LPTIM_RegisterCallback
                0x08005ef8       0x40 ./Drivers/STM32U0xx_HAL_Driver/stm32u0xx_hal_lptim.o
 .rodata.HAL_RCCEx_GetPeriphCLKFreq
                0x08005f38       0x84 ./Drivers/STM32U0xx_HAL_Driver/stm32u0xx_hal_rcc_ex.o
 .rodata.UARTPrescTable
                0x08005fbc       0x18 ./Drivers/STM32U0xx_HAL_Driver/stm32u0xx_hal_uart.o
                0x08005fbc                UARTPrescTable
 .rodata.numerator.1
                0x08005fd4        0x8 ./Drivers/STM32U0xx_HAL_Driver/stm32u0xx_hal_uart_ex.o
 .rodata.denominator.0
                0x08005fdc        0x8 ./Drivers/STM32U0xx_HAL_Driver/stm32u0xx_hal_uart_ex.o
 .rodata._svfprintf_r.str1.1
                0x08005fe4       0x33 C:/ST/STM32CubeIDE_1.18.0/STM32CubeIDE/plugins/com.st.stm32cube.ide.mcu.externaltools.gnu-tools-for-stm32.13.3.rel1.win32_1.0.0.202411081344/tools/bin/../lib/gcc/arm-none-eabi/13.3.1/../../../../arm-none-eabi/lib/thumb/v6-m/nofp\libc_nano.a(libc_a-nano-svfprintf.o)
                                 0x11 (size before relaxing)
 .rodata._printf_i.str1.1
                0x08006017       0x22 C:/ST/STM32CubeIDE_1.18.0/STM32CubeIDE/plugins/com.st.stm32cube.ide.mcu.externaltools.gnu-tools-for-stm32.13.3.rel1.win32_1.0.0.202411081344/tools/bin/../lib/gcc/arm-none-eabi/13.3.1/../../../../arm-none-eabi/lib/thumb/v6-m/nofp\libc_nano.a(libc_a-nano-vfprintf_i.o)
                0x0800603c                        . = ALIGN (0x4)
 *fill*         0x08006017        0x1 

.ARM.extab      0x08006018        0x0
                0x08006018                        . = ALIGN (0x4)
 *(.ARM.extab* .gnu.linkonce.armextab.*)
                0x08006018                        . = ALIGN (0x4)

.ARM            0x08006018        0x8
                0x08006018                        . = ALIGN (0x4)
                0x08006018                        __exidx_start = .
 *(.ARM.exidx*)
 .ARM.exidx     0x08006018        0x8 C:/ST/STM32CubeIDE_1.18.0/STM32CubeIDE/plugins/com.st.stm32cube.ide.mcu.externaltools.gnu-tools-for-stm32.13.3.rel1.win32_1.0.0.202411081344/tools/bin/../lib/gcc/arm-none-eabi/13.3.1/thumb/v6-m/nofp\libgcc.a(_udivmoddi4.o)
                0x08006020                        __exidx_end = .
                0x08006020                        . = ALIGN (0x4)

.preinit_array  0x08006020        0x0
                0x08006020                        . = ALIGN (0x4)
                0x08006020                        PROVIDE (__preinit_array_start = .)
 *(.preinit_array*)
                0x08006020                        PROVIDE (__preinit_array_end = .)
                0x08006020                        . = ALIGN (0x4)

.init_array     0x08006020        0x4
                0x08006020                        . = ALIGN (0x4)
                0x08006020                        PROVIDE (__init_array_start = .)
 *(SORT_BY_NAME(.init_array.*))
 *(.init_array*)
 .init_array    0x08006020        0x4 C:/ST/STM32CubeIDE_1.18.0/STM32CubeIDE/plugins/com.st.stm32cube.ide.mcu.externaltools.gnu-tools-for-stm32.13.3.rel1.win32_1.0.0.202411081344/tools/bin/../lib/gcc/arm-none-eabi/13.3.1/thumb/v6-m/nofp/crtbegin.o
                0x08006024                        PROVIDE (__init_array_end = .)
                0x08006024                        . = ALIGN (0x4)

.fini_array     0x08006024        0x4
                0x08006024                        . = ALIGN (0x4)
                [!provide]                        PROVIDE (__fini_array_start = .)
 *(SORT_BY_NAME(.fini_array.*))
 *(.fini_array*)
 .fini_array    0x08006024        0x4 C:/ST/STM32CubeIDE_1.18.0/STM32CubeIDE/plugins/com.st.stm32cube.ide.mcu.externaltools.gnu-tools-for-stm32.13.3.rel1.win32_1.0.0.202411081344/tools/bin/../lib/gcc/arm-none-eabi/13.3.1/thumb/v6-m/nofp/crtbegin.o
                [!provide]                        PROVIDE (__fini_array_end = .)
                0x08006028                        . = ALIGN (0x4)
                0x08006028                        _sidata = LOADADDR (.data)

.rel.dyn        0x08006028        0x0
 .rel.iplt      0x08006028        0x0 C:/ST/STM32CubeIDE_1.18.0/STM32CubeIDE/plugins/com.st.stm32cube.ide.mcu.externaltools.gnu-tools-for-stm32.13.3.rel1.win32_1.0.0.202411081344/tools/bin/../lib/gcc/arm-none-eabi/13.3.1/thumb/v6-m/nofp/crtbegin.o

.data           0x20000000       0x70 load address 0x08006028
                0x20000000                        . = ALIGN (0x4)
                0x20000000                        _sdata = .
 *(.data)
 *(.data*)
 .data.pConfig  0x20000000        0x4 ./Application/User/main.o
 .data.LED_PORT
                0x20000004        0x4 ./Drivers/BSP/STM32U0xx_Nucleo/stm32u0xx_nucleo.o
 .data.BUTTON_PORT
                0x20000008        0x4 ./Drivers/BSP/STM32U0xx_Nucleo/stm32u0xx_nucleo.o
 .data.ButtonCallback.1
                0x2000000c        0x4 ./Drivers/BSP/STM32U0xx_Nucleo/stm32u0xx_nucleo.o
 .data.BSP_BUTTON_PRIO.0
                0x20000010        0x4 ./Drivers/BSP/STM32U0xx_Nucleo/stm32u0xx_nucleo.o
 .data.SystemCoreClock
                0x20000014        0x4 ./Drivers/CMSIS/system_stm32u0xx.o
                0x20000014                SystemCoreClock
 .data.uwTickPrio
                0x20000018        0x4 ./Drivers/STM32U0xx_HAL_Driver/stm32u0xx_hal.o
                0x20000018                uwTickPrio
 .data.uwTickFreq
                0x2000001c        0x1 ./Drivers/STM32U0xx_HAL_Driver/stm32u0xx_hal.o
                0x2000001c                uwTickFreq
 *fill*         0x2000001d        0x3 
 .data._impure_ptr
                0x20000020        0x4 C:/ST/STM32CubeIDE_1.18.0/STM32CubeIDE/plugins/com.st.stm32cube.ide.mcu.externaltools.gnu-tools-for-stm32.13.3.rel1.win32_1.0.0.202411081344/tools/bin/../lib/gcc/arm-none-eabi/13.3.1/../../../../arm-none-eabi/lib/thumb/v6-m/nofp\libc_nano.a(libc_a-impure.o)
                0x20000020                _impure_ptr
 .data._impure_data
                0x20000024       0x4c C:/ST/STM32CubeIDE_1.18.0/STM32CubeIDE/plugins/com.st.stm32cube.ide.mcu.externaltools.gnu-tools-for-stm32.13.3.rel1.win32_1.0.0.202411081344/tools/bin/../lib/gcc/arm-none-eabi/13.3.1/../../../../arm-none-eabi/lib/thumb/v6-m/nofp\libc_nano.a(libc_a-impure.o)
                0x20000024                _impure_data
 *(.RamFunc)
 *(.RamFunc*)
                0x20000070                        . = ALIGN (0x4)
                0x20000070                        _edata = .

.igot.plt       0x20000070        0x0 load address 0x08006098
 .igot.plt      0x20000070        0x0 C:/ST/STM32CubeIDE_1.18.0/STM32CubeIDE/plugins/com.st.stm32cube.ide.mcu.externaltools.gnu-tools-for-stm32.13.3.rel1.win32_1.0.0.202411081344/tools/bin/../lib/gcc/arm-none-eabi/13.3.1/thumb/v6-m/nofp/crtbegin.o
                0x20000070                        . = ALIGN (0x4)

.bss            0x20000070      0x310 load address 0x08006098
                0x20000070                        _sbss = .
                0x20000070                        __bss_start__ = _sbss
 *(.bss)
 .bss           0x20000070       0x1c C:/ST/STM32CubeIDE_1.18.0/STM32CubeIDE/plugins/com.st.stm32cube.ide.mcu.externaltools.gnu-tools-for-stm32.13.3.rel1.win32_1.0.0.202411081344/tools/bin/../lib/gcc/arm-none-eabi/13.3.1/thumb/v6-m/nofp/crtbegin.o
 *(.bss*)
 .bss.hlptim1   0x2000008c       0x98 ./Application/User/main.o
                0x2000008c                hlptim1
 .bss.hrtc      0x20000124       0x30 ./Application/User/main.o
                0x20000124                hrtc
 .bss.huart2    0x20000154       0x94 ./Application/User/main.o
                0x20000154                huart2
 .bss.TimingDelay
                0x200001e8        0x4 ./Application/User/main.o
 .bss.eMode     0x200001ec        0x1 ./Application/User/main.o
 *fill*         0x200001ed        0x1 
 .bss.uwCompareValue
                0x200001ee        0x2 ./Application/User/main.o
 .bss.eCounterDirection
                0x200001f0        0x1 ./Application/User/main.o
 *fill*         0x200001f1        0x3 
 .bss.lCntrMultiplier
                0x200001f4        0x4 ./Application/User/main.o
 .bss.lForwardCount
                0x200001f8        0x4 ./Application/User/main.o
 .bss.lBackwardCount
                0x200001fc        0x4 ./Application/User/main.o
 .bss.lLastCounterValue
                0x20000200        0x4 ./Application/User/main.o
 .bss.lCntrErrorReading
                0x20000204        0x4 ./Application/User/main.o
 .bss.tracsense_config
                0x20000208       0x1c ./Application/User/main.o
 .bss.__sbrk_heap_end
                0x20000224        0x4 ./Application/User/sysmem.o
 .bss.hpb_exti  0x20000228        0xc ./Drivers/BSP/STM32U0xx_Nucleo/stm32u0xx_nucleo.o
                0x20000228                hpb_exti
 .bss.uwTick    0x20000234        0x4 ./Drivers/STM32U0xx_HAL_Driver/stm32u0xx_hal.o
                0x20000234                uwTick
 .bss.__sf      0x20000238      0x138 C:/ST/STM32CubeIDE_1.18.0/STM32CubeIDE/plugins/com.st.stm32cube.ide.mcu.externaltools.gnu-tools-for-stm32.13.3.rel1.win32_1.0.0.202411081344/tools/bin/../lib/gcc/arm-none-eabi/13.3.1/../../../../arm-none-eabi/lib/thumb/v6-m/nofp\libc_nano.a(libc_a-findfp.o)
                0x20000238                __sf
 .bss.errno     0x20000370        0x4 C:/ST/STM32CubeIDE_1.18.0/STM32CubeIDE/plugins/com.st.stm32cube.ide.mcu.externaltools.gnu-tools-for-stm32.13.3.rel1.win32_1.0.0.202411081344/tools/bin/../lib/gcc/arm-none-eabi/13.3.1/../../../../arm-none-eabi/lib/thumb/v6-m/nofp\libc_nano.a(libc_a-reent.o)
                0x20000370                errno
 .bss.__lock___malloc_recursive_mutex
                0x20000374        0x1 C:/ST/STM32CubeIDE_1.18.0/STM32CubeIDE/plugins/com.st.stm32cube.ide.mcu.externaltools.gnu-tools-for-stm32.13.3.rel1.win32_1.0.0.202411081344/tools/bin/../lib/gcc/arm-none-eabi/13.3.1/../../../../arm-none-eabi/lib/thumb/v6-m/nofp\libc_nano.a(libc_a-lock.o)
                0x20000374                __lock___malloc_recursive_mutex
 *fill*         0x20000375        0x3 
 .bss.__malloc_sbrk_start
                0x20000378        0x4 C:/ST/STM32CubeIDE_1.18.0/STM32CubeIDE/plugins/com.st.stm32cube.ide.mcu.externaltools.gnu-tools-for-stm32.13.3.rel1.win32_1.0.0.202411081344/tools/bin/../lib/gcc/arm-none-eabi/13.3.1/../../../../arm-none-eabi/lib/thumb/v6-m/nofp\libc_nano.a(libc_a-mallocr.o)
                0x20000378                __malloc_sbrk_start
 .bss.__malloc_free_list
                0x2000037c        0x4 C:/ST/STM32CubeIDE_1.18.0/STM32CubeIDE/plugins/com.st.stm32cube.ide.mcu.externaltools.gnu-tools-for-stm32.13.3.rel1.win32_1.0.0.202411081344/tools/bin/../lib/gcc/arm-none-eabi/13.3.1/../../../../arm-none-eabi/lib/thumb/v6-m/nofp\libc_nano.a(libc_a-mallocr.o)
                0x2000037c                __malloc_free_list
 *(COMMON)
                0x20000380                        . = ALIGN (0x4)
                0x20000380                        _ebss = .
                0x20000380                        __bss_end__ = _ebss

._user_heap_stack
                0x20000380      0x600 load address 0x08006098
                0x20000380                        . = ALIGN (0x8)
                [!provide]                        PROVIDE (end = .)
                0x20000380                        PROVIDE (_end = .)
                0x20000580                        . = (. + _Min_Heap_Size)
 *fill*         0x20000380      0x200 
                0x20000980                        . = (. + _Min_Stack_Size)
 *fill*         0x20000580      0x400 
                0x20000980                        . = ALIGN (0x8)

/DISCARD/
 libc.a(*)
 libm.a(*)
 libgcc.a(*)

.ARM.attributes
                0x00000000       0x28
 *(.ARM.attributes)
 .ARM.attributes
                0x00000000       0x1e C:/ST/STM32CubeIDE_1.18.0/STM32CubeIDE/plugins/com.st.stm32cube.ide.mcu.externaltools.gnu-tools-for-stm32.13.3.rel1.win32_1.0.0.202411081344/tools/bin/../lib/gcc/arm-none-eabi/13.3.1/thumb/v6-m/nofp/crti.o
 .ARM.attributes
                0x0000001e       0x2c C:/ST/STM32CubeIDE_1.18.0/STM32CubeIDE/plugins/com.st.stm32cube.ide.mcu.externaltools.gnu-tools-for-stm32.13.3.rel1.win32_1.0.0.202411081344/tools/bin/../lib/gcc/arm-none-eabi/13.3.1/thumb/v6-m/nofp/crtbegin.o
 .ARM.attributes
                0x0000004a       0x22 ./Application/Startup/startup_stm32u031r8ix.o
 .ARM.attributes
                0x0000006c       0x2c ./Application/User/main.o
 .ARM.attributes
                0x00000098       0x2c ./Application/User/stm32u0xx_hal_msp.o
 .ARM.attributes
                0x000000c4       0x2c ./Application/User/stm32u0xx_it.o
 .ARM.attributes
                0x000000f0       0x2c ./Application/User/sysmem.o
 .ARM.attributes
                0x0000011c       0x2c ./Drivers/BSP/STM32U0xx_Nucleo/stm32u0xx_nucleo.o
 .ARM.attributes
                0x00000148       0x2c ./Drivers/CMSIS/system_stm32u0xx.o
 .ARM.attributes
                0x00000174       0x2c ./Drivers/STM32U0xx_HAL_Driver/stm32u0xx_hal.o
 .ARM.attributes
                0x000001a0       0x2c ./Drivers/STM32U0xx_HAL_Driver/stm32u0xx_hal_cortex.o
 .ARM.attributes
                0x000001cc       0x2c ./Drivers/STM32U0xx_HAL_Driver/stm32u0xx_hal_exti.o
 .ARM.attributes
                0x000001f8       0x2c ./Drivers/STM32U0xx_HAL_Driver/stm32u0xx_hal_gpio.o
 .ARM.attributes
                0x00000224       0x2c ./Drivers/STM32U0xx_HAL_Driver/stm32u0xx_hal_lptim.o
 .ARM.attributes
                0x00000250       0x2c ./Drivers/STM32U0xx_HAL_Driver/stm32u0xx_hal_pwr_ex.o
 .ARM.attributes
                0x0000027c       0x2c ./Drivers/STM32U0xx_HAL_Driver/stm32u0xx_hal_rcc.o
 .ARM.attributes
                0x000002a8       0x2c ./Drivers/STM32U0xx_HAL_Driver/stm32u0xx_hal_rcc_ex.o
 .ARM.attributes
                0x000002d4       0x2c ./Drivers/STM32U0xx_HAL_Driver/stm32u0xx_hal_rtc.o
 .ARM.attributes
                0x00000300       0x2c ./Drivers/STM32U0xx_HAL_Driver/stm32u0xx_hal_uart.o
 .ARM.attributes
                0x0000032c       0x2c ./Drivers/STM32U0xx_HAL_Driver/stm32u0xx_hal_uart_ex.o
 .ARM.attributes
                0x00000358       0x2c C:/ST/STM32CubeIDE_1.18.0/STM32CubeIDE/plugins/com.st.stm32cube.ide.mcu.externaltools.gnu-tools-for-stm32.13.3.rel1.win32_1.0.0.202411081344/tools/bin/../lib/gcc/arm-none-eabi/13.3.1/../../../../arm-none-eabi/lib/thumb/v6-m/nofp\libc_nano.a(libc_a-findfp.o)
 .ARM.attributes
                0x00000384       0x2c C:/ST/STM32CubeIDE_1.18.0/STM32CubeIDE/plugins/com.st.stm32cube.ide.mcu.externaltools.gnu-tools-for-stm32.13.3.rel1.win32_1.0.0.202411081344/tools/bin/../lib/gcc/arm-none-eabi/13.3.1/../../../../arm-none-eabi/lib/thumb/v6-m/nofp\libc_nano.a(libc_a-vsnprintf.o)
 .ARM.attributes
                0x000003b0       0x2c C:/ST/STM32CubeIDE_1.18.0/STM32CubeIDE/plugins/com.st.stm32cube.ide.mcu.externaltools.gnu-tools-for-stm32.13.3.rel1.win32_1.0.0.202411081344/tools/bin/../lib/gcc/arm-none-eabi/13.3.1/../../../../arm-none-eabi/lib/thumb/v6-m/nofp\libc_nano.a(libc_a-memset.o)
 .ARM.attributes
                0x000003dc       0x2c C:/ST/STM32CubeIDE_1.18.0/STM32CubeIDE/plugins/com.st.stm32cube.ide.mcu.externaltools.gnu-tools-for-stm32.13.3.rel1.win32_1.0.0.202411081344/tools/bin/../lib/gcc/arm-none-eabi/13.3.1/../../../../arm-none-eabi/lib/thumb/v6-m/nofp\libc_nano.a(libc_a-reent.o)
 .ARM.attributes
                0x00000408       0x2c C:/ST/STM32CubeIDE_1.18.0/STM32CubeIDE/plugins/com.st.stm32cube.ide.mcu.externaltools.gnu-tools-for-stm32.13.3.rel1.win32_1.0.0.202411081344/tools/bin/../lib/gcc/arm-none-eabi/13.3.1/../../../../arm-none-eabi/lib/thumb/v6-m/nofp\libc_nano.a(libc_a-impure.o)
 .ARM.attributes
                0x00000434       0x2c C:/ST/STM32CubeIDE_1.18.0/STM32CubeIDE/plugins/com.st.stm32cube.ide.mcu.externaltools.gnu-tools-for-stm32.13.3.rel1.win32_1.0.0.202411081344/tools/bin/../lib/gcc/arm-none-eabi/13.3.1/../../../../arm-none-eabi/lib/thumb/v6-m/nofp\libc_nano.a(libc_a-errno.o)
 .ARM.attributes
                0x00000460       0x2c C:/ST/STM32CubeIDE_1.18.0/STM32CubeIDE/plugins/com.st.stm32cube.ide.mcu.externaltools.gnu-tools-for-stm32.13.3.rel1.win32_1.0.0.202411081344/tools/bin/../lib/gcc/arm-none-eabi/13.3.1/../../../../arm-none-eabi/lib/thumb/v6-m/nofp\libc_nano.a(libc_a-init.o)
 .ARM.attributes
                0x0000048c       0x2c C:/ST/STM32CubeIDE_1.18.0/STM32CubeIDE/plugins/com.st.stm32cube.ide.mcu.externaltools.gnu-tools-for-stm32.13.3.rel1.win32_1.0.0.202411081344/tools/bin/../lib/gcc/arm-none-eabi/13.3.1/../../../../arm-none-eabi/lib/thumb/v6-m/nofp\libc_nano.a(libc_a-lock.o)
 .ARM.attributes
                0x000004b8       0x1c C:/ST/STM32CubeIDE_1.18.0/STM32CubeIDE/plugins/com.st.stm32cube.ide.mcu.externaltools.gnu-tools-for-stm32.13.3.rel1.win32_1.0.0.202411081344/tools/bin/../lib/gcc/arm-none-eabi/13.3.1/../../../../arm-none-eabi/lib/thumb/v6-m/nofp\libc_nano.a(libc_a-strlen.o)
 .ARM.attributes
                0x000004d4       0x2c C:/ST/STM32CubeIDE_1.18.0/STM32CubeIDE/plugins/com.st.stm32cube.ide.mcu.externaltools.gnu-tools-for-stm32.13.3.rel1.win32_1.0.0.202411081344/tools/bin/../lib/gcc/arm-none-eabi/13.3.1/../../../../arm-none-eabi/lib/thumb/v6-m/nofp\libc_nano.a(libc_a-freer.o)
 .ARM.attributes
                0x00000500       0x2c C:/ST/STM32CubeIDE_1.18.0/STM32CubeIDE/plugins/com.st.stm32cube.ide.mcu.externaltools.gnu-tools-for-stm32.13.3.rel1.win32_1.0.0.202411081344/tools/bin/../lib/gcc/arm-none-eabi/13.3.1/../../../../arm-none-eabi/lib/thumb/v6-m/nofp\libc_nano.a(libc_a-mallocr.o)
 .ARM.attributes
                0x0000052c       0x2c C:/ST/STM32CubeIDE_1.18.0/STM32CubeIDE/plugins/com.st.stm32cube.ide.mcu.externaltools.gnu-tools-for-stm32.13.3.rel1.win32_1.0.0.202411081344/tools/bin/../lib/gcc/arm-none-eabi/13.3.1/../../../../arm-none-eabi/lib/thumb/v6-m/nofp\libc_nano.a(libc_a-mlock.o)
 .ARM.attributes
                0x00000558       0x2c C:/ST/STM32CubeIDE_1.18.0/STM32CubeIDE/plugins/com.st.stm32cube.ide.mcu.externaltools.gnu-tools-for-stm32.13.3.rel1.win32_1.0.0.202411081344/tools/bin/../lib/gcc/arm-none-eabi/13.3.1/../../../../arm-none-eabi/lib/thumb/v6-m/nofp\libc_nano.a(libc_a-nano-svfprintf.o)
 .ARM.attributes
                0x00000584       0x2c C:/ST/STM32CubeIDE_1.18.0/STM32CubeIDE/plugins/com.st.stm32cube.ide.mcu.externaltools.gnu-tools-for-stm32.13.3.rel1.win32_1.0.0.202411081344/tools/bin/../lib/gcc/arm-none-eabi/13.3.1/../../../../arm-none-eabi/lib/thumb/v6-m/nofp\libc_nano.a(libc_a-nano-vfprintf_i.o)
 .ARM.attributes
                0x000005b0       0x2c C:/ST/STM32CubeIDE_1.18.0/STM32CubeIDE/plugins/com.st.stm32cube.ide.mcu.externaltools.gnu-tools-for-stm32.13.3.rel1.win32_1.0.0.202411081344/tools/bin/../lib/gcc/arm-none-eabi/13.3.1/../../../../arm-none-eabi/lib/thumb/v6-m/nofp\libc_nano.a(libc_a-memmove.o)
 .ARM.attributes
                0x000005dc       0x2c C:/ST/STM32CubeIDE_1.18.0/STM32CubeIDE/plugins/com.st.stm32cube.ide.mcu.externaltools.gnu-tools-for-stm32.13.3.rel1.win32_1.0.0.202411081344/tools/bin/../lib/gcc/arm-none-eabi/13.3.1/../../../../arm-none-eabi/lib/thumb/v6-m/nofp\libc_nano.a(libc_a-sbrkr.o)
 .ARM.attributes
                0x00000608       0x2c C:/ST/STM32CubeIDE_1.18.0/STM32CubeIDE/plugins/com.st.stm32cube.ide.mcu.externaltools.gnu-tools-for-stm32.13.3.rel1.win32_1.0.0.202411081344/tools/bin/../lib/gcc/arm-none-eabi/13.3.1/../../../../arm-none-eabi/lib/thumb/v6-m/nofp\libc_nano.a(libc_a-memchr-stub.o)
 .ARM.attributes
                0x00000634       0x2c C:/ST/STM32CubeIDE_1.18.0/STM32CubeIDE/plugins/com.st.stm32cube.ide.mcu.externaltools.gnu-tools-for-stm32.13.3.rel1.win32_1.0.0.202411081344/tools/bin/../lib/gcc/arm-none-eabi/13.3.1/../../../../arm-none-eabi/lib/thumb/v6-m/nofp\libc_nano.a(libc_a-memcpy-stub.o)
 .ARM.attributes
                0x00000660       0x2c C:/ST/STM32CubeIDE_1.18.0/STM32CubeIDE/plugins/com.st.stm32cube.ide.mcu.externaltools.gnu-tools-for-stm32.13.3.rel1.win32_1.0.0.202411081344/tools/bin/../lib/gcc/arm-none-eabi/13.3.1/../../../../arm-none-eabi/lib/thumb/v6-m/nofp\libc_nano.a(libc_a-reallocr.o)
 .ARM.attributes
                0x0000068c       0x2c C:/ST/STM32CubeIDE_1.18.0/STM32CubeIDE/plugins/com.st.stm32cube.ide.mcu.externaltools.gnu-tools-for-stm32.13.3.rel1.win32_1.0.0.202411081344/tools/bin/../lib/gcc/arm-none-eabi/13.3.1/../../../../arm-none-eabi/lib/thumb/v6-m/nofp\libc_nano.a(libc_a-msizer.o)
 .ARM.attributes
                0x000006b8       0x1e C:/ST/STM32CubeIDE_1.18.0/STM32CubeIDE/plugins/com.st.stm32cube.ide.mcu.externaltools.gnu-tools-for-stm32.13.3.rel1.win32_1.0.0.202411081344/tools/bin/../lib/gcc/arm-none-eabi/13.3.1/thumb/v6-m/nofp\libgcc.a(_thumb1_case_shi.o)
 .ARM.attributes
                0x000006d6       0x1e C:/ST/STM32CubeIDE_1.18.0/STM32CubeIDE/plugins/com.st.stm32cube.ide.mcu.externaltools.gnu-tools-for-stm32.13.3.rel1.win32_1.0.0.202411081344/tools/bin/../lib/gcc/arm-none-eabi/13.3.1/thumb/v6-m/nofp\libgcc.a(_udivsi3.o)
 .ARM.attributes
                0x000006f4       0x1e C:/ST/STM32CubeIDE_1.18.0/STM32CubeIDE/plugins/com.st.stm32cube.ide.mcu.externaltools.gnu-tools-for-stm32.13.3.rel1.win32_1.0.0.202411081344/tools/bin/../lib/gcc/arm-none-eabi/13.3.1/thumb/v6-m/nofp\libgcc.a(_divsi3.o)
 .ARM.attributes
                0x00000712       0x1e C:/ST/STM32CubeIDE_1.18.0/STM32CubeIDE/plugins/com.st.stm32cube.ide.mcu.externaltools.gnu-tools-for-stm32.13.3.rel1.win32_1.0.0.202411081344/tools/bin/../lib/gcc/arm-none-eabi/13.3.1/thumb/v6-m/nofp\libgcc.a(_dvmd_tls.o)
 .ARM.attributes
                0x00000730       0x1e C:/ST/STM32CubeIDE_1.18.0/STM32CubeIDE/plugins/com.st.stm32cube.ide.mcu.externaltools.gnu-tools-for-stm32.13.3.rel1.win32_1.0.0.202411081344/tools/bin/../lib/gcc/arm-none-eabi/13.3.1/thumb/v6-m/nofp\libgcc.a(_aeabi_uldivmod.o)
 .ARM.attributes
                0x0000074e       0x2c C:/ST/STM32CubeIDE_1.18.0/STM32CubeIDE/plugins/com.st.stm32cube.ide.mcu.externaltools.gnu-tools-for-stm32.13.3.rel1.win32_1.0.0.202411081344/tools/bin/../lib/gcc/arm-none-eabi/13.3.1/thumb/v6-m/nofp\libgcc.a(_udivmoddi4.o)
 .ARM.attributes
                0x0000077a       0x1e C:/ST/STM32CubeIDE_1.18.0/STM32CubeIDE/plugins/com.st.stm32cube.ide.mcu.externaltools.gnu-tools-for-stm32.13.3.rel1.win32_1.0.0.202411081344/tools/bin/../lib/gcc/arm-none-eabi/13.3.1/thumb/v6-m/nofp\libgcc.a(_clzdi2.o)
 .ARM.attributes
                0x00000798       0x1e C:/ST/STM32CubeIDE_1.18.0/STM32CubeIDE/plugins/com.st.stm32cube.ide.mcu.externaltools.gnu-tools-for-stm32.13.3.rel1.win32_1.0.0.202411081344/tools/bin/../lib/gcc/arm-none-eabi/13.3.1/thumb/v6-m/nofp\libgcc.a(_clzsi2.o)
 .ARM.attributes
                0x000007b6       0x1e C:/ST/STM32CubeIDE_1.18.0/STM32CubeIDE/plugins/com.st.stm32cube.ide.mcu.externaltools.gnu-tools-for-stm32.13.3.rel1.win32_1.0.0.202411081344/tools/bin/../lib/gcc/arm-none-eabi/13.3.1/thumb/v6-m/nofp/crtn.o
OUTPUT(PWR_SHUTDOWN.elf elf32-littlearm)
LOAD linker stubs
LOAD C:/ST/STM32CubeIDE_1.18.0/STM32CubeIDE/plugins/com.st.stm32cube.ide.mcu.externaltools.gnu-tools-for-stm32.13.3.rel1.win32_1.0.0.202411081344/tools/bin/../lib/gcc/arm-none-eabi/13.3.1/../../../../arm-none-eabi/lib/thumb/v6-m/nofp\libc.a
LOAD C:/ST/STM32CubeIDE_1.18.0/STM32CubeIDE/plugins/com.st.stm32cube.ide.mcu.externaltools.gnu-tools-for-stm32.13.3.rel1.win32_1.0.0.202411081344/tools/bin/../lib/gcc/arm-none-eabi/13.3.1/../../../../arm-none-eabi/lib/thumb/v6-m/nofp\libm.a
LOAD C:/ST/STM32CubeIDE_1.18.0/STM32CubeIDE/plugins/com.st.stm32cube.ide.mcu.externaltools.gnu-tools-for-stm32.13.3.rel1.win32_1.0.0.202411081344/tools/bin/../lib/gcc/arm-none-eabi/13.3.1/thumb/v6-m/nofp\libgcc.a

.debug_line     0x00000000    0x13006
 .debug_line    0x00000000       0x7b ./Application/Startup/startup_stm32u031r8ix.o
 .debug_line    0x0000007b     0x1128 ./Application/User/main.o
 .debug_line    0x000011a3      0xa46 ./Application/User/stm32u0xx_hal_msp.o
 .debug_line    0x00001be9      0xa0e ./Application/User/stm32u0xx_it.o
 .debug_line    0x000025f7      0x590 ./Application/User/sysmem.o
 .debug_line    0x00002b87      0xb6e ./Drivers/BSP/STM32U0xx_Nucleo/stm32u0xx_nucleo.o
 .debug_line    0x000036f5      0xa06 ./Drivers/CMSIS/system_stm32u0xx.o
 .debug_line    0x000040fb      0xcce ./Drivers/STM32U0xx_HAL_Driver/stm32u0xx_hal.o
 .debug_line    0x00004dc9      0xd4c ./Drivers/STM32U0xx_HAL_Driver/stm32u0xx_hal_cortex.o
 .debug_line    0x00005b15      0xcc0 ./Drivers/STM32U0xx_HAL_Driver/stm32u0xx_hal_exti.o
 .debug_line    0x000067d5      0xd18 ./Drivers/STM32U0xx_HAL_Driver/stm32u0xx_hal_gpio.o
 .debug_line    0x000074ed     0x304f ./Drivers/STM32U0xx_HAL_Driver/stm32u0xx_hal_lptim.o
 .debug_line    0x0000a53c      0xd88 ./Drivers/STM32U0xx_HAL_Driver/stm32u0xx_hal_pwr_ex.o
 .debug_line    0x0000b2c4     0x1204 ./Drivers/STM32U0xx_HAL_Driver/stm32u0xx_hal_rcc.o
 .debug_line    0x0000c4c8     0x121d ./Drivers/STM32U0xx_HAL_Driver/stm32u0xx_hal_rcc_ex.o
 .debug_line    0x0000d6e5     0x11c3 ./Drivers/STM32U0xx_HAL_Driver/stm32u0xx_hal_rtc.o
 .debug_line    0x0000e8a8     0x3897 ./Drivers/STM32U0xx_HAL_Driver/stm32u0xx_hal_uart.o
 .debug_line    0x0001213f      0xec7 ./Drivers/STM32U0xx_HAL_Driver/stm32u0xx_hal_uart_ex.o

.debug_line_str
                0x00000000       0xcf
 .debug_line_str
                0x00000000       0xcf ./Application/Startup/startup_stm32u031r8ix.o

.debug_info     0x00000000    0x11a8c
 .debug_info    0x00000000       0x30 ./Application/Startup/startup_stm32u031r8ix.o
 .debug_info    0x00000030     0x2128 ./Application/User/main.o
 .debug_info    0x00002158     0x16a5 ./Application/User/stm32u0xx_hal_msp.o
 .debug_info    0x000037fd      0x978 ./Application/User/stm32u0xx_it.o
 .debug_info    0x00004175      0x168 ./Application/User/sysmem.o
 .debug_info    0x000042dd      0xbed ./Drivers/BSP/STM32U0xx_Nucleo/stm32u0xx_nucleo.o
 .debug_info    0x00004eca      0x71a ./Drivers/CMSIS/system_stm32u0xx.o
 .debug_info    0x000055e4      0xa5c ./Drivers/STM32U0xx_HAL_Driver/stm32u0xx_hal.o
 .debug_info    0x00006040      0x989 ./Drivers/STM32U0xx_HAL_Driver/stm32u0xx_hal_cortex.o
 .debug_info    0x000069c9      0x70c ./Drivers/STM32U0xx_HAL_Driver/stm32u0xx_hal_exti.o
 .debug_info    0x000070d5      0x63e ./Drivers/STM32U0xx_HAL_Driver/stm32u0xx_hal_gpio.o
 .debug_info    0x00007713     0x1bec ./Drivers/STM32U0xx_HAL_Driver/stm32u0xx_hal_lptim.o
 .debug_info    0x000092ff      0x89b ./Drivers/STM32U0xx_HAL_Driver/stm32u0xx_hal_pwr_ex.o
 .debug_info    0x00009b9a      0xd0b ./Drivers/STM32U0xx_HAL_Driver/stm32u0xx_hal_rcc.o
 .debug_info    0x0000a8a5      0xccb ./Drivers/STM32U0xx_HAL_Driver/stm32u0xx_hal_rcc_ex.o
 .debug_info    0x0000b570      0xd51 ./Drivers/STM32U0xx_HAL_Driver/stm32u0xx_hal_rtc.o
 .debug_info    0x0000c2c1     0x4787 ./Drivers/STM32U0xx_HAL_Driver/stm32u0xx_hal_uart.o
 .debug_info    0x00010a48     0x1044 ./Drivers/STM32U0xx_HAL_Driver/stm32u0xx_hal_uart_ex.o

.debug_abbrev   0x00000000     0x2755
 .debug_abbrev  0x00000000       0x24 ./Application/Startup/startup_stm32u031r8ix.o
 .debug_abbrev  0x00000024      0x3b0 ./Application/User/main.o
 .debug_abbrev  0x000003d4      0x236 ./Application/User/stm32u0xx_hal_msp.o
 .debug_abbrev  0x0000060a      0x1aa ./Application/User/stm32u0xx_it.o
 .debug_abbrev  0x000007b4       0xbc ./Application/User/sysmem.o
 .debug_abbrev  0x00000870      0x2b1 ./Drivers/BSP/STM32U0xx_Nucleo/stm32u0xx_nucleo.o
 .debug_abbrev  0x00000b21      0x117 ./Drivers/CMSIS/system_stm32u0xx.o
 .debug_abbrev  0x00000c38      0x2ce ./Drivers/STM32U0xx_HAL_Driver/stm32u0xx_hal.o
 .debug_abbrev  0x00000f06      0x2ac ./Drivers/STM32U0xx_HAL_Driver/stm32u0xx_hal_cortex.o
 .debug_abbrev  0x000011b2      0x197 ./Drivers/STM32U0xx_HAL_Driver/stm32u0xx_hal_exti.o
 .debug_abbrev  0x00001349      0x1c8 ./Drivers/STM32U0xx_HAL_Driver/stm32u0xx_hal_gpio.o
 .debug_abbrev  0x00001511      0x29d ./Drivers/STM32U0xx_HAL_Driver/stm32u0xx_hal_lptim.o
 .debug_abbrev  0x000017ae      0x212 ./Drivers/STM32U0xx_HAL_Driver/stm32u0xx_hal_pwr_ex.o
 .debug_abbrev  0x000019c0      0x2d7 ./Drivers/STM32U0xx_HAL_Driver/stm32u0xx_hal_rcc.o
 .debug_abbrev  0x00001c97      0x28e ./Drivers/STM32U0xx_HAL_Driver/stm32u0xx_hal_rcc_ex.o
 .debug_abbrev  0x00001f25      0x226 ./Drivers/STM32U0xx_HAL_Driver/stm32u0xx_hal_rtc.o
 .debug_abbrev  0x0000214b      0x324 ./Drivers/STM32U0xx_HAL_Driver/stm32u0xx_hal_uart.o
 .debug_abbrev  0x0000246f      0x2e6 ./Drivers/STM32U0xx_HAL_Driver/stm32u0xx_hal_uart_ex.o

.debug_aranges  0x00000000      0xe08
 .debug_aranges
                0x00000000       0x28 ./Application/Startup/startup_stm32u031r8ix.o
 .debug_aranges
                0x00000028      0x110 ./Application/User/main.o
 .debug_aranges
                0x00000138       0x50 ./Application/User/stm32u0xx_hal_msp.o
 .debug_aranges
                0x00000188       0x40 ./Application/User/stm32u0xx_it.o
 .debug_aranges
                0x000001c8       0x20 ./Application/User/sysmem.o
 .debug_aranges
                0x000001e8       0x90 ./Drivers/BSP/STM32U0xx_Nucleo/stm32u0xx_nucleo.o
 .debug_aranges
                0x00000278       0x28 ./Drivers/CMSIS/system_stm32u0xx.o
 .debug_aranges
                0x000002a0      0x130 ./Drivers/STM32U0xx_HAL_Driver/stm32u0xx_hal.o
 .debug_aranges
                0x000003d0       0xe8 ./Drivers/STM32U0xx_HAL_Driver/stm32u0xx_hal_cortex.o
 .debug_aranges
                0x000004b8       0x60 ./Drivers/STM32U0xx_HAL_Driver/stm32u0xx_hal_exti.o
 .debug_aranges
                0x00000518       0x60 ./Drivers/STM32U0xx_HAL_Driver/stm32u0xx_hal_gpio.o
 .debug_aranges
                0x00000578      0x280 ./Drivers/STM32U0xx_HAL_Driver/stm32u0xx_hal_lptim.o
 .debug_aranges
                0x000007f8      0x108 ./Drivers/STM32U0xx_HAL_Driver/stm32u0xx_hal_pwr_ex.o
 .debug_aranges
                0x00000900       0x88 ./Drivers/STM32U0xx_HAL_Driver/stm32u0xx_hal_rcc.o
 .debug_aranges
                0x00000988       0xa8 ./Drivers/STM32U0xx_HAL_Driver/stm32u0xx_hal_rcc_ex.o
 .debug_aranges
                0x00000a30       0xe8 ./Drivers/STM32U0xx_HAL_Driver/stm32u0xx_hal_rtc.o
 .debug_aranges
                0x00000b18      0x248 ./Drivers/STM32U0xx_HAL_Driver/stm32u0xx_hal_uart.o
 .debug_aranges
                0x00000d60       0xa8 ./Drivers/STM32U0xx_HAL_Driver/stm32u0xx_hal_uart_ex.o

.debug_str      0x00000000    0xab470
 .debug_str     0x00000000    0xab470 ./Application/Startup/startup_stm32u031r8ix.o
                                 0xeb (size before relaxing)
 .debug_str     0x000ab470    0xa7faa ./Application/User/main.o
 .debug_str     0x000ab470    0xa3689 ./Application/User/stm32u0xx_hal_msp.o
 .debug_str     0x000ab470    0xa32b3 ./Application/User/stm32u0xx_it.o
 .debug_str     0x000ab470     0x76e6 ./Application/User/sysmem.o
 .debug_str     0x000ab470    0xa3164 ./Drivers/BSP/STM32U0xx_Nucleo/stm32u0xx_nucleo.o
 .debug_str     0x000ab470    0xa2726 ./Drivers/CMSIS/system_stm32u0xx.o
 .debug_str     0x000ab470    0xa2d78 ./Drivers/STM32U0xx_HAL_Driver/stm32u0xx_hal.o
 .debug_str     0x000ab470    0xa2a58 ./Drivers/STM32U0xx_HAL_Driver/stm32u0xx_hal_cortex.o
 .debug_str     0x000ab470    0xa271b ./Drivers/STM32U0xx_HAL_Driver/stm32u0xx_hal_exti.o
 .debug_str     0x000ab470    0xa26b1 ./Drivers/STM32U0xx_HAL_Driver/stm32u0xx_hal_gpio.o
 .debug_str     0x000ab470    0xa3699 ./Drivers/STM32U0xx_HAL_Driver/stm32u0xx_hal_lptim.o
 .debug_str     0x000ab470    0xa2a73 ./Drivers/STM32U0xx_HAL_Driver/stm32u0xx_hal_pwr_ex.o
 .debug_str     0x000ab470    0xa2d8c ./Drivers/STM32U0xx_HAL_Driver/stm32u0xx_hal_rcc.o
 .debug_str     0x000ab470    0xa2c20 ./Drivers/STM32U0xx_HAL_Driver/stm32u0xx_hal_rcc_ex.o
 .debug_str     0x000ab470    0xa2a84 ./Drivers/STM32U0xx_HAL_Driver/stm32u0xx_hal_rtc.o
 .debug_str     0x000ab470    0xa33d9 ./Drivers/STM32U0xx_HAL_Driver/stm32u0xx_hal_uart.o
 .debug_str     0x000ab470    0xa2df3 ./Drivers/STM32U0xx_HAL_Driver/stm32u0xx_hal_uart_ex.o

.debug_rnglists
                0x00000000      0xae1
 .debug_rnglists
                0x00000000       0x19 ./Application/Startup/startup_stm32u031r8ix.o
 .debug_rnglists
                0x00000019       0xcf ./Application/User/main.o
 .debug_rnglists
                0x000000e8       0x3a ./Application/User/stm32u0xx_hal_msp.o
 .debug_rnglists
                0x00000122       0x2b ./Application/User/stm32u0xx_it.o
 .debug_rnglists
                0x0000014d       0x13 ./Application/User/sysmem.o
 .debug_rnglists
                0x00000160       0x68 ./Drivers/BSP/STM32U0xx_Nucleo/stm32u0xx_nucleo.o
 .debug_rnglists
                0x000001c8       0x1a ./Drivers/CMSIS/system_stm32u0xx.o
 .debug_rnglists
                0x000001e2       0xe0 ./Drivers/STM32U0xx_HAL_Driver/stm32u0xx_hal.o
 .debug_rnglists
                0x000002c2       0xaa ./Drivers/STM32U0xx_HAL_Driver/stm32u0xx_hal_cortex.o
 .debug_rnglists
                0x0000036c       0x47 ./Drivers/STM32U0xx_HAL_Driver/stm32u0xx_hal_exti.o
 .debug_rnglists
                0x000003b3       0x45 ./Drivers/STM32U0xx_HAL_Driver/stm32u0xx_hal_gpio.o
 .debug_rnglists
                0x000003f8      0x207 ./Drivers/STM32U0xx_HAL_Driver/stm32u0xx_hal_lptim.o
 .debug_rnglists
                0x000005ff       0xc8 ./Drivers/STM32U0xx_HAL_Driver/stm32u0xx_hal_pwr_ex.o
 .debug_rnglists
                0x000006c7       0x68 ./Drivers/STM32U0xx_HAL_Driver/stm32u0xx_hal_rcc.o
 .debug_rnglists
                0x0000072f       0x81 ./Drivers/STM32U0xx_HAL_Driver/stm32u0xx_hal_rcc_ex.o
 .debug_rnglists
                0x000007b0       0xb4 ./Drivers/STM32U0xx_HAL_Driver/stm32u0xx_hal_rtc.o
 .debug_rnglists
                0x00000864      0x1fd ./Drivers/STM32U0xx_HAL_Driver/stm32u0xx_hal_uart.o
 .debug_rnglists
                0x00000a61       0x80 ./Drivers/STM32U0xx_HAL_Driver/stm32u0xx_hal_uart_ex.o

.debug_macro    0x00000000    0x1aa39
 .debug_macro   0x00000000      0x34a ./Application/User/main.o
 .debug_macro   0x0000034a      0xaae ./Application/User/main.o
 .debug_macro   0x00000df8      0x11e ./Application/User/main.o
 .debug_macro   0x00000f16       0x2e ./Application/User/main.o
 .debug_macro   0x00000f44       0x28 ./Application/User/main.o
 .debug_macro   0x00000f6c       0x22 ./Application/User/main.o
 .debug_macro   0x00000f8e       0x8e ./Application/User/main.o
 .debug_macro   0x0000101c       0x51 ./Application/User/main.o
 .debug_macro   0x0000106d      0x103 ./Application/User/main.o
 .debug_macro   0x00001170       0x6a ./Application/User/main.o
 .debug_macro   0x000011da      0x1df ./Application/User/main.o
 .debug_macro   0x000013b9       0x1c ./Application/User/main.o
 .debug_macro   0x000013d5       0x22 ./Application/User/main.o
 .debug_macro   0x000013f7       0xd1 ./Application/User/main.o
 .debug_macro   0x000014c8      0x4da ./Application/User/main.o
 .debug_macro   0x000019a2      0x11f ./Application/User/main.o
 .debug_macro   0x00001ac1     0xdbe3 ./Application/User/main.o
 .debug_macro   0x0000f6a4       0x6c ./Application/User/main.o
 .debug_macro   0x0000f710     0x3463 ./Application/User/main.o
 .debug_macro   0x00012b73      0x190 ./Application/User/main.o
 .debug_macro   0x00012d03       0x5a ./Application/User/main.o
 .debug_macro   0x00012d5d     0x11c3 ./Application/User/main.o
 .debug_macro   0x00013f20      0x31a ./Application/User/main.o
 .debug_macro   0x0001423a      0x1cf ./Application/User/main.o
 .debug_macro   0x00014409      0x11c ./Application/User/main.o
 .debug_macro   0x00014525      0x432 ./Application/User/main.o
 .debug_macro   0x00014957      0x280 ./Application/User/main.o
 .debug_macro   0x00014bd7      0x3c3 ./Application/User/main.o
 .debug_macro   0x00014f9a      0x1a5 ./Application/User/main.o
 .debug_macro   0x0001513f       0x43 ./Application/User/main.o
 .debug_macro   0x00015182      0x1f1 ./Application/User/main.o
 .debug_macro   0x00015373      0x1b6 ./Application/User/main.o
 .debug_macro   0x00015529      0x359 ./Application/User/main.o
 .debug_macro   0x00015882       0x2e ./Application/User/main.o
 .debug_macro   0x000158b0       0xe4 ./Application/User/main.o
 .debug_macro   0x00015994      0x37c ./Application/User/main.o
 .debug_macro   0x00015d10      0x479 ./Application/User/main.o
 .debug_macro   0x00016189      0x128 ./Application/User/main.o
 .debug_macro   0x000162b1      0x34b ./Application/User/main.o
 .debug_macro   0x000165fc      0x336 ./Application/User/main.o
 .debug_macro   0x00016932      0x65f ./Application/User/main.o
 .debug_macro   0x00016f91       0xe4 ./Application/User/main.o
 .debug_macro   0x00017075      0x693 ./Application/User/main.o
 .debug_macro   0x00017708       0xa6 ./Application/User/main.o
 .debug_macro   0x000177ae      0x53d ./Application/User/main.o
 .debug_macro   0x00017ceb       0x2e ./Application/User/main.o
 .debug_macro   0x00017d19       0x22 ./Application/User/main.o
 .debug_macro   0x00017d3b       0x52 ./Application/User/main.o
 .debug_macro   0x00017d8d       0x89 ./Application/User/main.o
 .debug_macro   0x00017e16       0x61 ./Application/User/main.o
 .debug_macro   0x00017e77       0x24 ./Application/User/main.o
 .debug_macro   0x00017e9b       0x43 ./Application/User/main.o
 .debug_macro   0x00017ede       0x34 ./Application/User/main.o
 .debug_macro   0x00017f12       0x16 ./Application/User/main.o
 .debug_macro   0x00017f28       0x3c ./Application/User/main.o
 .debug_macro   0x00017f64      0x370 ./Application/User/main.o
 .debug_macro   0x000182d4       0x10 ./Application/User/main.o
 .debug_macro   0x000182e4       0x16 ./Application/User/main.o
 .debug_macro   0x000182fa       0x4a ./Application/User/main.o
 .debug_macro   0x00018344       0x34 ./Application/User/main.o
 .debug_macro   0x00018378       0x10 ./Application/User/main.o
 .debug_macro   0x00018388       0x58 ./Application/User/main.o
 .debug_macro   0x000183e0       0x8e ./Application/User/main.o
 .debug_macro   0x0001846e       0x1c ./Application/User/main.o
 .debug_macro   0x0001848a      0x185 ./Application/User/main.o
 .debug_macro   0x0001860f       0x16 ./Application/User/main.o
 .debug_macro   0x00018625       0x16 ./Application/User/main.o
 .debug_macro   0x0001863b      0x146 ./Application/User/main.o
 .debug_macro   0x00018781       0x16 ./Application/User/main.o
 .debug_macro   0x00018797       0x20 ./Application/User/main.o
 .debug_macro   0x000187b7       0x4c ./Application/User/main.o
 .debug_macro   0x00018803       0x22 ./Application/User/main.o
 .debug_macro   0x00018825      0x203 ./Application/User/stm32u0xx_hal_msp.o
 .debug_macro   0x00018a28      0x22e ./Application/User/stm32u0xx_it.o
 .debug_macro   0x00018c56      0x112 ./Application/User/sysmem.o
 .debug_macro   0x00018d68      0x23c ./Application/User/sysmem.o
 .debug_macro   0x00018fa4      0x221 ./Drivers/BSP/STM32U0xx_Nucleo/stm32u0xx_nucleo.o
 .debug_macro   0x000191c5       0x1c ./Drivers/BSP/STM32U0xx_Nucleo/stm32u0xx_nucleo.o
 .debug_macro   0x000191e1      0x200 ./Drivers/CMSIS/system_stm32u0xx.o
 .debug_macro   0x000193e1      0x212 ./Drivers/STM32U0xx_HAL_Driver/stm32u0xx_hal.o
 .debug_macro   0x000195f3      0x1f4 ./Drivers/STM32U0xx_HAL_Driver/stm32u0xx_hal_cortex.o
 .debug_macro   0x000197e7      0x200 ./Drivers/STM32U0xx_HAL_Driver/stm32u0xx_hal_exti.o
 .debug_macro   0x000199e7      0x1fa ./Drivers/STM32U0xx_HAL_Driver/stm32u0xx_hal_gpio.o
 .debug_macro   0x00019be1      0x1fc ./Drivers/STM32U0xx_HAL_Driver/stm32u0xx_hal_lptim.o
 .debug_macro   0x00019ddd      0x21e ./Drivers/STM32U0xx_HAL_Driver/stm32u0xx_hal_pwr_ex.o
 .debug_macro   0x00019ffb      0x224 ./Drivers/STM32U0xx_HAL_Driver/stm32u0xx_hal_rcc.o
 .debug_macro   0x0001a21f      0x206 ./Drivers/STM32U0xx_HAL_Driver/stm32u0xx_hal_rcc_ex.o
 .debug_macro   0x0001a425      0x1f5 ./Drivers/STM32U0xx_HAL_Driver/stm32u0xx_hal_rtc.o
 .debug_macro   0x0001a61a      0x21f ./Drivers/STM32U0xx_HAL_Driver/stm32u0xx_hal_uart.o
 .debug_macro   0x0001a839      0x200 ./Drivers/STM32U0xx_HAL_Driver/stm32u0xx_hal_uart_ex.o

.comment        0x00000000       0x43
 .comment       0x00000000       0x43 ./Application/User/main.o
                                 0x44 (size before relaxing)
 .comment       0x00000043       0x44 ./Application/User/stm32u0xx_hal_msp.o
 .comment       0x00000043       0x44 ./Application/User/stm32u0xx_it.o
 .comment       0x00000043       0x44 ./Application/User/sysmem.o
 .comment       0x00000043       0x44 ./Drivers/BSP/STM32U0xx_Nucleo/stm32u0xx_nucleo.o
 .comment       0x00000043       0x44 ./Drivers/CMSIS/system_stm32u0xx.o
 .comment       0x00000043       0x44 ./Drivers/STM32U0xx_HAL_Driver/stm32u0xx_hal.o
 .comment       0x00000043       0x44 ./Drivers/STM32U0xx_HAL_Driver/stm32u0xx_hal_cortex.o
 .comment       0x00000043       0x44 ./Drivers/STM32U0xx_HAL_Driver/stm32u0xx_hal_exti.o
 .comment       0x00000043       0x44 ./Drivers/STM32U0xx_HAL_Driver/stm32u0xx_hal_gpio.o
 .comment       0x00000043       0x44 ./Drivers/STM32U0xx_HAL_Driver/stm32u0xx_hal_lptim.o
 .comment       0x00000043       0x44 ./Drivers/STM32U0xx_HAL_Driver/stm32u0xx_hal_pwr_ex.o
 .comment       0x00000043       0x44 ./Drivers/STM32U0xx_HAL_Driver/stm32u0xx_hal_rcc.o
 .comment       0x00000043       0x44 ./Drivers/STM32U0xx_HAL_Driver/stm32u0xx_hal_rcc_ex.o
 .comment       0x00000043       0x44 ./Drivers/STM32U0xx_HAL_Driver/stm32u0xx_hal_rtc.o
 .comment       0x00000043       0x44 ./Drivers/STM32U0xx_HAL_Driver/stm32u0xx_hal_uart.o
 .comment       0x00000043       0x44 ./Drivers/STM32U0xx_HAL_Driver/stm32u0xx_hal_uart_ex.o

.debug_frame    0x00000000     0x36e4
 .debug_frame   0x00000000      0x3d8 ./Application/User/main.o
 .debug_frame   0x000003d8       0xf0 ./Application/User/stm32u0xx_hal_msp.o
 .debug_frame   0x000004c8       0x9c ./Application/User/stm32u0xx_it.o
 .debug_frame   0x00000564       0x30 ./Application/User/sysmem.o
 .debug_frame   0x00000594      0x1e0 ./Drivers/BSP/STM32U0xx_Nucleo/stm32u0xx_nucleo.o
 .debug_frame   0x00000774       0x50 ./Drivers/CMSIS/system_stm32u0xx.o
 .debug_frame   0x000007c4      0x40c ./Drivers/STM32U0xx_HAL_Driver/stm32u0xx_hal.o
 .debug_frame   0x00000bd0      0x33c ./Drivers/STM32U0xx_HAL_Driver/stm32u0xx_hal_cortex.o
 .debug_frame   0x00000f0c      0x130 ./Drivers/STM32U0xx_HAL_Driver/stm32u0xx_hal_exti.o
 .debug_frame   0x0000103c      0x130 ./Drivers/STM32U0xx_HAL_Driver/stm32u0xx_hal_gpio.o
 .debug_frame   0x0000116c      0x9b4 ./Drivers/STM32U0xx_HAL_Driver/stm32u0xx_hal_lptim.o
 .debug_frame   0x00001b20      0x388 ./Drivers/STM32U0xx_HAL_Driver/stm32u0xx_hal_pwr_ex.o
 .debug_frame   0x00001ea8      0x1c4 ./Drivers/STM32U0xx_HAL_Driver/stm32u0xx_hal_rcc.o
 .debug_frame   0x0000206c      0x23c ./Drivers/STM32U0xx_HAL_Driver/stm32u0xx_hal_rcc_ex.o
 .debug_frame   0x000022a8      0x354 ./Drivers/STM32U0xx_HAL_Driver/stm32u0xx_hal_rtc.o
 .debug_frame   0x000025fc      0x8d8 ./Drivers/STM32U0xx_HAL_Driver/stm32u0xx_hal_uart.o
 .debug_frame   0x00002ed4      0x258 ./Drivers/STM32U0xx_HAL_Driver/stm32u0xx_hal_uart_ex.o
 .debug_frame   0x0000312c      0x138 C:/ST/STM32CubeIDE_1.18.0/STM32CubeIDE/plugins/com.st.stm32cube.ide.mcu.externaltools.gnu-tools-for-stm32.13.3.rel1.win32_1.0.0.202411081344/tools/bin/../lib/gcc/arm-none-eabi/13.3.1/../../../../arm-none-eabi/lib/thumb/v6-m/nofp\libc_nano.a(libc_a-findfp.o)
 .debug_frame   0x00003264       0x48 C:/ST/STM32CubeIDE_1.18.0/STM32CubeIDE/plugins/com.st.stm32cube.ide.mcu.externaltools.gnu-tools-for-stm32.13.3.rel1.win32_1.0.0.202411081344/tools/bin/../lib/gcc/arm-none-eabi/13.3.1/../../../../arm-none-eabi/lib/thumb/v6-m/nofp\libc_nano.a(libc_a-vsnprintf.o)
 .debug_frame   0x000032ac       0x20 C:/ST/STM32CubeIDE_1.18.0/STM32CubeIDE/plugins/com.st.stm32cube.ide.mcu.externaltools.gnu-tools-for-stm32.13.3.rel1.win32_1.0.0.202411081344/tools/bin/../lib/gcc/arm-none-eabi/13.3.1/../../../../arm-none-eabi/lib/thumb/v6-m/nofp\libc_nano.a(libc_a-memset.o)
 .debug_frame   0x000032cc       0x2c C:/ST/STM32CubeIDE_1.18.0/STM32CubeIDE/plugins/com.st.stm32cube.ide.mcu.externaltools.gnu-tools-for-stm32.13.3.rel1.win32_1.0.0.202411081344/tools/bin/../lib/gcc/arm-none-eabi/13.3.1/../../../../arm-none-eabi/lib/thumb/v6-m/nofp\libc_nano.a(libc_a-reent.o)
 .debug_frame   0x000032f8       0x20 C:/ST/STM32CubeIDE_1.18.0/STM32CubeIDE/plugins/com.st.stm32cube.ide.mcu.externaltools.gnu-tools-for-stm32.13.3.rel1.win32_1.0.0.202411081344/tools/bin/../lib/gcc/arm-none-eabi/13.3.1/../../../../arm-none-eabi/lib/thumb/v6-m/nofp\libc_nano.a(libc_a-errno.o)
 .debug_frame   0x00003318       0x2c C:/ST/STM32CubeIDE_1.18.0/STM32CubeIDE/plugins/com.st.stm32cube.ide.mcu.externaltools.gnu-tools-for-stm32.13.3.rel1.win32_1.0.0.202411081344/tools/bin/../lib/gcc/arm-none-eabi/13.3.1/../../../../arm-none-eabi/lib/thumb/v6-m/nofp\libc_nano.a(libc_a-init.o)
 .debug_frame   0x00003344       0xb0 C:/ST/STM32CubeIDE_1.18.0/STM32CubeIDE/plugins/com.st.stm32cube.ide.mcu.externaltools.gnu-tools-for-stm32.13.3.rel1.win32_1.0.0.202411081344/tools/bin/../lib/gcc/arm-none-eabi/13.3.1/../../../../arm-none-eabi/lib/thumb/v6-m/nofp\libc_nano.a(libc_a-lock.o)
 .debug_frame   0x000033f4       0x2c C:/ST/STM32CubeIDE_1.18.0/STM32CubeIDE/plugins/com.st.stm32cube.ide.mcu.externaltools.gnu-tools-for-stm32.13.3.rel1.win32_1.0.0.202411081344/tools/bin/../lib/gcc/arm-none-eabi/13.3.1/../../../../arm-none-eabi/lib/thumb/v6-m/nofp\libc_nano.a(libc_a-freer.o)
 .debug_frame   0x00003420       0x50 C:/ST/STM32CubeIDE_1.18.0/STM32CubeIDE/plugins/com.st.stm32cube.ide.mcu.externaltools.gnu-tools-for-stm32.13.3.rel1.win32_1.0.0.202411081344/tools/bin/../lib/gcc/arm-none-eabi/13.3.1/../../../../arm-none-eabi/lib/thumb/v6-m/nofp\libc_nano.a(libc_a-mallocr.o)
 .debug_frame   0x00003470       0x40 C:/ST/STM32CubeIDE_1.18.0/STM32CubeIDE/plugins/com.st.stm32cube.ide.mcu.externaltools.gnu-tools-for-stm32.13.3.rel1.win32_1.0.0.202411081344/tools/bin/../lib/gcc/arm-none-eabi/13.3.1/../../../../arm-none-eabi/lib/thumb/v6-m/nofp\libc_nano.a(libc_a-mlock.o)
 .debug_frame   0x000034b0       0x74 C:/ST/STM32CubeIDE_1.18.0/STM32CubeIDE/plugins/com.st.stm32cube.ide.mcu.externaltools.gnu-tools-for-stm32.13.3.rel1.win32_1.0.0.202411081344/tools/bin/../lib/gcc/arm-none-eabi/13.3.1/../../../../arm-none-eabi/lib/thumb/v6-m/nofp\libc_nano.a(libc_a-nano-svfprintf.o)
 .debug_frame   0x00003524       0x54 C:/ST/STM32CubeIDE_1.18.0/STM32CubeIDE/plugins/com.st.stm32cube.ide.mcu.externaltools.gnu-tools-for-stm32.13.3.rel1.win32_1.0.0.202411081344/tools/bin/../lib/gcc/arm-none-eabi/13.3.1/../../../../arm-none-eabi/lib/thumb/v6-m/nofp\libc_nano.a(libc_a-nano-vfprintf_i.o)
 .debug_frame   0x00003578       0x28 C:/ST/STM32CubeIDE_1.18.0/STM32CubeIDE/plugins/com.st.stm32cube.ide.mcu.externaltools.gnu-tools-for-stm32.13.3.rel1.win32_1.0.0.202411081344/tools/bin/../lib/gcc/arm-none-eabi/13.3.1/../../../../arm-none-eabi/lib/thumb/v6-m/nofp\libc_nano.a(libc_a-memmove.o)
 .debug_frame   0x000035a0       0x2c C:/ST/STM32CubeIDE_1.18.0/STM32CubeIDE/plugins/com.st.stm32cube.ide.mcu.externaltools.gnu-tools-for-stm32.13.3.rel1.win32_1.0.0.202411081344/tools/bin/../lib/gcc/arm-none-eabi/13.3.1/../../../../arm-none-eabi/lib/thumb/v6-m/nofp\libc_nano.a(libc_a-sbrkr.o)
 .debug_frame   0x000035cc       0x20 C:/ST/STM32CubeIDE_1.18.0/STM32CubeIDE/plugins/com.st.stm32cube.ide.mcu.externaltools.gnu-tools-for-stm32.13.3.rel1.win32_1.0.0.202411081344/tools/bin/../lib/gcc/arm-none-eabi/13.3.1/../../../../arm-none-eabi/lib/thumb/v6-m/nofp\libc_nano.a(libc_a-memchr-stub.o)
 .debug_frame   0x000035ec       0x28 C:/ST/STM32CubeIDE_1.18.0/STM32CubeIDE/plugins/com.st.stm32cube.ide.mcu.externaltools.gnu-tools-for-stm32.13.3.rel1.win32_1.0.0.202411081344/tools/bin/../lib/gcc/arm-none-eabi/13.3.1/../../../../arm-none-eabi/lib/thumb/v6-m/nofp\libc_nano.a(libc_a-memcpy-stub.o)
 .debug_frame   0x00003614       0x34 C:/ST/STM32CubeIDE_1.18.0/STM32CubeIDE/plugins/com.st.stm32cube.ide.mcu.externaltools.gnu-tools-for-stm32.13.3.rel1.win32_1.0.0.202411081344/tools/bin/../lib/gcc/arm-none-eabi/13.3.1/../../../../arm-none-eabi/lib/thumb/v6-m/nofp\libc_nano.a(libc_a-reallocr.o)
 .debug_frame   0x00003648       0x20 C:/ST/STM32CubeIDE_1.18.0/STM32CubeIDE/plugins/com.st.stm32cube.ide.mcu.externaltools.gnu-tools-for-stm32.13.3.rel1.win32_1.0.0.202411081344/tools/bin/../lib/gcc/arm-none-eabi/13.3.1/../../../../arm-none-eabi/lib/thumb/v6-m/nofp\libc_nano.a(libc_a-msizer.o)
 .debug_frame   0x00003668       0x20 C:/ST/STM32CubeIDE_1.18.0/STM32CubeIDE/plugins/com.st.stm32cube.ide.mcu.externaltools.gnu-tools-for-stm32.13.3.rel1.win32_1.0.0.202411081344/tools/bin/../lib/gcc/arm-none-eabi/13.3.1/thumb/v6-m/nofp\libgcc.a(_udivsi3.o)
 .debug_frame   0x00003688       0x20 C:/ST/STM32CubeIDE_1.18.0/STM32CubeIDE/plugins/com.st.stm32cube.ide.mcu.externaltools.gnu-tools-for-stm32.13.3.rel1.win32_1.0.0.202411081344/tools/bin/../lib/gcc/arm-none-eabi/13.3.1/thumb/v6-m/nofp\libgcc.a(_divsi3.o)
 .debug_frame   0x000036a8       0x3c C:/ST/STM32CubeIDE_1.18.0/STM32CubeIDE/plugins/com.st.stm32cube.ide.mcu.externaltools.gnu-tools-for-stm32.13.3.rel1.win32_1.0.0.202411081344/tools/bin/../lib/gcc/arm-none-eabi/13.3.1/thumb/v6-m/nofp\libgcc.a(_udivmoddi4.o)
