C:/Users/yee-kong.chong/Documents/Development/STM32_ExampleCode/STM32Cube_FW_U0_V1.3.0/Projects/NUCLEO-U031R8/Examples/PWR/PWR_SHUTDOWN_Copy/Src/main.c:75:5:main	1
C:/Users/yee-kong.chong/Documents/Development/STM32_ExampleCode/STM32Cube_FW_U0_V1.3.0/Projects/NUCLEO-U031R8/Examples/PWR/PWR_SHUTDOWN_Copy/Src/main.c:147:6:SystemClock_Config	3
C:/Users/yee-kong.chong/Documents/Development/STM32_ExampleCode/STM32Cube_FW_U0_V1.3.0/Projects/NUCLEO-U031R8/Examples/PWR/PWR_SHUTDOWN_Copy/Src/main.c:194:13:MX_USART2_UART_Init	5
C:/Users/yee-kong.chong/Documents/Development/STM32_ExampleCode/STM32Cube_FW_U0_V1.3.0/Projects/NUCLEO-U031R8/Examples/PWR/PWR_SHUTDOWN_Copy/Src/main.c:242:13:MX_GPIO_Init	1
C:/Users/yee-kong.chong/Documents/Development/STM32_ExampleCode/STM32Cube_FW_U0_V1.3.0/Projects/NUCLEO-U031R8/Examples/PWR/PWR_SHUTDOWN_Copy/Src/main.c:286:13:SYSCLKConfig_STOP	3
C:/Users/yee-kong.chong/Documents/Development/STM32_ExampleCode/STM32Cube_FW_U0_V1.3.0/Projects/NUCLEO-U031R8/Examples/PWR/PWR_SHUTDOWN_Copy/Src/main.c:323:6:HAL_SYSTICK_Callback	2
C:/Users/yee-kong.chong/Documents/Development/STM32_ExampleCode/STM32Cube_FW_U0_V1.3.0/Projects/NUCLEO-U031R8/Examples/PWR/PWR_SHUTDOWN_Copy/Src/main.c:343:6:HAL_GPIO_EXTI_Falling_Callback	2
C:/Users/yee-kong.chong/Documents/Development/STM32_ExampleCode/STM32Cube_FW_U0_V1.3.0/Projects/NUCLEO-U031R8/Examples/PWR/PWR_SHUTDOWN_Copy/Src/main.c:355:6:UART_Printf	1
C:/Users/yee-kong.chong/Documents/Development/STM32_ExampleCode/STM32Cube_FW_U0_V1.3.0/Projects/NUCLEO-U031R8/Examples/PWR/PWR_SHUTDOWN_Copy/Src/main.c:372:6:Error_Handler	1
