C:/Users/yee-kong.chong/STM32Cube/Repository/STM32Cube_FW_U0_V1.3.0/Drivers/STM32U0xx_HAL_Driver/Inc/stm32u0xx_ll_lptim.h:647:22:LL_LPTIM_Enable	16	static
C:/Users/yee-kong.chong/STM32Cube/Repository/STM32Cube_FW_U0_V1.3.0/Drivers/STM32U0xx_HAL_Driver/Inc/stm32u0xx_ll_lptim.h:687:22:LL_LPTIM_StartCounter	16	static
C:/Users/yee-kong.chong/STM32Cube/Repository/STM32Cube_FW_U0_V1.3.0/Drivers/STM32U0xx_HAL_Driver/Inc/stm32u0xx_ll_lptim.h:783:22:LL_LPTIM_SetAutoReload	16	static
C:/Users/yee-kong.chong/STM32Cube/Repository/STM32Cube_FW_U0_V1.3.0/Drivers/STM32U0xx_HAL_Driver/Inc/stm32u0xx_ll_lptim.h:896:22:LL_LPTIM_OC_SetCompareCH1	16	static
C:/Users/yee-kong.chong/STM32Cube/Repository/STM32Cube_FW_U0_V1.3.0/Drivers/STM32U0xx_HAL_Driver/Inc/stm32u0xx_ll_lptim.h:907:26:LL_LPTIM_OC_GetCompareCH1	16	static
C:/Users/yee-kong.chong/STM32Cube/Repository/STM32Cube_FW_U0_V1.3.0/Drivers/STM32U0xx_HAL_Driver/Inc/stm32u0xx_ll_lptim.h:1003:26:LL_LPTIM_GetCounter	16	static
C:/Users/yee-kong.chong/STM32Cube/Repository/STM32Cube_FW_U0_V1.3.0/Drivers/STM32U0xx_HAL_Driver/Inc/stm32u0xx_ll_lptim.h:1749:22:LL_LPTIM_SetEncoderMode	16	static
C:/Users/yee-kong.chong/STM32Cube/Repository/STM32Cube_FW_U0_V1.3.0/Drivers/STM32U0xx_HAL_Driver/Inc/stm32u0xx_ll_lptim.h:1779:22:LL_LPTIM_EnableEncoderMode	16	static
C:/Users/yee-kong.chong/STM32Cube/Repository/STM32Cube_FW_U0_V1.3.0/Drivers/STM32U0xx_HAL_Driver/Inc/stm32u0xx_ll_lptim.h:2541:22:LL_LPTIM_EnableIT_ARRM	16	static
C:/Users/yee-kong.chong/STM32Cube/Repository/STM32Cube_FW_U0_V1.3.0/Drivers/STM32U0xx_HAL_Driver/Inc/stm32u0xx_ll_lptim.h:2772:22:LL_LPTIM_EnableIT_UP	16	static
C:/Users/yee-kong.chong/STM32Cube/Repository/STM32Cube_FW_U0_V1.3.0/Drivers/STM32U0xx_HAL_Driver/Inc/stm32u0xx_ll_lptim.h:2805:22:LL_LPTIM_EnableIT_DOWN	16	static
C:/Users/yee-kong.chong/Documents/Development/STM32_ExampleCode/STM32Cube_FW_U0_V1.3.0/Projects/NUCLEO-U031R8/Examples/PWR/PWR_SHUTDOWN_Copy/Src/main.c:154:5:main	32	static
C:/Users/yee-kong.chong/Documents/Development/STM32_ExampleCode/STM32Cube_FW_U0_V1.3.0/Projects/NUCLEO-U031R8/Examples/PWR/PWR_SHUTDOWN_Copy/Src/main.c:248:6:SystemClock_Config	104	static
C:/Users/yee-kong.chong/Documents/Development/STM32_ExampleCode/STM32Cube_FW_U0_V1.3.0/Projects/NUCLEO-U031R8/Examples/PWR/PWR_SHUTDOWN_Copy/Src/main.c:296:13:MX_LPTIM1_Init	8	static
C:/Users/yee-kong.chong/Documents/Development/STM32_ExampleCode/STM32Cube_FW_U0_V1.3.0/Projects/NUCLEO-U031R8/Examples/PWR/PWR_SHUTDOWN_Copy/Src/main.c:333:13:MX_RTC_Init	8	static
C:/Users/yee-kong.chong/Documents/Development/STM32_ExampleCode/STM32Cube_FW_U0_V1.3.0/Projects/NUCLEO-U031R8/Examples/PWR/PWR_SHUTDOWN_Copy/Src/main.c:371:13:MX_USART2_UART_Init	8	static
C:/Users/yee-kong.chong/Documents/Development/STM32_ExampleCode/STM32Cube_FW_U0_V1.3.0/Projects/NUCLEO-U031R8/Examples/PWR/PWR_SHUTDOWN_Copy/Src/main.c:419:13:MX_GPIO_Init	48	static
C:/Users/yee-kong.chong/Documents/Development/STM32_ExampleCode/STM32Cube_FW_U0_V1.3.0/Projects/NUCLEO-U031R8/Examples/PWR/PWR_SHUTDOWN_Copy/Src/main.c:466:6:TRACSENS_DisplayInfo	16	static
C:/Users/yee-kong.chong/Documents/Development/STM32_ExampleCode/STM32Cube_FW_U0_V1.3.0/Projects/NUCLEO-U031R8/Examples/PWR/PWR_SHUTDOWN_Copy/Src/main.c:499:16:TRACSENS_GetCounter	24	static,ignoring_inline_asm
C:/Users/yee-kong.chong/Documents/Development/STM32_ExampleCode/STM32Cube_FW_U0_V1.3.0/Projects/NUCLEO-U031R8/Examples/PWR/PWR_SHUTDOWN_Copy/Src/main.c:525:6:TRACSENS_CompareCallback	16	static
C:/Users/yee-kong.chong/Documents/Development/STM32_ExampleCode/STM32Cube_FW_U0_V1.3.0/Projects/NUCLEO-U031R8/Examples/PWR/PWR_SHUTDOWN_Copy/Src/main.c:541:6:TRACSENS_CounterChangedToUpCallback	16	static
C:/Users/yee-kong.chong/Documents/Development/STM32_ExampleCode/STM32Cube_FW_U0_V1.3.0/Projects/NUCLEO-U031R8/Examples/PWR/PWR_SHUTDOWN_Copy/Src/main.c:561:6:TRACSENS_CounterChangedToDownCallback	16	static
C:/Users/yee-kong.chong/Documents/Development/STM32_ExampleCode/STM32Cube_FW_U0_V1.3.0/Projects/NUCLEO-U031R8/Examples/PWR/PWR_SHUTDOWN_Copy/Src/main.c:582:6:TRACSENS_AutoReloadMatchCallback	16	static
C:/Users/yee-kong.chong/Documents/Development/STM32_ExampleCode/STM32Cube_FW_U0_V1.3.0/Projects/NUCLEO-U031R8/Examples/PWR/PWR_SHUTDOWN_Copy/Src/main.c:606:6:TRACSENS_StartCounting	8	static
C:/Users/yee-kong.chong/Documents/Development/STM32_ExampleCode/STM32Cube_FW_U0_V1.3.0/Projects/NUCLEO-U031R8/Examples/PWR/PWR_SHUTDOWN_Copy/Src/main.c:648:6:TRACSENS_ChangedToUpErrorHandling	8	static
C:/Users/yee-kong.chong/Documents/Development/STM32_ExampleCode/STM32Cube_FW_U0_V1.3.0/Projects/NUCLEO-U031R8/Examples/PWR/PWR_SHUTDOWN_Copy/Src/main.c:657:6:TRACSENS_ChangedToDownErrorHandling	16	static
C:/Users/yee-kong.chong/Documents/Development/STM32_ExampleCode/STM32Cube_FW_U0_V1.3.0/Projects/NUCLEO-U031R8/Examples/PWR/PWR_SHUTDOWN_Copy/Src/main.c:696:13:TRACSENS_Power	16	static
C:/Users/yee-kong.chong/Documents/Development/STM32_ExampleCode/STM32Cube_FW_U0_V1.3.0/Projects/NUCLEO-U031R8/Examples/PWR/PWR_SHUTDOWN_Copy/Src/main.c:707:13:SYSCLKConfig_STOP	112	static
C:/Users/yee-kong.chong/Documents/Development/STM32_ExampleCode/STM32Cube_FW_U0_V1.3.0/Projects/NUCLEO-U031R8/Examples/PWR/PWR_SHUTDOWN_Copy/Src/main.c:744:6:HAL_SYSTICK_Callback	8	static
C:/Users/yee-kong.chong/Documents/Development/STM32_ExampleCode/STM32Cube_FW_U0_V1.3.0/Projects/NUCLEO-U031R8/Examples/PWR/PWR_SHUTDOWN_Copy/Src/main.c:764:6:HAL_GPIO_EXTI_Falling_Callback	16	static
C:/Users/yee-kong.chong/Documents/Development/STM32_ExampleCode/STM32Cube_FW_U0_V1.3.0/Projects/NUCLEO-U031R8/Examples/PWR/PWR_SHUTDOWN_Copy/Src/main.c:776:6:UART_Printf	280	static
C:/Users/yee-kong.chong/Documents/Development/STM32_ExampleCode/STM32Cube_FW_U0_V1.3.0/Projects/NUCLEO-U031R8/Examples/PWR/PWR_SHUTDOWN_Copy/Src/main.c:793:6:Error_Handler	8	static
