C:/Users/yee-kong.chong/STM32CubeIDE/workspace_U031/PWR_SHUTDOWN_Copy1/Src/main.c:81:5:main	16	static
C:/Users/yee-kong.chong/STM32CubeIDE/workspace_U031/PWR_SHUTDOWN_Copy1/Src/main.c:164:6:SystemClock_Config	104	static
C:/Users/yee-kong.chong/STM32CubeIDE/workspace_U031/PWR_SHUTDOWN_Copy1/Src/main.c:249:13:MX_RTC_Init	8	static
C:/Users/yee-kong.chong/STM32CubeIDE/workspace_U031/PWR_SHUTDOWN_Copy1/Src/main.c:287:13:MX_USART2_UART_Init	8	static
C:/Users/yee-kong.chong/STM32CubeIDE/workspace_U031/PWR_SHUTDOWN_Copy1/Src/main.c:335:13:MX_GPIO_Init	48	static
C:/Users/yee-kong.chong/STM32CubeIDE/workspace_U031/PWR_SHUTDOWN_Copy1/Src/main.c:377:13:SYSCLKConfig_STOP	112	static
C:/Users/yee-kong.chong/STM32CubeIDE/workspace_U031/PWR_SHUTDOWN_Copy1/Src/main.c:412:6:HAL_SYSTICK_Callback	8	static
C:/Users/yee-kong.chong/STM32CubeIDE/workspace_U031/PWR_SHUTDOWN_Copy1/Src/main.c:432:6:HAL_GPIO_EXTI_Falling_Callback	16	static
C:/Users/yee-kong.chong/STM32CubeIDE/workspace_U031/PWR_SHUTDOWN_Copy1/Src/main.c:444:6:UART_Printf	280	static
C:/Users/yee-kong.chong/STM32CubeIDE/workspace_U031/PWR_SHUTDOWN_Copy1/Src/main.c:461:6:Error_Handler	8	static
