C:/Users/yee-kong.chong/STM32Cube/Repository/STM32Cube_FW_U0_V1.3.0/Drivers/STM32U0xx_HAL_Driver/Inc/stm32u0xx_ll_lptim.h:647:22:LL_LPTIM_Enable	16	static
C:/Users/yee-kong.chong/STM32Cube/Repository/STM32Cube_FW_U0_V1.3.0/Drivers/STM32U0xx_HAL_Driver/Inc/stm32u0xx_ll_lptim.h:687:22:LL_LPTIM_StartCounter	16	static
C:/Users/yee-kong.chong/STM32Cube/Repository/STM32Cube_FW_U0_V1.3.0/Drivers/STM32U0xx_HAL_Driver/Inc/stm32u0xx_ll_lptim.h:783:22:LL_LPTIM_SetAutoReload	16	static
C:/Users/yee-kong.chong/STM32Cube/Repository/STM32Cube_FW_U0_V1.3.0/Drivers/STM32U0xx_HAL_Driver/Inc/stm32u0xx_ll_lptim.h:896:22:LL_LPTIM_OC_SetCompareCH1	16	static
C:/Users/yee-kong.chong/STM32Cube/Repository/STM32Cube_FW_U0_V1.3.0/Drivers/STM32U0xx_HAL_Driver/Inc/stm32u0xx_ll_lptim.h:907:26:LL_LPTIM_OC_GetCompareCH1	16	static
C:/Users/yee-kong.chong/STM32Cube/Repository/STM32Cube_FW_U0_V1.3.0/Drivers/STM32U0xx_HAL_Driver/Inc/stm32u0xx_ll_lptim.h:1003:26:LL_LPTIM_GetCounter	16	static
C:/Users/yee-kong.chong/STM32Cube/Repository/STM32Cube_FW_U0_V1.3.0/Drivers/STM32U0xx_HAL_Driver/Inc/stm32u0xx_ll_lptim.h:1749:22:LL_LPTIM_SetEncoderMode	16	static
C:/Users/yee-kong.chong/STM32Cube/Repository/STM32Cube_FW_U0_V1.3.0/Drivers/STM32U0xx_HAL_Driver/Inc/stm32u0xx_ll_lptim.h:1779:22:LL_LPTIM_EnableEncoderMode	16	static
C:/Users/yee-kong.chong/STM32Cube/Repository/STM32Cube_FW_U0_V1.3.0/Drivers/STM32U0xx_HAL_Driver/Inc/stm32u0xx_ll_lptim.h:2191:26:LL_LPTIM_IsActiveFlag_UP	16	static
C:/Users/yee-kong.chong/STM32Cube/Repository/STM32Cube_FW_U0_V1.3.0/Drivers/STM32U0xx_HAL_Driver/Inc/stm32u0xx_ll_lptim.h:2214:26:LL_LPTIM_IsActiveFlag_DOWN	16	static
C:/Users/yee-kong.chong/Documents/Development/STM32_ExampleCode/STM32Cube_FW_U0_V1.3.0/Projects/NUCLEO-U031R8/Examples/PWR/PWR_SHUTDOWN_Copy/Src/main.c:143:5:main	32	static
C:/Users/yee-kong.chong/Documents/Development/STM32_ExampleCode/STM32Cube_FW_U0_V1.3.0/Projects/NUCLEO-U031R8/Examples/PWR/PWR_SHUTDOWN_Copy/Src/main.c:234:6:SystemClock_Config	104	static
C:/Users/yee-kong.chong/Documents/Development/STM32_ExampleCode/STM32Cube_FW_U0_V1.3.0/Projects/NUCLEO-U031R8/Examples/PWR/PWR_SHUTDOWN_Copy/Src/main.c:282:13:MX_LPTIM1_Init	8	static
C:/Users/yee-kong.chong/Documents/Development/STM32_ExampleCode/STM32Cube_FW_U0_V1.3.0/Projects/NUCLEO-U031R8/Examples/PWR/PWR_SHUTDOWN_Copy/Src/main.c:319:13:MX_RTC_Init	8	static
C:/Users/yee-kong.chong/Documents/Development/STM32_ExampleCode/STM32Cube_FW_U0_V1.3.0/Projects/NUCLEO-U031R8/Examples/PWR/PWR_SHUTDOWN_Copy/Src/main.c:357:13:MX_USART2_UART_Init	8	static
C:/Users/yee-kong.chong/Documents/Development/STM32_ExampleCode/STM32Cube_FW_U0_V1.3.0/Projects/NUCLEO-U031R8/Examples/PWR/PWR_SHUTDOWN_Copy/Src/main.c:405:13:MX_GPIO_Init	48	static
C:/Users/yee-kong.chong/Documents/Development/STM32_ExampleCode/STM32Cube_FW_U0_V1.3.0/Projects/NUCLEO-U031R8/Examples/PWR/PWR_SHUTDOWN_Copy/Src/main.c:445:6:TRACSENS_DisplayInfo	32	static
C:/Users/yee-kong.chong/Documents/Development/STM32_ExampleCode/STM32Cube_FW_U0_V1.3.0/Projects/NUCLEO-U031R8/Examples/PWR/PWR_SHUTDOWN_Copy/Src/main.c:458:16:TRACSENS_GetCounter	16	static
C:/Users/yee-kong.chong/Documents/Development/STM32_ExampleCode/STM32Cube_FW_U0_V1.3.0/Projects/NUCLEO-U031R8/Examples/PWR/PWR_SHUTDOWN_Copy/Src/main.c:476:6:TRACSENS_CompareCallback	16	static
C:/Users/yee-kong.chong/Documents/Development/STM32_ExampleCode/STM32Cube_FW_U0_V1.3.0/Projects/NUCLEO-U031R8/Examples/PWR/PWR_SHUTDOWN_Copy/Src/main.c:487:6:TRACSENS_CounterChangedToUpCallback	16	static
C:/Users/yee-kong.chong/Documents/Development/STM32_ExampleCode/STM32Cube_FW_U0_V1.3.0/Projects/NUCLEO-U031R8/Examples/PWR/PWR_SHUTDOWN_Copy/Src/main.c:500:6:TRACSENS_CounterChangedToDownCallback	16	static
C:/Users/yee-kong.chong/Documents/Development/STM32_ExampleCode/STM32Cube_FW_U0_V1.3.0/Projects/NUCLEO-U031R8/Examples/PWR/PWR_SHUTDOWN_Copy/Src/main.c:513:6:TRACSENS_AutoReloadMatchCallback	16	static
C:/Users/yee-kong.chong/Documents/Development/STM32_ExampleCode/STM32Cube_FW_U0_V1.3.0/Projects/NUCLEO-U031R8/Examples/PWR/PWR_SHUTDOWN_Copy/Src/main.c:556:6:TRACSENS_StartCounting	8	static
C:/Users/yee-kong.chong/Documents/Development/STM32_ExampleCode/STM32Cube_FW_U0_V1.3.0/Projects/NUCLEO-U031R8/Examples/PWR/PWR_SHUTDOWN_Copy/Src/main.c:603:6:TRACSENS_ChangedToUpErrorHandling	8	static
C:/Users/yee-kong.chong/Documents/Development/STM32_ExampleCode/STM32Cube_FW_U0_V1.3.0/Projects/NUCLEO-U031R8/Examples/PWR/PWR_SHUTDOWN_Copy/Src/main.c:612:6:TRACSENS_ChangedToDownErrorHandling	16	static
C:/Users/yee-kong.chong/Documents/Development/STM32_ExampleCode/STM32Cube_FW_U0_V1.3.0/Projects/NUCLEO-U031R8/Examples/PWR/PWR_SHUTDOWN_Copy/Src/main.c:653:13:TRACSENS_Power	16	static
C:/Users/yee-kong.chong/Documents/Development/STM32_ExampleCode/STM32Cube_FW_U0_V1.3.0/Projects/NUCLEO-U031R8/Examples/PWR/PWR_SHUTDOWN_Copy/Src/main.c:664:13:SYSCLKConfig_STOP	112	static
C:/Users/yee-kong.chong/Documents/Development/STM32_ExampleCode/STM32Cube_FW_U0_V1.3.0/Projects/NUCLEO-U031R8/Examples/PWR/PWR_SHUTDOWN_Copy/Src/main.c:701:6:HAL_SYSTICK_Callback	8	static
C:/Users/yee-kong.chong/Documents/Development/STM32_ExampleCode/STM32Cube_FW_U0_V1.3.0/Projects/NUCLEO-U031R8/Examples/PWR/PWR_SHUTDOWN_Copy/Src/main.c:721:6:HAL_GPIO_EXTI_Falling_Callback	16	static
C:/Users/yee-kong.chong/Documents/Development/STM32_ExampleCode/STM32Cube_FW_U0_V1.3.0/Projects/NUCLEO-U031R8/Examples/PWR/PWR_SHUTDOWN_Copy/Src/main.c:733:6:UART_Printf	280	static
C:/Users/yee-kong.chong/Documents/Development/STM32_ExampleCode/STM32Cube_FW_U0_V1.3.0/Projects/NUCLEO-U031R8/Examples/PWR/PWR_SHUTDOWN_Copy/Src/main.c:750:6:Error_Handler	8	static
