C:/Users/yee-kong.chong/Documents/Development/STM32_ExampleCode/STM32Cube_FW_U0_V1.3.0/Drivers/BSP/STM32U0xx_Nucleo/stm32u0xx_nucleo.c:121:9:BSP_GetVersion	8	static
C:/Users/yee-kong.chong/Documents/Development/STM32_ExampleCode/STM32Cube_FW_U0_V1.3.0/Drivers/BSP/STM32U0xx_Nucleo/stm32u0xx_nucleo.c:130:16:BSP_GetBoardName	8	static
C:/Users/yee-kong.chong/Documents/Development/STM32_ExampleCode/STM32Cube_FW_U0_V1.3.0/Drivers/BSP/STM32U0xx_Nucleo/stm32u0xx_nucleo.c:139:16:BSP_GetBoardID	8	static
C:/Users/yee-kong.chong/Documents/Development/STM32_ExampleCode/STM32Cube_FW_U0_V1.3.0/Drivers/BSP/STM32U0xx_Nucleo/stm32u0xx_nucleo.c:151:9:BSP_LED_Init	48	static
C:/Users/yee-kong.chong/Documents/Development/STM32_ExampleCode/STM32Cube_FW_U0_V1.3.0/Drivers/BSP/STM32U0xx_Nucleo/stm32u0xx_nucleo.c:182:9:BSP_LED_DeInit	40	static
C:/Users/yee-kong.chong/Documents/Development/STM32_ExampleCode/STM32Cube_FW_U0_V1.3.0/Drivers/BSP/STM32U0xx_Nucleo/stm32u0xx_nucleo.c:210:9:BSP_LED_On	24	static
C:/Users/yee-kong.chong/Documents/Development/STM32_ExampleCode/STM32Cube_FW_U0_V1.3.0/Drivers/BSP/STM32U0xx_Nucleo/stm32u0xx_nucleo.c:233:9:BSP_LED_Off	24	static
C:/Users/yee-kong.chong/Documents/Development/STM32_ExampleCode/STM32Cube_FW_U0_V1.3.0/Drivers/BSP/STM32U0xx_Nucleo/stm32u0xx_nucleo.c:256:9:BSP_LED_Toggle	24	static
C:/Users/yee-kong.chong/Documents/Development/STM32_ExampleCode/STM32Cube_FW_U0_V1.3.0/Drivers/BSP/STM32U0xx_Nucleo/stm32u0xx_nucleo.c:279:9:BSP_LED_GetState	24	static
C:/Users/yee-kong.chong/Documents/Development/STM32_ExampleCode/STM32Cube_FW_U0_V1.3.0/Drivers/BSP/STM32U0xx_Nucleo/stm32u0xx_nucleo.c:306:9:BSP_PB_Init	40	static
C:/Users/yee-kong.chong/Documents/Development/STM32_ExampleCode/STM32Cube_FW_U0_V1.3.0/Drivers/BSP/STM32U0xx_Nucleo/stm32u0xx_nucleo.c:351:9:BSP_PB_DeInit	48	static
C:/Users/yee-kong.chong/Documents/Development/STM32_ExampleCode/STM32Cube_FW_U0_V1.3.0/Drivers/BSP/STM32U0xx_Nucleo/stm32u0xx_nucleo.c:369:9:BSP_PB_GetState	16	static
C:/Users/yee-kong.chong/Documents/Development/STM32_ExampleCode/STM32Cube_FW_U0_V1.3.0/Drivers/BSP/STM32U0xx_Nucleo/stm32u0xx_nucleo.c:379:6:BSP_PB_IRQHandler	16	static
C:/Users/yee-kong.chong/Documents/Development/STM32_ExampleCode/STM32Cube_FW_U0_V1.3.0/Drivers/BSP/STM32U0xx_Nucleo/stm32u0xx_nucleo.c:389:13:BSP_PB_Callback	16	static
C:/Users/yee-kong.chong/Documents/Development/STM32_ExampleCode/STM32Cube_FW_U0_V1.3.0/Drivers/BSP/STM32U0xx_Nucleo/stm32u0xx_nucleo.c:622:13:BUTTON_USER_EXTI_Callback	8	static
